10-18 18:53:04.019   687  6428 D FileSystemUtils: Punching holes for length:33248 content which should be zero: 0000000000000000000000000000000000000000000000000000000000000000000000000000000000000000000000000000000000000000000000000000000000000000000000000000000000000000000000000000000000000000000000000000000000000000000000000000000000000000000000000000000000000000000000000000000000000000000000000000000000000000000000000000000000000000000000000000000000000000000000000000000000000000000000000000000000000000000000000000000000000000000000000000000000000000000000000000000000000000000000000000000000000000000000000000000000000000000000000000000000000000000000000000000000000000000000000000000000000000000000000000000000000000000000000000000000000000000000000000000000000000000000000000000000000000000000000000000000000000000000000000000000000000000000000000000000000000000000000000000000000000000000000000000000000000000000000000000000000000000000000000000000000000000000000000000000000000000000000000000000000000000000000000000000000000000000000000000000000000000000000
10-18 18:53:04.019   687  6428 D FileSystemUtils: Punching hole in file - start: 10223616 len:32768
10-18 18:53:04.019   687  6428 D FileSystemUtils: Size after punching holes st_blocks: 115440, st_blksize: 4096, st_size: 59185068
10-18 18:53:04.019   687  6428 D FileSystemUtils: Extra field length: 4599,  Size before punching holes st_blocks: 115440, st_blksize: 4096, st_size: 59185068
10-18 18:53:04.019   687  6428 D FileSystemUtils: Extra field length: 4599 content near offset: 00000000000000000000000000000000000000000000000000000000000000000000000000000000000000000000000000000000000000000000000000000000000000000000000000000000000000000000000000000000000000000000000000000000000000000000000000000000000000000000000000000000000000000000000000000000000000000000000000000000000000000000000000000000000000000000000000000000000000000000000000000000000000000000000000000000000000000000000000000000000000000000000000000000000000000000000000000000000000000000000000000000000000000000000000000000000000000000000000000000000000000000000000000000000000000000000000000000000000000000000000000000000000000000000000000000000000000000000000000000000000000000000000000000000000000000000000000000000000000000000000000000000000000000000000000000000000000000000000000000000000000000000000000000000000000000000000000000000000000000000000000000000000000000000000000000000000000000000000000000000000000000000000000000000000000000000000000000000000000000000000000000000000000
10-18 18:53:04.019   687  6428 D FileSystemUtils: Punching hole in file - start: 2781184 len:4096
10-18 18:53:04.020   687  6428 D FileSystemUtils: punchHolesInApk:: Size after punching holes st_blocks: 115440, st_blksize: 4096, st_size: 59185068
10-18 18:53:04.021   687  6428 D FileSystemUtils: Total number of LOAD segments 3
10-18 18:53:04.021   687  6428 D FileSystemUtils: Size before punching holes st_blocks: 115440, st_blksize: 4096, st_size: 59185068
10-18 18:53:04.021   687  6428 D FileSystemUtils: Size after punching holes st_blocks: 115440, st_blksize: 4096, st_size: 59185068
10-18 18:53:04.021   687  6428 D FileSystemUtils: Extra field length: 15366,  Size before punching holes st_blocks: 115440, st_blksize: 4096, st_size: 59185068
10-18 18:53:04.021   687  6428 D FileSystemUtils: Extra field length: 15366 content near offset: 0000000000000000000000000000000000000000000000000000000000000000000000000000000000000000000000000000000000000000000000000000000000000000000000000000000000000000000000000000000000000000000000000000000000000000000000000000000000000000000000000000000000000000000000000000000000000000000000000000000000000000000000000000000000000000000000000000000000000000000000000000000000000000000000000000000000000000000000000000000000000000000000000000000000000000000000000000000000000000000000000000000000000000000000000000000000000000000000000000000000000000000000000000000000000000000000000000000000000000000000000000000000000000000000000000000000000000000000000000000000000000000000000000000000000000000000000000000000000000000000000000000000000000000000000000000000000000000000000000000000000000000000000000000000000000000000000000000000000000000000000000000000000000000000000000000000000000000000000000000000000000000000000000000000000000000000000000000000000000000000000000000000000000
10-18 18:53:04.021   687  6428 D FileSystemUtils: Punching hole in file - start: 10260480 len:12288
10-18 18:53:04.021   687  6428 D FileSystemUtils: punchHolesInApk:: Size after punching holes st_blocks: 115416, st_blksize: 4096, st_size: 59185068
10-18 18:53:04.021   687  6428 D FileSystemUtils: Total number of LOAD segments 4
10-18 18:53:04.021   687  6428 D FileSystemUtils: Size before punching holes st_blocks: 115416, st_blksize: 4096, st_size: 59185068
10-18 18:53:04.021   687  6428 D FileSystemUtils: Size after punching holes st_blocks: 115416, st_blksize: 4096, st_size: 59185068
10-18 18:53:04.021   687  6428 D FileSystemUtils: Extra field length: 9215,  Size before punching holes st_blocks: 115416, st_blksize: 4096, st_size: 59185068
10-18 18:53:04.021   687  6428 D FileSystemUtils: Extra field length: 9215 content near offset: 00000000000000000000000000000000000000000000000000000000000000000000000000000000000000000000000000000000000000000000000000000000000000000000000000000000000000000000000000000000000000000000000000000000000000000000000000000000000000000000000000000000000000000000000000000000000000000000000000000000000000000000000000000000000000000000000000000000000000000000000000000000000000000000000000000000000000000000000000000000000000000000000000000000000000000000000000000000000000000000000000000000000000000000000000000000000000000000000000000000000000000000000000000000000000000000000000000000000000000000000000000000000000000000000000000000000000000000000000000000000000000000000000000000000000000000000000000000000000000000000000000000000000000000000000000000000000000000000000000000000000000000000000000000000000000000000000000000000000000000000000000000000000000000000000000000000000000000000000000000000000000000000000000000000000000000000000000000000000000000000000000000000000000
10-18 18:53:04.021   687  6428 D FileSystemUtils: Punching hole in file - start: 10280960 len:8192
10-18 18:53:04.021   687  6428 D FileSystemUtils: punchHolesInApk:: Size after punching holes st_blocks: 115400, st_blksize: 4096, st_size: 59185068
10-18 18:53:04.033   687   748 V Configuration: Updating configuration, locales updated from [] to [en_US]
10-18 18:53:04.040   687   748 W PackageManager: Existing package com.biohackerjoe.learninghub signatures do not match newer version; ignoring!
10-18 18:53:04.042   687   748 D PackageInstallerSession: Marking session 842171997 as failed: INSTALL_FAILED_UPDATE_INCOMPATIBLE: Existing package com.biohackerjoe.learninghub signatures do not match newer version; ignoring!
10-18 18:53:04.043   687   748 I PackageInstallerSession: Session [842171997] was destroyed because of [Session marked as failed: INSTALL_FAILED_UPDATE_INCOMPATIBLE: Existing package com.biohackerjoe.learninghub signatures do not match newer version; ignoring!]
10-18 18:53:04.044   687   687 W binder:687_1C: type=1400 audit(0.0:28): avc:  denied  { getopt } for  scontext=u:r:system_server:s0 tcontext=u:r:shell:s0 tclass=unix_stream_socket permissive=0
10-18 18:53:04.044   687   687 W binder:687_1C: type=1400 audit(0.0:29): avc:  denied  { getopt } for  scontext=u:r:system_server:s0 tcontext=u:r:shell:s0 tclass=unix_stream_socket permissive=0
10-18 18:53:04.044   687   687 W binder:687_1C: type=1400 audit(0.0:30): avc:  denied  { getopt } for  scontext=u:r:system_server:s0 tcontext=u:r:shell:s0 tclass=unix_stream_socket permissive=0
10-18 18:53:04.048   687   770 W libbinder.IPCThreadState: Sending oneway calls to frozen process.
10-18 18:53:04.141  1092  1199 D SatelliteController: iisInCarrierRoamingNbIotNtn: satellite is disabled
10-18 18:53:04.142  1092  1199 D SatelliteController: getCarrierRoamingNtnConnectType: Falling back to global carrier config connect type: 0
10-18 18:53:05.422   687   787 W JobScheduler.JobStatus: Exempted app com.google.android.as considered buggy
10-18 18:53:05.423   687   787 W JobScheduler.JobStatus: Exempted app com.google.android.as considered buggy
10-18 18:53:06.360   687   793 D ActivityManager: freezing 6244 com.android.keychain
10-18 18:53:06.366   687   793 D ActivityManager: freezing 1278 com.android.settings
10-18 18:53:06.372   687   793 D ActivityManager: freezing 2812 com.android.dynsystem:dynsystem
10-18 18:53:06.376   687   793 D ActivityManager: freezing 2784 com.android.dynsystem
10-18 18:53:08.064   687  2506 D TelephonyManager: requestModemActivityInfo: Sending result to app: ModemActivityInfo{ mTimestamp=13390597 mSleepTimeMs=2310 mIdleTimeMs=770 mActivityStatsTechSpecificInfo=[{mRat=UNKNOWN,mFrequencyRange=UNKNOWN,mTxTimeMs[]=[55, 165, 330, 440, 495],mRxTimeMs=495}]}
10-18 18:53:08.989   687   793 D ActivityManager: freezing 4911 com.google.android.apps.wellbeing
10-18 18:53:09.763  1403  1921 I bcoe    : (REDACTED) getHotwordActive::active query: %s, watch: %s, devices connected: %s
10-18 18:53:14.149  1092  1199 D SatelliteController: iisInCarrierRoamingNbIotNtn: satellite is disabled
10-18 18:53:14.151  1092  1199 D SatelliteController: getCarrierRoamingNtnConnectType: Falling back to global carrier config connect type: 0
10-18 18:53:24.152  1092  1199 D SatelliteController: iisInCarrierRoamingNbIotNtn: satellite is disabled
10-18 18:53:24.167  1092  1199 D SatelliteController: getCarrierRoamingNtnConnectType: Falling back to global carrier config connect type: 0
10-18 18:53:26.362   687   730 E BluetoothPowerStatsCollector: Cannot acquire BluetoothActivityEnergyInfo
10-18 18:53:26.362   687   730 E BluetoothPowerStatsCollector: java.util.concurrent.ExecutionException: java.lang.RuntimeException: error: 9
10-18 18:53:26.362   687   730 E BluetoothPowerStatsCollector: 	at java.util.concurrent.CompletableFuture.reportGet(CompletableFuture.java:372)
10-18 18:53:26.362   687   730 E BluetoothPowerStatsCollector: 	at java.util.concurrent.CompletableFuture.get(CompletableFuture.java:2072)
10-18 18:53:26.362   687   730 E BluetoothPowerStatsCollector: 	at com.android.server.power.stats.BluetoothPowerStatsCollector.collectBluetoothActivityInfo(BluetoothPowerStatsCollector.java:191)
10-18 18:53:26.362   687   730 E BluetoothPowerStatsCollector: 	at com.android.server.power.stats.BluetoothPowerStatsCollector.collectStats(BluetoothPowerStatsCollector.java:155)
10-18 18:53:26.362   687   730 E BluetoothPowerStatsCollector: 	at com.android.server.power.stats.PowerStatsCollector.collectAndDeliverStats(PowerStatsCollector.java:196)
10-18 18:53:26.362   687   730 E BluetoothPowerStatsCollector: 	at com.android.server.power.stats.PowerStatsCollector.lambda$schedule$0(PowerStatsCollector.java:166)
10-18 18:53:26.362   687   730 E BluetoothPowerStatsCollector: 	at com.android.server.power.stats.PowerStatsCollector.$r8$lambda$G7G_yFY7rV7oxQbQHnZ5FHX8eBk(PowerStatsCollector.java:0)
10-18 18:53:26.362   687   730 E BluetoothPowerStatsCollector: 	at com.android.server.power.stats.PowerStatsCollector$$ExternalSyntheticLambda1.run(R8$$SyntheticClass:0)
10-18 18:53:26.362   687   730 E BluetoothPowerStatsCollector: 	at android.os.Handler.handleCallback(Handler.java:1070)
10-18 18:53:26.362   687   730 E BluetoothPowerStatsCollector: 	at android.os.Handler.dispatchMessage(Handler.java:125)
10-18 18:53:26.362   687   730 E BluetoothPowerStatsCollector: 	at android.os.Looper.dispatchMessage(Looper.java:333)
10-18 18:53:26.362   687   730 E BluetoothPowerStatsCollector: 	at android.os.Looper.loopOnce(Looper.java:263)
10-18 18:53:26.362   687   730 E BluetoothPowerStatsCollector: 	at android.os.Looper.loop(Looper.java:367)
10-18 18:53:26.362   687   730 E BluetoothPowerStatsCollector: 	at android.os.HandlerThread.run(HandlerThread.java:139)
10-18 18:53:26.362   687   730 E BluetoothPowerStatsCollector: Caused by: java.lang.RuntimeException: error: 9
10-18 18:53:26.362   687   730 E BluetoothPowerStatsCollector: 	at com.android.server.power.stats.BluetoothPowerStatsCollector$1.onBluetoothActivityEnergyInfoError(BluetoothPowerStatsCollector.java:180)
10-18 18:53:26.362   687   730 E BluetoothPowerStatsCollector: 	at android.bluetooth.BluetoothAdapter.lambda$requestControllerActivityEnergyInfo$27(BluetoothAdapter.java:2500)
10-18 18:53:26.362   687   730 E BluetoothPowerStatsCollector: 	at android.bluetooth.BluetoothAdapter$$ExternalSyntheticLambda26.run(D8$$SyntheticClass:0)
10-18 18:53:26.362   687   730 E BluetoothPowerStatsCollector: 	at com.android.server.SystemServerInitThreadPool$$ExternalSyntheticLambda0.execute(R8$$SyntheticClass:0)
10-18 18:53:26.362   687   730 E BluetoothPowerStatsCollector: 	at android.bluetooth.BluetoothAdapter.requestControllerActivityEnergyInfo(BluetoothAdapter.java:2498)
10-18 18:53:26.362   687   730 E BluetoothPowerStatsCollector: 	at com.android.server.power.stats.BatteryStatsImpl$BluetoothStatsRetrieverImpl.requestControllerActivityEnergyInfo(BatteryStatsImpl.java:471)
10-18 18:53:26.362   687   730 E BluetoothPowerStatsCollector: 	at com.android.server.power.stats.BluetoothPowerStatsCollector.collectBluetoothActivityInfo(BluetoothPowerStatsCollector.java:169)
10-18 18:53:26.362   687   730 E BluetoothPowerStatsCollector: 	... 11 more
10-18 18:53:29.634   687  3372 I AppSearchIcing: icing-search-engine.cc:2327: Persisting data to disk with mode 3
10-18 18:53:29.658   687  3372 I AppSearchIcing: icing-search-engine.cc:2340: PersistToDisk completed.
10-18 18:53:34.154  1092  1199 D SatelliteController: iisInCarrierRoamingNbIotNtn: satellite is disabled
10-18 18:53:34.161  1092  1199 D SatelliteController: getCarrierRoamingNtnConnectType: Falling back to global carrier config connect type: 0
10-18 18:53:34.283   687   851 D InetDiagMessage: Destroyed 0 sockets, proto=IPPROTO_TCP, family=AF_INET, states=14
10-18 18:53:34.286   687   851 D InetDiagMessage: Destroyed 0 sockets, proto=IPPROTO_TCP, family=AF_INET6, states=14
10-18 18:53:34.286   687   851 D InetDiagMessage: Destroyed live tcp sockets for uids={10150} in 3ms
10-18 18:53:35.827  6216  6216 I abb     : StartCommandInProcess(73657474696e67730067657400676c6f settings.get.glo [truncated])
10-18 18:53:35.832   687   687 W binder:687_1F: type=1400 audit(0.0:31): avc:  denied  { getopt } for  scontext=u:r:system_server:s0 tcontext=u:r:shell:s0 tclass=unix_stream_socket permissive=0
10-18 18:53:35.836   687   687 W binder:687_1F: type=1400 audit(0.0:32): avc:  denied  { getopt } for  scontext=u:r:system_server:s0 tcontext=u:r:shell:s0 tclass=unix_stream_socket permissive=0
10-18 18:53:35.836   687   687 W binder:687_1F: type=1400 audit(0.0:33): avc:  denied  { getopt } for  scontext=u:r:system_server:s0 tcontext=u:r:shell:s0 tclass=unix_stream_socket permissive=0
10-18 18:53:35.851  6216  6216 I abb     : StartCommandInProcess(7061636b61676500696e7374616c6c00 package.install. [truncated])
10-18 18:53:35.866   687   770 W libbinder.IPCThreadState: Sending oneway calls to frozen process.
10-18 18:53:35.869   687   770 W libbinder.IPCThreadState: Sending oneway calls to frozen process.
10-18 18:53:35.882   687   770 W libbinder.IPCThreadState: Sending oneway calls to frozen process.
10-18 18:53:35.889   687   770 W libbinder.IPCThreadState: Sending oneway calls to frozen process.
10-18 18:53:35.896   687   770 W libbinder.IPCThreadState: Sending oneway calls to frozen process.
10-18 18:53:35.898   687   770 W libbinder.IPCThreadState: Sending oneway calls to frozen process.
10-18 18:53:35.901   687   770 W libbinder.IPCThreadState: Sending oneway calls to frozen process.
10-18 18:53:35.906   687   770 W libbinder.IPCThreadState: Sending oneway calls to frozen process.
10-18 18:53:35.910   687   770 W libbinder.IPCThreadState: Sending oneway calls to frozen process.
10-18 18:53:35.912   687   770 W libbinder.IPCThreadState: Sending oneway calls to frozen process.
10-18 18:53:35.918   687   770 W libbinder.IPCThreadState: Sending oneway calls to frozen process.
10-18 18:53:35.922   687   770 W libbinder.IPCThreadState: Sending oneway calls to frozen process.
10-18 18:53:35.924   687   770 W libbinder.IPCThreadState: Sending oneway calls to frozen process.
10-18 18:53:35.927   687   770 W libbinder.IPCThreadState: Sending oneway calls to frozen process.
10-18 18:53:35.929   687   770 W libbinder.IPCThreadState: Sending oneway calls to frozen process.
10-18 18:53:35.933   687   770 W libbinder.IPCThreadState: Sending oneway calls to frozen process.
10-18 18:53:35.937   687   770 W libbinder.IPCThreadState: Sending oneway calls to frozen process.
10-18 18:53:35.940   687   770 W libbinder.IPCThreadState: Sending oneway calls to frozen process.
10-18 18:53:35.946   687   770 W libbinder.IPCThreadState: Sending oneway calls to frozen process.
10-18 18:53:35.951   687   770 W libbinder.IPCThreadState: Sending oneway calls to frozen process.
10-18 18:53:35.956   687   770 W libbinder.IPCThreadState: Sending oneway calls to frozen process.
10-18 18:53:35.960   687   770 W libbinder.IPCThreadState: Sending oneway calls to frozen process.
10-18 18:53:35.963   687   770 W libbinder.IPCThreadState: Sending oneway calls to frozen process.
10-18 18:53:35.965   687   770 W libbinder.IPCThreadState: Sending oneway calls to frozen process.
10-18 18:53:35.968   687   770 W libbinder.IPCThreadState: Sending oneway calls to frozen process.
10-18 18:53:35.973   687   770 W libbinder.IPCThreadState: Sending oneway calls to frozen process.
10-18 18:53:35.975   687   770 W libbinder.IPCThreadState: Sending oneway calls to frozen process.
10-18 18:53:35.976   687   770 W libbinder.IPCThreadState: Sending oneway calls to frozen process.
10-18 18:53:35.980   687   770 W libbinder.IPCThreadState: Sending oneway calls to frozen process.
10-18 18:53:35.983   687   770 W libbinder.IPCThreadState: Sending oneway calls to frozen process.
10-18 18:53:35.986   687   770 W libbinder.IPCThreadState: Sending oneway calls to frozen process.
10-18 18:53:35.990   687   770 W libbinder.IPCThreadState: Sending oneway calls to frozen process.
10-18 18:53:35.992   687   770 W libbinder.IPCThreadState: Sending oneway calls to frozen process.
10-18 18:53:35.993   687   770 W libbinder.IPCThreadState: Sending oneway calls to frozen process.
10-18 18:53:36.001   687   770 W libbinder.IPCThreadState: Sending oneway calls to frozen process.
10-18 18:53:36.001   687   770 W libbinder.IPCThreadState: Sending oneway calls to frozen process.
10-18 18:53:36.003   687   770 W libbinder.IPCThreadState: Sending oneway calls to frozen process.
10-18 18:53:36.003   687   770 W libbinder.IPCThreadState: Sending oneway calls to frozen process.
10-18 18:53:36.007   687   770 W libbinder.IPCThreadState: Sending oneway calls to frozen process.
10-18 18:53:36.009   687   770 W libbinder.IPCThreadState: Sending oneway calls to frozen process.
10-18 18:53:36.015   687   770 W libbinder.IPCThreadState: Sending oneway calls to frozen process.
10-18 18:53:36.015   687   770 W libbinder.IPCThreadState: Sending oneway calls to frozen process.
10-18 18:53:36.017   687   770 W libbinder.IPCThreadState: Sending oneway calls to frozen process.
10-18 18:53:36.025   687   770 W libbinder.IPCThreadState: Sending oneway calls to frozen process.
10-18 18:53:36.026   687   770 W libbinder.IPCThreadState: Sending oneway calls to frozen process.
10-18 18:53:36.033   687   770 W libbinder.IPCThreadState: Sending oneway calls to frozen process.
10-18 18:53:36.034   687   770 W libbinder.IPCThreadState: Sending oneway calls to frozen process.
10-18 18:53:36.041   687   770 W libbinder.IPCThreadState: Sending oneway calls to frozen process.
10-18 18:53:36.042   687   770 W libbinder.IPCThreadState: Sending oneway calls to frozen process.
10-18 18:53:36.045   687   770 W libbinder.IPCThreadState: Sending oneway calls to frozen process.
10-18 18:53:36.049   687   770 W libbinder.IPCThreadState: Sending oneway calls to frozen process.
10-18 18:53:36.050   687   770 W libbinder.IPCThreadState: Sending oneway calls to frozen process.
10-18 18:53:36.061   687   770 W libbinder.IPCThreadState: Sending oneway calls to frozen process.
10-18 18:53:36.064   687   770 W libbinder.IPCThreadState: Sending oneway calls to frozen process.
10-18 18:53:36.066   687   770 W libbinder.IPCThreadState: Sending oneway calls to frozen process.
10-18 18:53:36.068   687   770 W libbinder.IPCThreadState: Sending oneway calls to frozen process.
10-18 18:53:36.074   687   770 W libbinder.IPCThreadState: Sending oneway calls to frozen process.
10-18 18:53:36.077   687   770 W libbinder.IPCThreadState: Sending oneway calls to frozen process.
10-18 18:53:36.079   687   770 W libbinder.IPCThreadState: Sending oneway calls to frozen process.
10-18 18:53:36.082   687   770 W libbinder.IPCThreadState: Sending oneway calls to frozen process.
10-18 18:53:36.087   687   770 W libbinder.IPCThreadState: Sending oneway calls to frozen process.
10-18 18:53:36.089   687   770 W libbinder.IPCThreadState: Sending oneway calls to frozen process.
10-18 18:53:36.093   687   770 W libbinder.IPCThreadState: Sending oneway calls to frozen process.
10-18 18:53:36.097   687   770 W libbinder.IPCThreadState: Sending oneway calls to frozen process.
10-18 18:53:36.100   687   770 W libbinder.IPCThreadState: Sending oneway calls to frozen process.
10-18 18:53:36.109   687   770 W libbinder.IPCThreadState: Sending oneway calls to frozen process.
10-18 18:53:36.113   687   770 W libbinder.IPCThreadState: Sending oneway calls to frozen process.
10-18 18:53:36.113   687   770 W libbinder.IPCThreadState: Sending oneway calls to frozen process.
10-18 18:53:36.115   687   770 W libbinder.IPCThreadState: Sending oneway calls to frozen process.
10-18 18:53:36.118   687   770 W libbinder.IPCThreadState: Sending oneway calls to frozen process.
10-18 18:53:36.120   687   770 W libbinder.IPCThreadState: Sending oneway calls to frozen process.
10-18 18:53:36.121   687   770 W libbinder.IPCThreadState: Sending oneway calls to frozen process.
10-18 18:53:36.124   687   770 W libbinder.IPCThreadState: Sending oneway calls to frozen process.
10-18 18:53:36.124   687   687 W binder:687_1F: type=1400 audit(0.0:34): avc:  denied  { getopt } for  scontext=u:r:system_server:s0 tcontext=u:r:shell:s0 tclass=unix_stream_socket permissive=0
10-18 18:53:36.126   687   770 W libbinder.IPCThreadState: Sending oneway calls to frozen process.
10-18 18:53:36.127   687   770 W libbinder.IPCThreadState: Sending oneway calls to frozen process.
10-18 18:53:36.132   687  4088 E SystemServiceRegistry: No service published for: persistent_data_block
10-18 18:53:36.132   687  4088 E SystemServiceRegistry: android.os.ServiceManager$ServiceNotFoundException: No service published for: persistent_data_block
10-18 18:53:36.132   687  4088 E SystemServiceRegistry: 	at android.os.ServiceManager.getServiceOrThrow(ServiceManager.java:203)
10-18 18:53:36.132   687  4088 E SystemServiceRegistry: 	at android.app.SystemServiceRegistry$86.createService(SystemServiceRegistry.java:1199)
10-18 18:53:36.132   687  4088 E SystemServiceRegistry: 	at android.app.SystemServiceRegistry$86.createService(SystemServiceRegistry.java:1196)
10-18 18:53:36.132   687  4088 E SystemServiceRegistry: 	at android.app.SystemServiceRegistry$StaticServiceFetcher.getService(SystemServiceRegistry.java:2593)
10-18 18:53:36.132   687  4088 E SystemServiceRegistry: 	at android.app.SystemServiceRegistry.getSystemService(SystemServiceRegistry.java:2046)
10-18 18:53:36.132   687  4088 E SystemServiceRegistry: 	at android.app.ContextImpl.getSystemService(ContextImpl.java:2434)
10-18 18:53:36.132   687  4088 E SystemServiceRegistry: 	at android.content.Context.getSystemService(Context.java:4896)
10-18 18:53:36.132   687  4088 E SystemServiceRegistry: 	at com.android.server.pm.PackageInstallerSession.markAsSealed(PackageInstallerSession.java:2581)
10-18 18:53:36.132   687  4088 E SystemServiceRegistry: 	at com.android.server.pm.PackageInstallerSession.commit(PackageInstallerSession.java:2331)
10-18 18:53:36.132   687  4088 E SystemServiceRegistry: 	at android.content.pm.PackageInstaller$Session.commit(PackageInstaller.java:2343)
10-18 18:53:36.132   687  4088 E SystemServiceRegistry: 	at com.android.server.pm.PackageManagerShellCommand.doCommitSession(PackageManagerShellCommand.java:4327)
10-18 18:53:36.132   687  4088 E SystemServiceRegistry: 	at com.android.server.pm.PackageManagerShellCommand.doRunInstall(PackageManagerShellCommand.java:1647)
10-18 18:53:36.132   687  4088 E SystemServiceRegistry: 	at com.android.server.pm.PackageManagerShellCommand.runInstall(PackageManagerShellCommand.java:1568)
10-18 18:53:36.132   687  4088 E SystemServiceRegistry: 	at com.android.server.pm.PackageManagerShellCommand.onCommand(PackageManagerShellCommand.java:246)
10-18 18:53:36.132   687  4088 E SystemServiceRegistry: 	at com.android.modules.utils.BasicShellCommandHandler.exec(BasicShellCommandHandler.java:97)
10-18 18:53:36.132   687  4088 E SystemServiceRegistry: 	at android.os.ShellCommand.exec(ShellCommand.java:38)
10-18 18:53:36.132   687  4088 E SystemServiceRegistry: 	at com.android.server.pm.PackageManagerService$IPackageManagerImpl.onShellCommand(PackageManagerService.java:6722)
10-18 18:53:36.132   687  4088 E SystemServiceRegistry: 	at android.os.Binder.shellCommand(Binder.java:1183)
10-18 18:53:36.132   687  4088 E SystemServiceRegistry: 	at android.os.Binder.onTransact(Binder.java:961)
10-18 18:53:36.132   687  4088 E SystemServiceRegistry: 	at android.content.pm.IPackageManager$Stub.onTransact(IPackageManager.java:4666)
10-18 18:53:36.132   687  4088 E SystemServiceRegistry: 	at com.android.server.pm.PackageManagerService$IPackageManagerImpl.onTransact(PackageManagerService.java:6706)
10-18 18:53:36.132   687  4088 E SystemServiceRegistry: 	at android.os.Binder.execTransactInternal(Binder.java:1478)
10-18 18:53:36.132   687  4088 E SystemServiceRegistry: 	at android.os.Binder.execTransact(Binder.java:1418)
10-18 18:53:36.134   687  4088 E SystemServiceRegistry: Manager wrapper not available: persistent_data_block
10-18 18:53:36.175   687   770 W libbinder.IPCThreadState: Sending oneway calls to frozen process.
10-18 18:53:36.177   687   770 W libbinder.IPCThreadState: Sending oneway calls to frozen process.
10-18 18:53:36.179   687  6433 W NativeHelper: Failure copying native libraries [errorCode=-113]
10-18 18:53:36.180   687  6433 D PackageInstallerSession: Marking session 90405694 as failed: INSTALL_FAILED_NO_MATCHING_ABIS: Failed to extract native libraries, res=-113
10-18 18:53:36.181   687  6433 I PackageInstallerSession: Session [90405694] was destroyed because of [Session marked as failed: INSTALL_FAILED_NO_MATCHING_ABIS: Failed to extract native libraries, res=-113]
10-18 18:53:36.186   687  6433 E PackageInstallerSession: Failed to verify session 90405694
10-18 18:53:36.184   687   687 W binder:687_1F: type=1400 audit(0.0:35): avc:  denied  { getopt } for  scontext=u:r:system_server:s0 tcontext=u:r:shell:s0 tclass=unix_stream_socket permissive=0
10-18 18:53:36.190   687   770 E AtomicFile: Failed to rename /data/system/install_sessions.xml.new to /data/system/install_sessions.xml
10-18 18:53:36.190   687   770 W libbinder.IPCThreadState: Sending oneway calls to frozen process.
10-18 18:53:44.159  1092  1199 D SatelliteController: iisInCarrierRoamingNbIotNtn: satellite is disabled
10-18 18:53:44.160  1092  1199 D SatelliteController: getCarrierRoamingNtnConnectType: Falling back to global carrier config connect type: 0
10-18 18:53:54.158  1092  1199 D SatelliteController: iisInCarrierRoamingNbIotNtn: satellite is disabled
10-18 18:53:54.160  1092  1199 D SatelliteController: getCarrierRoamingNtnConnectType: Falling back to global carrier config connect type: 0
10-18 18:54:04.156  1092  1199 D SatelliteController: iisInCarrierRoamingNbIotNtn: satellite is disabled
10-18 18:54:04.172  1092  1199 D SatelliteController: getCarrierRoamingNtnConnectType: Falling back to global carrier config connect type: 0
10-18 18:54:05.451   687   787 W JobScheduler.JobStatus: Exempted app com.google.android.as considered buggy
10-18 18:54:05.453   687   787 W JobScheduler.JobStatus: Exempted app com.google.android.as considered buggy
10-18 18:54:05.686   687   698 I system_server: Background young concurrent mark compact GC freed 11MB AllocSpace bytes, 18(488KB) LOS objects, 44% free, 29MB/53MB, paused 1.141ms,2.928ms total 246.764ms
10-18 18:54:05.698   687   699 I libbinder.BpBinder: onLastStrongRef automatically unlinking death recipients for descriptor: '(not cached)'
10-18 18:54:05.700   687   700 W System  : A resource failed to call close. 
10-18 18:54:05.714   687   700 W System  : A resource failed to call close. 
10-18 18:54:07.979  6230  6230 I libbinder.AidlLazyServiceRegistrar: Process has 0 (of 1 available) client(s) in use after notification artd has clients: 0
10-18 18:54:07.980  6230  6230 I libbinder.AidlLazyServiceRegistrar: Trying to shut down the service. No clients in use for any service in process.
10-18 18:54:07.982  6230  6230 I libbinder.AidlLazyServiceRegistrar: Unregistered all clients and exiting
10-18 18:54:09.764  1403  1592 I bcoe    : (REDACTED) getHotwordActive::active query: %s, watch: %s, devices connected: %s
10-18 18:54:14.167  1092  1199 D SatelliteController: iisInCarrierRoamingNbIotNtn: satellite is disabled
10-18 18:54:14.178  1092  1199 D SatelliteController: getCarrierRoamingNtnConnectType: Falling back to global carrier config connect type: 0
10-18 18:54:18.555   687   845 E WifiScoringParams: Invalid frequency(-1), using 5G as default rssi array
10-18 18:54:22.462   687  1710 D WifiNl80211Manager: Scan result ready event
10-18 18:54:22.490   687  1710 D WifiNative: Scan result ready event
10-18 18:54:22.542  2074  2119 I WifiScanner: onFullResults
10-18 18:54:22.580   687   845 I HalDevMgr: bestIfaceCreationProposal is null, requestIface=STA, existingIface=[name=wlan0 type=STA]
10-18 18:54:24.166  1092  1199 D SatelliteController: iisInCarrierRoamingNbIotNtn: satellite is disabled
10-18 18:54:24.168  1092  1199 D SatelliteController: getCarrierRoamingNtnConnectType: Falling back to global carrier config connect type: 0
10-18 18:54:25.698   687   915 D androidtc: Initializing SystemTextClassifier, type = System
10-18 18:54:25.734  2329  2329 I AiAiTextClassifier: onCreateTextClassificationSession = TextClassificationSessionId {e797c4e1-d49f-408e-ab54-1515598c0fb8}
10-18 18:54:25.755  5264  5264 I ClipboardListener: Clipboard overlay suppressed.
10-18 18:54:25.769  2329  2499 I AiAiTranslate: C2T - not in a conversation
10-18 18:54:25.820  2329  2555 I AiAiTextClassifier: GenerateLinks did not find valid links, returning empty result
10-18 18:54:25.825  5264  5264 I ClipboardListener: Clipboard overlay suppressed.
10-18 18:54:25.834  2329  2555 I AiAiTextClassifier: GenerateLinks did not find valid links, returning empty result
10-18 18:54:27.577   687  4088 W AS.PlaybackActivityMon: No piid assigned for invalid/internal port id 15
10-18 18:54:27.592   687  2290 V WindowManager: DesktopModeLaunchParamsModifier: phase= 0 task=null activity=null display-from-option=0 display-id=0 task-display-area-windowing-mode=1 suggested-display-area=DefaultTaskDisplayArea@151183217 task null, skipping
10-18 18:54:27.598   687  2290 V WindowManager: TaskLaunchParamsModifier:phase=0 task=null activity=null display-from-option=0 display-id=0 task-display-area-windowing-mode=1 suggested-display-area=DefaultTaskDisplayArea@151183217
10-18 18:54:27.607   687  2290 V GrammaticalInflectionUtils: AttributionSource: android.content.AttributionSource@b0d2983 does not have READ_SYSTEM_GRAMMATICAL_GENDER permission.
10-18 18:54:27.610   687  2290 V WindowManager: DesktopModeLaunchParamsModifier: phase= 0 task=null activity=ActivityRecord{68738200 u0 com.biohackerjoe.learninghub/.MainActivity display-from-option=0 display-id=0 task-display-area-windowing-mode=1 suggested-display-area=DefaultTaskDisplayArea@151183217 task null, skipping
10-18 18:54:27.612   687  2290 V WindowManager: TaskLaunchParamsModifier:phase=0 task=null activity=ActivityRecord{68738200 u0 com.biohackerjoe.learninghub/.MainActivity t-1} display-from-option=0 display-id=0 task-display-area-windowing-mode=1 suggested-display-area=DefaultTaskDisplayArea@151183217
10-18 18:54:27.614   687  2290 V WindowManager: DesktopModeLaunchParamsModifier: phase= 3 task=null activity=ActivityRecord{68738200 u0 com.biohackerjoe.learninghub/.MainActivity t-1} display-from-option=0 display-id=0 task-display-area-windowing-mode=1 suggested-display-area=DefaultTaskDisplayArea@151183217 task null, skipping
10-18 18:54:27.614   687  2290 V WindowManager: TaskLaunchParamsModifier:phase=3 task=null activity=ActivityRecord{68738200 u0 com.biohackerjoe.learninghub/.MainActivity t-1} display-from-option=0 display-id=0 task-display-area-windowing-mode=1 suggested-display-area=DefaultTaskDisplayArea@151183217 inherit-from-source=fullscreen non-freeform-task-display-area display-area=DefaultTaskDisplayArea@151183217 skip-bounds-fullscreen
10-18 18:54:27.623   687  2290 V WindowManager: DesktopModeLaunchParamsModifier: phase= 3 task=Task{75c6cf1 #20 type=standard I=com.biohackerjoe.learninghub/.MainActivity} activity=ActivityRecord{68738200 u0 com.biohackerjoe.learninghub/.MainActivity t-1} display-from-option=0 display-id=0 task-display-area-windowing-mode=1 suggested-display-area=DefaultTaskDisplayArea@151183217 not entering desktop mode, skipping
10-18 18:54:27.624   687  2290 V WindowManager: TaskLaunchParamsModifier:phase=3 task=Task{75c6cf1 #20 type=standard I=com.biohackerjoe.learninghub/.MainActivity} activity=ActivityRecord{68738200 u0 com.biohackerjoe.learninghub/.MainActivity t-1} display-from-option=0 display-id=0 task-display-area-windowing-mode=1 suggested-display-area=DefaultTaskDisplayArea@151183217 inherit-from-source=fullscreen non-freeform-task-display-area display-area=DefaultTaskDisplayArea@151183217 skip-bounds-fullscreen
10-18 18:54:27.651   687  2290 I ActivityTaskManager: START u0 {act=android.intent.action.MAIN cat=[android.intent.category.LAUNCHER] flg=0x10200000 xflg=0x4 cmp=com.biohackerjoe.learninghub/.MainActivity bnds=[836,1905][1009,2100]} with LAUNCH_SINGLE_TOP from uid 10182 (com.google.android.apps.nexuslauncher) (sr=49390894) (BAL_ALLOW_VISIBLE_WINDOW) result code=0
10-18 18:54:27.657   687   713 V GrammaticalInflectionUtils: AttributionSource: android.content.AttributionSource@b0d2983 does not have READ_SYSTEM_GRAMMATICAL_GENDER permission.
10-18 18:54:27.687  1093  1093 D StatsLog: LAUNCHER_APP_LAUNCH_TAP
10-18 18:54:27.698  5264  5286 V WindowManagerShell: Transition requested (#14): android.os.BinderProxy@616bc47 TransitionRequestInfo { type = OPEN, triggerTask = TaskInfo{userId=0 taskId=20 effectiveUid=10216 displayId=0 isRunning=true baseIntent=Intent { act=android.intent.action.MAIN cat=[android.intent.category.LAUNCHER] flg=0x10200000 cmp=com.biohackerjoe.learninghub/.MainActivity } baseActivity=ComponentInfo{com.biohackerjoe.learninghub/com.biohackerjoe.learninghub.MainActivity} topActivity=ComponentInfo{com.biohackerjoe.learninghub/com.biohackerjoe.learninghub.MainActivity} origActivity=null realActivity=ComponentInfo{com.biohackerjoe.learninghub/com.biohackerjoe.learninghub.MainActivity} numActivities=1 lastActiveTime=13470185 supportsMultiWindow=true resizeMode=1 isResizeable=true minWidth=-1 minHeight=-1 defaultMinSize=220 token=WCT{android.os.BinderProxy@af5fc74} topActivityType=1 pictureInPictureParams=null shouldDockBigOverlays=false launchIntoPipHostTaskId=-1 lastParentTaskIdBeforePip=-1 displayCutoutSafeInsets=Rect(0, 0 - 0, 0) topActivityInfo=ActivityInfo{360059d com.biohackerjoe.learninghub.MainActivity} launchCookies=[android.os.BinderProxy@6066a12] positionInParent=Point(0, 0) parentTaskId=-1 isFocused=false isVisible=false isVisibleRequested=false isTopActivityNoDisplay=false isSleeping=false locusId=null displayAreaFeatureId=1 isTopActivityTransparent=false isActivityStackTransparent=false lastNonFullscreenBounds=null capturedLink=null capturedLinkTimestamp=0 requestedVisibleTypes=503 topActivityRequestOpenInBrowserEducationTimestamp=0 appCompatTaskInfo=AppCompatTaskInfo { topActivityInSizeCompat=false isLeafTask= true eligibleForLetterboxEducation= false isLetterboxEducationEnabled= true isLetterboxDoubleTapEnabled= false eligibleForUserAspectRatioButton= false topActivityBoundsLetterboxed= false isFromLetterboxDoubleTap= false topActivityLetterboxVerticalPosition= -1 topActivityLetterboxHorizontalPosition= -1 topActivityLetterboxWidth=-1 topActivityLetterboxHeight=-1 topActivityAppBounds=Rect(0, 0 - 1080, 2337) isUserFullscreenOverrideEnabled=false isSystemFullscreenOverrideEnabled=false hasMinAspectRatioOverride=false topActivityLetterboxBounds=null cameraCompatTaskInfo=CameraCompatTaskInfo { cameraCompatMode=inactiveundefined} topNonResizableActivityAspectRatio=-1.0} topActivityMainWindowFrame=null isAppBubble=false}, pipChange = null, remoteTransition = RemoteTransition { remoteTransition = android.window.IRemoteTransition$Stub$Proxy@f8d5e3, appThread = android.app.IApplicationThread$Stub$Proxy@bb06be0, debugName = QuickstepLaunch }, displayChange = null, requestedLocation = null, userChange = null, flags = 0, debugId = 14 }
10-18 18:54:27.706  5264  5286 D ShellSplitScreen: logExit: no-op, mLoggerSessionId is null
10-18 18:54:27.717  1093  1093 D StatsLog: LAUNCHER_HOTSEAT_RANKED
10-18 18:54:27.728  5264  5286 V WindowManagerShell: RemoteTransition directly requested for (#14) android.os.BinderProxy@616bc47: RemoteTransition { remoteTransition = android.window.IRemoteTransition$Stub$Proxy@f8d5e3, appThread = android.app.IApplicationThread$Stub$Proxy@bb06be0, debugName = QuickstepLaunch }
10-18 18:54:27.728  5264  5286 V WindowManagerShell: Transition (#14): request handled by DefaultMixedHandler
10-18 18:54:27.759   466   466 D Zygote  : Forked child process 6444
10-18 18:54:27.762   687   721 W ActivityManager: Slow operation: 105ms so far, now at startProcess: returned from zygote!
10-18 18:54:27.785   687   721 W ActivityManager: Slow operation: 128ms so far, now at startProcess: done updating battery stats
10-18 18:54:27.785   687   721 W ActivityManager: Slow operation: 128ms so far, now at startProcess: building log message
10-18 18:54:27.785   687   721 I ActivityManager: Start proc 6444:com.biohackerjoe.learninghub/u0a216 for next-top-activity {com.biohackerjoe.learninghub/com.biohackerjoe.learninghub.MainActivity}
10-18 18:54:27.785   687   721 W ActivityManager: Slow operation: 128ms so far, now at startProcess: starting to update pids map
10-18 18:54:27.785   687   721 W ActivityManager: Slow operation: 128ms so far, now at startProcess: done updating pids map
10-18 18:54:27.794   566   679 W libbinder.IPCThreadState: Sending oneway calls to frozen process.
10-18 18:54:27.796   566   679 W libbinder.IPCThreadState: Sending oneway calls to frozen process.
10-18 18:54:27.798  5264  5294 D WindowOnBackDispatcher: setTopOnBackInvokedCallback (unwrapped): android.view.ViewRootImpl$$ExternalSyntheticLambda12@ab0c4d4
10-18 18:54:27.799   687   785 D CoreBackPreview: Window{be55462 u0 Splash Screen com.biohackerjoe.learninghub}: Setting back callback OnBackInvokedCallbackInfo{mCallback=android.window.IOnBackInvokedCallback$Stub$Proxy@dfac929, mPriority=0, mIsAnimationCallback=false, mOverrideBehavior=0}
10-18 18:54:27.803  6444  6444 I Zygote  : Process 6444 created for com.biohackerjoe.learninghub
10-18 18:54:27.805  6444  6444 I joe.learninghub: Late-enabling -Xcheck:jni
10-18 18:54:27.809  1093  1093 D BaseActivity: Launcher flags updated: [state_started|state_resumed|state_deferred_resumed|state_window_focused] -[state_user_active]
10-18 18:54:27.810  1093  1093 D BaseActivity: Launcher flags updated: [state_started|state_window_focused] -[state_resumed|state_deferred_resumed]
10-18 18:54:27.823  1093  1093 W SplitSelectStateCtor: Missing session instanceIds
10-18 18:54:27.841  1093  1093 D StatsLog: LAUNCHER_SPLIT_SELECTION_EXIT_INTERRUPTED
10-18 18:54:27.854   687  2506 V WindowManager: Defer transition id=14 for TaskFragmentTransaction=android.os.Binder@bc854ae
10-18 18:54:27.854   687  2506 V WindowManager: deferTransitionReady deferReadyDepth=1 stack=com.android.server.wm.TransitionController.deferTransitionReady:1052 com.android.server.wm.TaskFragmentOrganizerController$TaskFragmentOrganizerState.dispatchTransaction:536 com.android.server.wm.TaskFragmentOrganizerController.dispatchPendingEvents:1278 com.android.server.wm.TaskFragmentOrganizerController.dispatchPendingEvents:1247 com.android.server.wm.RootWindowContainer.performSurfacePlacement:777 
10-18 18:54:27.858  1093  1093 D RecentsView: onTaskDisplayChanged: 20, new displayId = 0
10-18 18:54:27.866   533   623 I libbinder.BpBinder: onLastStrongRef automatically unlinking death recipients for descriptor: '(not cached)'
10-18 18:54:27.874   687  4088 W AS.PlaybackActivityMon: No piid assigned for invalid/internal port id 15
10-18 18:54:27.877  1093  1093 D b/417220811: invalidateLoadedTasks - previous requestLoadId: -1
10-18 18:54:27.881  5264  5286 D WindowManagerShell: setLauncherKeepClearAreaHeight: visible=false, height=495
10-18 18:54:27.883   687   902 D BackgroundInstallControlService: Package event received: 0
10-18 18:54:27.886  1093  1093 D b/417220811: invalidateLoadedTasks - previous requestLoadId: -1
10-18 18:54:27.891   687  2506 V WindowManager: Continue transition id=14 for TaskFragmentTransaction=android.os.Binder@bc854ae
10-18 18:54:27.891   687  2506 V WindowManager: continueTransitionReady deferReadyDepth=0 stack=com.android.server.wm.TransitionController.continueTransitionReady:1062 com.android.server.wm.TaskFragmentOrganizerController$TaskFragmentOrganizerState.onTransactionFinished:565 com.android.server.wm.TaskFragmentOrganizerController.onTransactionHandled:759 android.window.ITaskFragmentOrganizerController$Stub.onTransact:225 android.os.Binder.execTransactInternal:1473 
10-18 18:54:27.892   528   646 D AudioFlinger: mixer(0xb400007ec16657d0) throttle end: throttle time(44)
10-18 18:54:27.932  6444  6444 I joe.learninghub: Using CollectorTypeCMC GC.
10-18 18:54:27.967   538   563 I adbd    : jdwp connection from 6444
10-18 18:54:27.973  1093  1093 D BaseActivity: Launcher flags updated: [state_started] -[state_window_focused]
10-18 18:54:28.015  5264  5296 V WindowManagerShell: onTransitionReady(transaction=2950642533992)
10-18 18:54:28.020   687   710 V WindowManager: Sent Transition (#14) createdAt=10-18 18:54:27.610 via request=TransitionRequestInfo { type = OPEN, triggerTask = TaskInfo{userId=0 taskId=20 effectiveUid=10216 displayId=0 isRunning=true baseIntent=Intent { act=android.intent.action.MAIN cat=[android.intent.category.LAUNCHER] flg=0x10200000 cmp=com.biohackerjoe.learninghub/.MainActivity } baseActivity=ComponentInfo{com.biohackerjoe.learninghub/com.biohackerjoe.learninghub.MainActivity} topActivity=ComponentInfo{com.biohackerjoe.learninghub/com.biohackerjoe.learninghub.MainActivity} origActivity=null realActivity=ComponentInfo{com.biohackerjoe.learninghub/com.biohackerjoe.learninghub.MainActivity} numActivities=1 lastActiveTime=13470185 supportsMultiWindow=true resizeMode=1 isResizeable=true minWidth=-1 minHeight=-1 defaultMinSize=220 token=WCT{RemoteToken{2cdcee5 Task{75c6cf1 #20 type=standard I=com.biohackerjoe.learninghub/.MainActivity}}} topActivityType=1 pictureInPictureParams=null shouldDockBigOverlays=false launchIntoPipHostTaskId=-1 lastParentTaskIdBeforePip=-1 displayCutoutSafeInsets=Rect(0, 0 - 0, 0) topActivityInfo=ActivityInfo{c90dba com.biohackerjoe.learninghub.MainActivity} launchCookies=[android.os.BinderProxy@fa5b46b] positionInParent=Point(0, 0) parentTaskId=-1 isFocused=false isVisible=false isVisibleRequested=false isTopActivityNoDisplay=false isSleeping=false locusId=null displayAreaFeatureId=1 isTopActivityTransparent=false isActivityStackTransparent=false lastNonFullscreenBounds=null capturedLink=null capturedLinkTimestamp=0 requestedVisibleTypes=503 topActivityRequestOpenInBrowserEducationTimestamp=0 appCompatTaskInfo=AppCompatTaskInfo { topActivityInSizeCompat=false isLeafTask= true eligibleForLetterboxEducation= false isLetterboxEducationEnabled= true isLetterboxDoubleTapEnabled= false eligibleForUserAspectRatioButton= false topActivityBoundsLetterboxed= false isFromLetterboxDoubleTap= false topActivityLetterboxVerticalPosition= -1 topActivityLetterboxHorizontalPosition= -1 topActivityLetterboxWidth=-1 topActivityLetterboxHeight=-1 topActivityAppBounds=Rect(0, 0 - 1080, 2337) isUserFullscreenOverrideEnabled=false isSystemFullscreenOverrideEnabled=false hasMinAspectRatioOverride=false topActivityLetterboxBounds=null cameraCompatTaskInfo=CameraCompatTaskInfo { cameraCompatMode=inactiveundefined} topNonResizableActivityAspectRatio=-1.0} topActivityMainWindowFrame=null isAppBubble=false}, pipChange = null, remoteTransition = RemoteTransition { remoteTransition = android.window.IRemoteTransition$Stub$Proxy@c489bc8, appThread = android.app.IApplicationThread$Stub$Proxy@f117461, debugName = QuickstepLaunch }, displayChange = null, requestedLocation = null, userChange = null, flags = 0, debugId = 14 }
10-18 18:54:28.020   687   710 V WindowManager:     startWCT=WindowContainerTransaction { changes= {} hops= [] errorCallbackToken=null taskFragmentOrganizer=null }
10-18 18:54:28.020   687   710 V WindowManager:     info={id=14 t=OPEN f=0x0 trk=0 r=[0@Point(0, 0)] c=[
10-18 18:54:28.020   687   710 V WindowManager:         {WCT{RemoteToken{2cdcee5 Task{75c6cf1 #20 type=standard I=com.biohackerjoe.learninghub/.MainActivity}}} m=OPEN f=NONE leash=Surface(name=Task=20#231)/@0xaad424f sb=Rect(0, 0 - 1080, 2400) eb=Rect(0, 0 - 1080, 2400) epz=Point(1080, 2400) d=0 taskParent=-1 winMode=1 userId=0},
10-18 18:54:28.020   687   710 V WindowManager:         {WCT{RemoteToken{380f8a5 Task{185bbd3 #1 type=home}}} m=TO_BACK f=SHOW_WALLPAPER leash=Surface(name=Task=1#122)/@0x5b27837 sb=Rect(0, 0 - 1080, 2400) eb=Rect(0, 0 - 1080, 2400) epz=Point(1080, 2400) d=0 taskParent=-1 winMode=1 userId=0},
10-18 18:54:28.020   687   710 V WindowManager:         {m=TO_BACK f=IS_WALLPAPER leash=Surface(name=WallpaperWindowToken{e0df7d2}#69)/@0x85eaf6e sb=Rect(0, 0 - 1080, 2400) eb=Rect(0, 0 - 1080, 2400) epz=Point(1080, 2400) d=0}
10-18 18:54:28.020   687   710 V WindowManager:     ]}
10-18 18:54:28.074  5264  5286 V ShellTaskOrganizer: Task appeared taskId=20 listener=FullscreenTaskListener
10-18 18:54:28.075  5264  5286 V ShellTaskOrganizer: Fullscreen Task Appeared: #20
10-18 18:54:28.080  5264  5286 V WindowManagerShell: onTransitionReady (#14) android.os.BinderProxy@616bc47: {id=14 t=OPEN f=0x0 trk=0 r=[0@Point(0, 0)] c=[
10-18 18:54:28.080  5264  5286 V WindowManagerShell:         {m=OPEN f=NONE leash=Surface(name=Task=20#231)/@0xfd5f71f sb=Rect(0, 0 - 1080, 2400) eb=Rect(0, 0 - 1080, 2400) epz=Point(1080, 2400) d=0 taskParent=-1 winMode=1 userId=0},
10-18 18:54:28.080  5264  5286 V WindowManagerShell:         {m=TO_BACK f=SHOW_WALLPAPER leash=Surface(name=Task=1#122)/@0x5fda6c sb=Rect(0, 0 - 1080, 2400) eb=Rect(0, 0 - 1080, 2400) epz=Point(1080, 2400) d=0 taskParent=-1 winMode=1 userId=0},
10-18 18:54:28.080  5264  5286 V WindowManagerShell:         {m=TO_BACK f=IS_WALLPAPER leash=Surface(name=WallpaperWindowToken{e0df7d2}#69)/@0x8e51835 sb=Rect(0, 0 - 1080, 2400) eb=Rect(0, 0 - 1080, 2400) epz=Point(1080, 2400) d=0}
10-18 18:54:28.080  5264  5286 V WindowManagerShell:     ]}
10-18 18:54:28.089  5264  5286 V WindowManagerShell: Playing animation for (#14) android.os.BinderProxy@616bc47@0
10-18 18:54:28.090  5264  5286 V WindowManagerShell:  try firstHandler com.android.wm.shell.transition.DefaultMixedHandler@34e0a01
10-18 18:54:28.090  5264  5286 V WindowManagerShell: Mixed transition for opening an intent with a remote transition and PIP or Desktop #14
10-18 18:54:28.090  5264  5286 V WindowManagerShell: tryAnimateOpenIntentWithRemoteAndPipOrDesktop
10-18 18:54:28.090  5264  5286 V WindowManagerShell:  Delegate animation for (#14) to RemoteTransition { remoteTransition = android.window.IRemoteTransition$Stub$Proxy@f8d5e3, appThread = android.app.IApplicationThread$Stub$Proxy@bb06be0, debugName = QuickstepLaunch }
10-18 18:54:28.101  1093  1093 D b/417220811: invalidateLoadedTasks - previous requestLoadId: -1
10-18 18:54:28.107  1093  1093 D b/417220811: invalidateLoadedTasks - previous requestLoadId: -1
10-18 18:54:28.110  5264  5286 V WindowManagerShell:  animated by firstHandler
10-18 18:54:28.120  6444  6444 D nativeloader: Load libframework-connectivity-tiramisu-jni.so using APEX ns com_android_tethering for caller /apex/com.android.tethering/javalib/framework-connectivity-t.jar: ok
10-18 18:54:28.154  1093  1129 D QuickstepModelDelegate: notifyAppTargetEvent action=1 launchLocation=folder/hotseat/-1/[-1,0]/[1,1]
10-18 18:54:28.174   687   902 D BackgroundInstallControlService: Package event received: 0
10-18 18:54:28.176   490   526 I RanchuHwc: logCompositionFallbackIfChanged: layer 30 CompositionType fallback from 2 to 1
10-18 18:54:28.176   490   526 I RanchuHwc: logCompositionFallbackIfChanged: layer 31 CompositionType fallback from 2 to 1
10-18 18:54:28.215   687   787 W JobScheduler.JobStatus: Exempted app com.google.android.as considered buggy
10-18 18:54:28.220   687   787 W JobScheduler.JobStatus: Exempted app com.google.android.as considered buggy
10-18 18:54:28.220   687   787 W JobScheduler.JobStatus: Exempted app com.google.android.as considered buggy
10-18 18:54:28.220   687   787 W JobScheduler.JobStatus: Exempted app com.google.android.as considered buggy
