10-18 18:54:29.461   687   710 V WindowManager:         {WCT{RemoteToken{e7f7396 Task{d7cb741 #21 type=standard I=com.biohackerjoe.learninghub/.MainActivity}}} m=OPEN f=NONE leash=Surface(name=Task=21#246)/@0x9c0d4ca sb=Rect(0, 0 - 1080, 2400) eb=Rect(0, 0 - 1080, 2400) epz=Point(1080, 2400) d=0 taskParent=-1 winMode=1 userId=0},
10-18 18:54:29.461   687   710 V WindowManager:         {WCT{RemoteToken{380f8a5 Task{185bbd3 #1 type=home}}} m=TO_BACK f=SHOW_WALLPAPER leash=Surface(name=Task=1#122)/@0x5b27837 sb=Rect(0, 0 - 1080, 2400) eb=Rect(0, 0 - 1080, 2400) epz=Point(1080, 2400) d=0 taskParent=-1 winMode=1 userId=0},
10-18 18:54:29.461   687   710 V WindowManager:         {m=TO_BACK f=IS_WALLPAPER leash=Surface(name=WallpaperWindowToken{e0df7d2}#69)/@0x85eaf6e sb=Rect(0, 0 - 1080, 2400) eb=Rect(0, 0 - 1080, 2400) epz=Point(1080, 2400) d=0}
10-18 18:54:29.461   687   710 V WindowManager:     ]}
10-18 18:54:29.462  5264  5286 V ShellTaskOrganizer: Fullscreen Task Appeared: #21
10-18 18:54:29.482  1326  1326 I GoogleInputMethodService: GoogleInputMethodService.onFinishInput():1984 
10-18 18:54:29.492  1093  1093 V BaseDepthController: Applying blur: 0 to Surface(name=com.google.android.apps.nexuslauncher/com.google.android.apps.nexuslauncher.NexusLauncherActivity#150)/@0x501cc7 applyImmediately: false
10-18 18:54:29.493  1093  1093 D BaseDepthController: shouldBlurWorkspace: false targetState: Normal currentStableState: Normal mCurrentBlur: 0 mLauncher.getDepthBlurTargets(): [com.android.launcher3.Workspace{ec8eec9 V.ED..... ........ 0,0-1080,2400 #7f0a049a app:id/workspace}, com.android.launcher3.Hotseat{cc519ce V.ED..... ........ 0,1905-1080,2400 #7f0a01ed app:id/hotseat}]
10-18 18:54:29.504  1326  1326 I Module  : DeviceLockedStatusModuleProvider$Module.updateDeviceLockedStatus():100 repeatCheckTimes = 0, locked = false
10-18 18:54:29.517  1326  1326 I GoogleInputMethodService: GoogleInputMethodService.onStartInput():1248 onStartInput(EditorInfo{EditorInfo{packageName=com.google.android.apps.nexuslauncher, inputType=0, inputTypeString=NULL, enableLearning=false, autoCorrection=false, autoComplete=false, imeOptions=0, privateImeOptions=null, actionName=UNSPECIFIED, actionLabel=null, initialSelStart=-1, initialSelEnd=-1, initialCapsMode=0, label=null, fieldId=0, fieldName=null, extras=null, hintText=null, hintLocales=[]}}, false)
10-18 18:54:29.519  1093  1093 D b/417220811: invalidateLoadedTasks - previous requestLoadId: -1
10-18 18:54:29.524  1093  1093 V BaseDepthController: Applying blur: 0 to Surface(name=com.google.android.apps.nexuslauncher/com.google.android.apps.nexuslauncher.NexusLauncherActivity#150)/@0x501cc7 applyImmediately: false
10-18 18:54:29.533  1093  1093 D BaseDepthController: shouldBlurWorkspace: false targetState: Normal currentStableState: Normal mCurrentBlur: 0 mLauncher.getDepthBlurTargets(): [com.android.launcher3.Workspace{ec8eec9 V.ED..... ........ 0,0-1080,2400 #7f0a049a app:id/workspace}, com.android.launcher3.Hotseat{cc519ce V.ED..... ........ 0,1905-1080,2400 #7f0a01ed app:id/hotseat}]
10-18 18:54:29.539  1326  1326 I Module  : DeviceLockedStatusModuleProvider$Module.updateDeviceLockedStatus():100 repeatCheckTimes = 1, locked = false
10-18 18:54:29.547  5264  5315 V WindowManagerShell: onTransitionReady(transaction=2950642534084)
10-18 18:54:29.549  5264  5286 V WindowManagerShell: onTransitionReady (#16) android.os.BinderProxy@834a088: {id=16 t=OPEN f=0x0 trk=0 r=[0@Point(0, 0)] c=[
10-18 18:54:29.549  5264  5286 V WindowManagerShell:         {m=OPEN f=NONE leash=Surface(name=Task=21#246)/@0xd882d85 sb=Rect(0, 0 - 1080, 2400) eb=Rect(0, 0 - 1080, 2400) epz=Point(1080, 2400) d=0 taskParent=-1 winMode=1 userId=0},
10-18 18:54:29.549  5264  5286 V WindowManagerShell:         {m=TO_BACK f=SHOW_WALLPAPER leash=Surface(name=Task=1#122)/@0xab817da sb=Rect(0, 0 - 1080, 2400) eb=Rect(0, 0 - 1080, 2400) epz=Point(1080, 2400) d=0 taskParent=-1 winMode=1 userId=0},
10-18 18:54:29.549  5264  5286 V WindowManagerShell:         {m=TO_BACK f=IS_WALLPAPER leash=Surface(name=WallpaperWindowToken{e0df7d2}#69)/@0x442c40b sb=Rect(0, 0 - 1080, 2400) eb=Rect(0, 0 - 1080, 2400) epz=Point(1080, 2400) d=0}
10-18 18:54:29.549  5264  5286 V WindowManagerShell:     ]}
10-18 18:54:29.554  5264  5286 V WindowManagerShell: Transition (#16) android.os.BinderProxy@834a088@0 ready while (#15) android.os.BinderProxy@bf90b04@0 is still animating. Notify the animating transition in case they can be merged
10-18 18:54:29.555  5264  5286 V WindowManagerShell:    Merge into remote: RemoteTransition { remoteTransition = android.window.IRemoteTransition$Stub$Proxy@46c7571, appThread = android.app.IApplicationThread$Stub$Proxy@45c9f56, debugName = QuickstepLaunchHome }
10-18 18:54:29.566   687  4088 W PackageConfigPersister: App-specific configuration not found for packageName: com.google.android.apps.nexuslauncher and userId: 0
10-18 18:54:29.568  1093  1093 V BaseDepthController: Applying blur: 0 to Surface(name=com.google.android.apps.nexuslauncher/com.google.android.apps.nexuslauncher.NexusLauncherActivity#150)/@0x501cc7 applyImmediately: false
10-18 18:54:29.568  1326  1326 W NotificationCenter: NotificationCenter$NotificationQueue.notifyPendingNotificationsOnExecutor():877 Heavy notify work detected on UI thread: [lhc->kif] takes 25ms
10-18 18:54:29.570  1093  1093 D BaseDepthController: shouldBlurWorkspace: false targetState: Normal currentStableState: Normal mCurrentBlur: 0 mLauncher.getDepthBlurTargets(): [com.android.launcher3.Workspace{ec8eec9 V.ED..... ........ 0,0-1080,2400 #7f0a049a app:id/workspace}, com.android.launcher3.Hotseat{cc519ce V.ED..... ........ 0,1905-1080,2400 #7f0a01ed app:id/hotseat}]
10-18 18:54:29.573   687   713 W ActivityTaskManager: Activity top resumed state loss timeout for ActivityRecord{68738200 u0 com.biohackerjoe.learninghub/.MainActivity t20 f} isExiting}
10-18 18:54:29.589  1093  1093 D b/417220811: invalidateLoadedTasks - previous requestLoadId: -1
10-18 18:54:29.592  5264  5286 V WindowManagerShell: Transition animation finished (aborted=false), notifying core (#15) android.os.BinderProxy@bf90b04@0
10-18 18:54:29.597  1093  1093 V BaseDepthController: Applying blur: 0 to Surface(name=com.google.android.apps.nexuslauncher/com.google.android.apps.nexuslauncher.NexusLauncherActivity#150)/@0x501cc7 applyImmediately: false
10-18 18:54:29.597  1093  1093 D BaseDepthController: shouldBlurWorkspace: false targetState: Normal currentStableState: Normal mCurrentBlur: 0 mLauncher.getDepthBlurTargets(): [com.android.launcher3.Workspace{ec8eec9 V.ED..... ........ 0,0-1080,2400 #7f0a049a app:id/workspace}, com.android.launcher3.Hotseat{cc519ce V.ED..... ........ 0,1905-1080,2400 #7f0a01ed app:id/hotseat}]
10-18 18:54:29.678   687   710 V WindowManager: Finish Transition (#15): created at 10-18 18:54:29.071 collect-started=0.057ms request-sent=0.162ms started=26.048ms ready=81.146ms sent=89.981ms commit=33.612ms finished=606.378ms
10-18 18:54:29.682  1093  1093 V BaseDepthController: Applying blur: 0 to Surface(name=com.google.android.apps.nexuslauncher/com.google.android.apps.nexuslauncher.NexusLauncherActivity#150)/@0x501cc7 applyImmediately: false
10-18 18:54:29.682  1093  1093 D BaseDepthController: shouldBlurWorkspace: false targetState: Normal currentStableState: Normal mCurrentBlur: 0 mLauncher.getDepthBlurTargets(): [com.android.launcher3.Workspace{ec8eec9 V.ED..... ........ 0,0-1080,2400 #7f0a049a app:id/workspace}, com.android.launcher3.Hotseat{cc519ce V.ED..... ........ 0,1905-1080,2400 #7f0a01ed app:id/hotseat}]
10-18 18:54:29.733  5264  5286 V WindowManagerShell: Playing animation for (#16) android.os.BinderProxy@834a088@0
10-18 18:54:29.740  5264  5286 V WindowManagerShell:  try firstHandler com.android.wm.shell.transition.DefaultMixedHandler@34e0a01
10-18 18:54:29.796  5264  5286 V WindowManagerShell: Mixed transition for opening an intent with a remote transition and PIP or Desktop #16
10-18 18:54:29.796  5264  5286 V WindowManagerShell: tryAnimateOpenIntentWithRemoteAndPipOrDesktop
10-18 18:54:29.796  5264  5286 V WindowManagerShell:  Delegate animation for (#16) to RemoteTransition { remoteTransition = android.window.IRemoteTransition$Stub$Proxy@b73d34, appThread = android.app.IApplicationThread$Stub$Proxy@ce3175d, debugName = QuickstepLaunch }
10-18 18:54:29.869  1093  1093 V BaseDepthController: Applying blur: 0 to Surface(name=com.google.android.apps.nexuslauncher/com.google.android.apps.nexuslauncher.NexusLauncherActivity#150)/@0x501cc7 applyImmediately: false
10-18 18:54:29.870  1093  1093 D BaseDepthController: shouldBlurWorkspace: false targetState: Normal currentStableState: Normal mCurrentBlur: 0 mLauncher.getDepthBlurTargets(): [com.android.launcher3.Workspace{ec8eec9 V.ED..... ........ 0,0-1080,2400 #7f0a049a app:id/workspace}, com.android.launcher3.Hotseat{cc519ce V.ED..... ........ 0,1905-1080,2400 #7f0a01ed app:id/hotseat}]
10-18 18:54:29.873  5264  5286 V WindowManagerShell:  animated by firstHandler
10-18 18:54:29.873  5264  5286 V ShellTaskOrganizer: Task vanished taskId=20
10-18 18:54:29.873  5264  5286 V ShellTaskOrganizer: Fullscreen Task Vanished: #20
10-18 18:54:29.942  1093  1093 D RecentsView: onTaskRemoved: 20, not handling task stack changes
10-18 18:54:29.942  1093  1093 D RecentsView: onTaskRemoved: 20, not handling task stack changes
10-18 18:54:29.949  1093  1093 V BaseDepthController: Applying blur: 0 to Surface(name=com.google.android.apps.nexuslauncher/com.google.android.apps.nexuslauncher.NexusLauncherActivity#150)/@0x501cc7 applyImmediately: false
10-18 18:54:29.949  1093  1093 D BaseDepthController: shouldBlurWorkspace: false targetState: Normal currentStableState: Normal mCurrentBlur: 0 mLauncher.getDepthBlurTargets(): [com.android.launcher3.Workspace{ec8eec9 V.ED..... ........ 0,0-1080,2400 #7f0a049a app:id/workspace}, com.android.launcher3.Hotseat{cc519ce V.ED..... ........ 0,1905-1080,2400 #7f0a01ed app:id/hotseat}]
10-18 18:54:29.967  1093  1093 D b/417220811: invalidateLoadedTasks - previous requestLoadId: -1
10-18 18:54:29.968  1093  1093 V BaseDepthController: Applying blur: 0 to Surface(name=com.google.android.apps.nexuslauncher/com.google.android.apps.nexuslauncher.NexusLauncherActivity#150)/@0x501cc7 applyImmediately: false
10-18 18:54:29.968  1093  1093 D BaseDepthController: shouldBlurWorkspace: false targetState: Normal currentStableState: Normal mCurrentBlur: 0 mLauncher.getDepthBlurTargets(): [com.android.launcher3.Workspace{ec8eec9 V.ED..... ........ 0,0-1080,2400 #7f0a049a app:id/workspace}, com.android.launcher3.Hotseat{cc519ce V.ED..... ........ 0,1905-1080,2400 #7f0a01ed app:id/hotseat}]
10-18 18:54:30.040  1093  1093 D StateManager: cancelAnimation - with ongoing animation, partial trace:
10-18 18:54:30.040  1093  1093 D StateManager: 	at com.android.launcher3.statemanager.StateManager.setCurrentAnimation(go/retraceme f71359c1d0b85a0dd17763d555661201cd80030d766df1ac8ddda60516fd4cfd:18)
10-18 18:54:30.040  1093  1093 D StateManager: 	at com.android.launcher3.QuickstepTransitionManager$AppLaunchAnimationRunner.onAnimationStart(go/retraceme f71359c1d0b85a0dd17763d555661201cd80030d766df1ac8ddda60516fd4cfd:425)
10-18 18:54:30.040  1093  1093 D StateManager: 	at com.android.launcher3.LauncherAnimationRunner$$ExternalSyntheticLambda2.run(go/retraceme f71359c1d0b85a0dd17763d555661201cd80030d766df1ac8ddda60516fd4cfd:55)
10-18 18:54:30.056  1093  1093 D ScalingWorkspaceRevealAnim: onAnimationCancel
10-18 18:54:30.057  1093  1093 D ScalingWorkspaceRevealAnim: onAnimationEnd, workspace and hotseat are visible
10-18 18:54:30.057  1093  1093 V BaseDepthController: Applying blur: 2 to Surface(name=com.google.android.apps.nexuslauncher/com.google.android.apps.nexuslauncher.NexusLauncherActivity#150)/@0x501cc7 applyImmediately: false
10-18 18:54:30.057  1093  1093 D BaseDepthController: shouldBlurWorkspace: false targetState: Normal currentStableState: Normal mCurrentBlur: 2 mLauncher.getDepthBlurTargets(): [com.android.launcher3.Workspace{ec8eec9 V.ED..... ......ID 0,0-1080,2400 #7f0a049a app:id/workspace}, com.android.launcher3.Hotseat{cc519ce V.ED..... ......ID 0,1905-1080,2400 #7f0a01ed app:id/hotseat}]
10-18 18:54:30.057  1093  1093 D AllAppsTransitionController: shouldProtectHeader: false skipScrim: false state: Normal stateManager.getState(): Normal
10-18 18:54:30.057  1093  1093 V BaseDepthController: Applying blur: 0 to Surface(name=com.google.android.apps.nexuslauncher/com.google.android.apps.nexuslauncher.NexusLauncherActivity#150)/@0x501cc7 applyImmediately: false
10-18 18:54:30.057  1093  1093 D BaseDepthController: setEarlyWakeup: false
10-18 18:54:30.057  1093  1093 D BaseDepthController: shouldBlurWorkspace: false targetState: Normal currentStableState: Normal mCurrentBlur: 0 mLauncher.getDepthBlurTargets(): [com.android.launcher3.Workspace{ec8eec9 V.ED..... ......ID 0,0-1080,2400 #7f0a049a app:id/workspace}, com.android.launcher3.Hotseat{cc519ce V.ED..... ......ID 0,1905-1080,2400 #7f0a01ed app:id/hotseat}]
10-18 18:54:30.058  1093  1093 D KeyboardInsetsHandler: setState, toState:Normal StateManager(mLastStableState:Normal, mCurrentStableState:Normal, mState:Normal, mRestState:null, isInTransition:false)
10-18 18:54:30.058  1093  1093 D KeyboardInsetsHandler: removePendingImeController: pendingImeController=null
10-18 18:54:30.058  1093  1093 D ActivityContext: hideKeyboard: 
10-18 18:54:30.058  1093  1093 D ActivityContext: java.lang.Exception
10-18 18:54:30.058  1093  1093 D ActivityContext: 	at com.android.launcher3.views.ActivityContext.hideKeyboard(go/retraceme f71359c1d0b85a0dd17763d555661201cd80030d766df1ac8ddda60516fd4cfd:3)
10-18 18:54:30.058  1093  1093 D ActivityContext: 	at com.google.android.apps.nexuslauncher.allapps.t0.setState(go/retraceme f71359c1d0b85a0dd17763d555661201cd80030d766df1ac8ddda60516fd4cfd:59)
10-18 18:54:30.058  1093  1093 D ActivityContext: 	at com.android.launcher3.statemanager.StateManager.reapplyState(go/retraceme f71359c1d0b85a0dd17763d555661201cd80030d766df1ac8ddda60516fd4cfd:58)
10-18 18:54:30.058  1093  1093 D ActivityContext: 	at com.android.launcher3.statemanager.StateManager.setCurrentAnimation(go/retraceme f71359c1d0b85a0dd17763d555661201cd80030d766df1ac8ddda60516fd4cfd:19)
10-18 18:54:30.058  1093  1093 D ActivityContext: 	at com.android.launcher3.QuickstepTransitionManager$AppLaunchAnimationRunner.onAnimationStart(go/retraceme f71359c1d0b85a0dd17763d555661201cd80030d766df1ac8ddda60516fd4cfd:425)
10-18 18:54:30.058  1093  1093 D ActivityContext: 	at com.android.launcher3.LauncherAnimationRunner$$ExternalSyntheticLambda2.run(go/retraceme f71359c1d0b85a0dd17763d555661201cd80030d766df1ac8ddda60516fd4cfd:55)
10-18 18:54:30.058  1093  1093 D ActivityContext: 	at android.os.Handler.handleCallback(Handler.java:1070)
10-18 18:54:30.058  1093  1093 D ActivityContext: 	at android.os.Handler.dispatchMessage(Handler.java:125)
10-18 18:54:30.058  1093  1093 D ActivityContext: 	at android.os.Looper.dispatchMessage(Looper.java:333)
10-18 18:54:30.058  1093  1093 D ActivityContext: 	at android.os.Looper.loopOnce(Looper.java:263)
10-18 18:54:30.058  1093  1093 D ActivityContext: 	at android.os.Looper.loop(Looper.java:367)
10-18 18:54:30.058  1093  1093 D ActivityContext: 	at android.app.ActivityThread.main(ActivityThread.java:9227)
10-18 18:54:30.058  1093  1093 D ActivityContext: 	at java.lang.reflect.Method.invoke(Native Method)
10-18 18:54:30.058  1093  1093 D ActivityContext: 	at com.android.internal.os.RuntimeInit$MethodAndArgsCaller.run(RuntimeInit.java:566)
10-18 18:54:30.058  1093  1093 D ActivityContext: 	at com.android.internal.os.ZygoteInit.main(ZygoteInit.java:929)
10-18 18:54:30.059  1093  1093 D ActivityContext: isImeShown: false
10-18 18:54:30.059  1093  1093 D BaseActivity: Launcher flags updated: [state_started]
10-18 18:54:30.062  6471  6471 D nativeloader: Load libframework-connectivity-tiramisu-jni.so using APEX ns com_android_tethering for caller /apex/com.android.tethering/javalib/framework-connectivity-t.jar: ok
10-18 18:54:30.064  1093  1093 D StateManager: onStateTransitionEnd - state: Normal
10-18 18:54:30.070  1093  1093 D RecentsView: reset - mEnableDrawingLiveTile: false, mRecentsAnimationController: null
10-18 18:54:30.070  1093  1093 D RecentsView: cleanupRemoteTargets - mRemoteTargetHandles: null
10-18 18:54:30.070  1093  1093 D ActivityAllAppsContainerView: rebindAdapters: force: false
10-18 18:54:30.070  1093  1093 D ActivityAllAppsContainerView: rebindAdapters: Not needed.
10-18 18:54:30.177   490   526 I RanchuHwc: logCompositionFallbackIfChanged: layer 36 CompositionType fallback from 2 to 1
10-18 18:54:30.177   490   526 I RanchuHwc: logCompositionFallbackIfChanged: layer 37 CompositionType fallback from 2 to 1
10-18 18:54:30.456   687   902 D BackgroundInstallControlService: Package event received: 0
10-18 18:54:30.488   687   787 W JobScheduler.JobStatus: Exempted app com.google.android.as considered buggy
10-18 18:54:30.500   687   787 W JobScheduler.JobStatus: Exempted app com.google.android.as considered buggy
10-18 18:54:30.502   687   787 W JobScheduler.JobStatus: Exempted app com.google.android.as considered buggy
10-18 18:54:30.503   687   787 W JobScheduler.JobStatus: Exempted app com.google.android.as considered buggy
10-18 18:54:30.503   687   787 W JobScheduler.JobStatus: Exempted app com.google.android.as considered buggy
10-18 18:54:30.503   687   787 W JobScheduler.JobStatus: Exempted app com.google.android.as considered buggy
10-18 18:54:30.503   687   787 W JobScheduler.JobStatus: Exempted app com.google.android.as considered buggy
10-18 18:54:30.523  6471  6471 D CompatChangeReporter: Compat change id reported: 242716250; UID 10216; state: ENABLED
10-18 18:54:30.587  6471  6471 D ApplicationLoaders: Returning zygote-cached class loader: /system_ext/framework/androidx.window.extensions.jar
10-18 18:54:30.588  6471  6471 D ApplicationLoaders: Returning zygote-cached class loader: /system_ext/framework/androidx.window.sidecar.jar
10-18 18:54:30.622  5264  5286 V WindowManagerShell: Transition animation finished (aborted=false), notifying core (#16) android.os.BinderProxy@834a088@0
10-18 18:54:30.638   687   710 V WindowManager: Finish Transition (#16): created at 10-18 18:54:29.181 collect-started=0.033ms request-sent=15.224ms started=67.27ms ready=239.847ms sent=243.777ms commit=587.624ms finished=1456.348ms
10-18 18:54:30.641  5264  5318 D WallpaperService: onVisibilityChanged(false): com.android.systemui.wallpapers.ImageWallpaper$CanvasEngine@70c068c
10-18 18:54:30.649  5264  5286 V WindowManagerShell: Track 0 became idle
10-18 18:54:30.657  1093  1093 D VRI[NexusLauncherActivity]: visibilityChanged oldVisibility=true newVisibility=false
10-18 18:54:30.660  5264  5286 V WindowManagerShell: All active transition animations finished
10-18 18:54:30.663  1093  1093 D NexusLauncherModelDelegate: notifySmartspaceEvent: SmartspaceTargetEvent{mSmartspaceTarget=null, mSmartspaceActionId='null', mEventType=7}
10-18 18:54:30.928  6471  6471 D nativeloader: Configuring clns-9 for other apk /data/app/~~3CR8JE38SIJB_8QICza2qQ==/com.biohackerjoe.learninghub-cr8WCaWgnE5I3iHzalRAMA==/base.apk. target_sdk_version=34, uses_libraries=, library_path=/data/app/~~3CR8JE38SIJB_8QICza2qQ==/com.biohackerjoe.learninghub-cr8WCaWgnE5I3iHzalRAMA==/lib/arm64:/data/app/~~3CR8JE38SIJB_8QICza2qQ==/com.biohackerjoe.learninghub-cr8WCaWgnE5I3iHzalRAMA==/base.apk!/lib/arm64-v8a, permitted_path=/data:/mnt/expand:/data/user/0/com.biohackerjoe.learninghub
10-18 18:54:30.936  6471  6471 V GraphicsEnvironment: Currently set values for:
10-18 18:54:30.936  6471  6471 V GraphicsEnvironment:   angle_gl_driver_selection_pkgs=[]
10-18 18:54:30.936  6471  6471 V GraphicsEnvironment:   angle_gl_driver_selection_values=[]
10-18 18:54:30.936  6471  6471 V GraphicsEnvironment: com.biohackerjoe.learninghub is not listed in per-application setting
10-18 18:54:30.936  6471  6471 V GraphicsEnvironment: ANGLE allowlist from config: com.dreamgames.royalmatch com.dts.freefiremax com.dxx.firenow com.gramgames.mergedragons com.ludo.king com.mojang.minecraftpe com.my.defense com.nintendo.zaka com.os.airforce com.playrix.fishdomdd.gplay io.teslatech.callbreak jp.konami.prospia net.peakgames.toonblast
10-18 18:54:30.936  6471  6471 V GraphicsEnvironment: com.biohackerjoe.learninghub is not listed in ANGLE allowlist or settings, returning default
10-18 18:54:30.937  6471  6471 V GraphicsEnvironment: Neither updatable production driver nor prerelease driver is supported.
10-18 18:54:30.956  6471  6471 I FirebaseApp: Device unlocked: initializing all Firebase APIs for app [DEFAULT]
10-18 18:54:30.963   474  5259 D android.hardware.audio@7.1-impl.ranchu: threadLoop: entering standby, frames: 750720
10-18 18:54:30.963   474  5259 D android.hardware.audio@7.1-impl.ranchu: ~TinyalsaSink: joining consumeThread
10-18 18:54:30.967  6471  6471 I FirebaseInitProvider: FirebaseApp initialization successful
10-18 18:54:30.978   687  2290 I AppsFilter: interaction: PackageSetting{519f23 com.biohackerjoe.learninghub/10216} -> PackageSetting{32e4ff5 com.google.android.apps.nexuslauncher/10182} BLOCKED
10-18 18:54:30.980   474  6442 D android.hardware.audio@7.1-impl.ranchu: consumeThread: exiting
10-18 18:54:30.980   474  5259 D android.hardware.audio@7.1-impl.ranchu: ~TinyalsaSink: stopping PCM stream
10-18 18:54:30.982   687   902 D BackgroundInstallControlService: Package event received: 0
10-18 18:54:30.994   687   902 D BackgroundInstallControlService: Package event received: 0
10-18 18:54:31.001  6471  6490 I DisplayManager: Choreographer implicitly registered for the refresh rate.
10-18 18:54:31.012  6471  6471 E TransactionExecutor: Failed to execute the transaction: tId:1055907264 ClientTransaction{
10-18 18:54:31.012  6471  6471 E TransactionExecutor: tId:1055907264   transactionItems=[
10-18 18:54:31.012  6471  6471 E TransactionExecutor: tId:1055907264     LaunchActivityItem{activityToken=android.os.BinderProxy@61239b5,intent=Intent { act=android.intent.action.MAIN cat=[android.intent.category.LAUNCHER] flg=0x10200000 xflg=0x4 cmp=com.biohackerjoe.learninghub/.MainActivity bnds=[836,1905][1009,2100] },ident=115187240,info=ActivityInfo{56b36a2 com.biohackerjoe.learninghub.MainActivity},curConfig={1.0 310mcc260mnc [en_US] ldltr sw411dp w411dp h866dp 420dpi nrml long compactNeeded port finger qwerty/v/v dpad/v winConfig={ mBounds=Rect(0, 0 - 1080, 2400) mAppBounds=Rect(0, 0 - 1080, 2337) mMaxBounds=Rect(0, 0 - 1080, 2400) mDisplayRotation=ROTATION_0 mWindowingMode=fullscreen mActivityType=undefined mAlwaysOnTop=undefined mRotation=ROTATION_0} s.38 fontWeightAdjustment=0},overrideConfig={1.0 310mcc260mnc [en_US] ldltr sw411dp w411dp h866dp 420dpi nrml long compactNeeded port finger qwerty/v/v dpad/v winConfig={ mBounds=Rect(0, 0 - 1080, 2400) mAppBounds=Rect(0, 0 - 1080, 2337) mMaxBounds=Rect(0, 0 - 1080, 2400) mDisplayRotation=ROTATION_0 mWindowingMode=fullscreen mActivityType=standard mAlwaysOnTop=undefined mRotation=ROTATION_0} s.2 fontWeightAdjustment=0},deviceId=0,referrer=null,procState=2,state=null,persistentState=null,pendingResults=null,pendingNewIntents=null,sceneTransitionInfo=null,profilerInfo=null,assistToken=android.os.BinderProxy@201c097,shareableActivityToken=android.os.BinderProxy@f373284,activityWindowInfo=ActivityWindowInfo{isEmbedded=false, taskBounds=Rect(0, 0 - 1080, 2400), taskFragmentBounds=Rect(0, 0 - 1080, 2400)}}
10-18 18:54:31.012  6471  6471 E TransactionExecutor: tId:1055907264     ResumeActivityItem{mActivityToken=android.os.BinderProxy@61239b5,procState=-1,isForward=true,shouldSendCompatFakeFocus=false}
10-18 18:54:31.012  6471  6471 E TransactionExecutor: tId:1055907264     Target activity: Not found for token: android.os.BinderProxy@61239b5
10-18 18:54:31.012  6471  6471 E TransactionExecutor: tId:1055907264   ]
10-18 18:54:31.012  6471  6471 E TransactionExecutor: tId:1055907264 }
10-18 18:54:31.013  6471  6471 D AndroidRuntime: Shutting down VM
10-18 18:54:31.015  6471  6471 E AndroidRuntime: FATAL EXCEPTION: main
10-18 18:54:31.015  6471  6471 E AndroidRuntime: Process: com.biohackerjoe.learninghub, PID: 6471
10-18 18:54:31.015  6471  6471 E AndroidRuntime: java.lang.RuntimeException: Unable to instantiate activity ComponentInfo{com.biohackerjoe.learninghub/com.biohackerjoe.learninghub.MainActivity}
10-18 18:54:31.015  6471  6471 E AndroidRuntime: 	at android.app.ActivityThread.performLaunchActivity(ActivityThread.java:4359)
10-18 18:54:31.015  6471  6471 E AndroidRuntime: 	at android.app.ActivityThread.handleLaunchActivity(ActivityThread.java:4655)
10-18 18:54:31.015  6471  6471 E AndroidRuntime: 	at android.app.servertransaction.LaunchActivityItem.execute(LaunchActivityItem.java:222)
10-18 18:54:31.015  6471  6471 E AndroidRuntime: 	at android.app.servertransaction.TransactionExecutor.executeNonLifecycleItem(TransactionExecutor.java:133)
10-18 18:54:31.015  6471  6471 E AndroidRuntime: 	at android.app.servertransaction.TransactionExecutor.executeTransactionItems(TransactionExecutor.java:103)
10-18 18:54:31.015  6471  6471 E AndroidRuntime: 	at android.app.servertransaction.TransactionExecutor.execute(TransactionExecutor.java:80)
10-18 18:54:31.015  6471  6471 E AndroidRuntime: 	at android.app.ActivityThread$H.handleMessage(ActivityThread.java:2917)
10-18 18:54:31.015  6471  6471 E AndroidRuntime: 	at android.os.Handler.dispatchMessage(Handler.java:132)
10-18 18:54:31.015  6471  6471 E AndroidRuntime: 	at android.os.Looper.dispatchMessage(Looper.java:333)
10-18 18:54:31.015  6471  6471 E AndroidRuntime: 	at android.os.Looper.loopOnce(Looper.java:263)
10-18 18:54:31.015  6471  6471 E AndroidRuntime: 	at android.os.Looper.loop(Looper.java:367)
10-18 18:54:31.015  6471  6471 E AndroidRuntime: 	at android.app.ActivityThread.main(ActivityThread.java:9227)
10-18 18:54:31.015  6471  6471 E AndroidRuntime: 	at java.lang.reflect.Method.invoke(Native Method)
10-18 18:54:31.015  6471  6471 E AndroidRuntime: 	at com.android.internal.os.RuntimeInit$MethodAndArgsCaller.run(RuntimeInit.java:566)
10-18 18:54:31.015  6471  6471 E AndroidRuntime: 	at com.android.internal.os.ZygoteInit.main(ZygoteInit.java:929)
10-18 18:54:31.015  6471  6471 E AndroidRuntime: Caused by: java.lang.ClassNotFoundException: Didn't find class "com.biohackerjoe.learninghub.MainActivity" on path: DexPathList[[zip file "/data/app/~~3CR8JE38SIJB_8QICza2qQ==/com.biohackerjoe.learninghub-cr8WCaWgnE5I3iHzalRAMA==/base.apk"],nativeLibraryDirectories=[/data/app/~~3CR8JE38SIJB_8QICza2qQ==/com.biohackerjoe.learninghub-cr8WCaWgnE5I3iHzalRAMA==/lib/arm64, /data/app/~~3CR8JE38SIJB_8QICza2qQ==/com.biohackerjoe.learninghub-cr8WCaWgnE5I3iHzalRAMA==/base.apk!/lib/arm64-v8a, /system/lib64, /system_ext/lib64]]
10-18 18:54:31.015  6471  6471 E AndroidRuntime: 	at dalvik.system.BaseDexClassLoader.findClass(BaseDexClassLoader.java:259)
10-18 18:54:31.015  6471  6471 E AndroidRuntime: 	at java.lang.ClassLoader.loadClass(ClassLoader.java:642)
10-18 18:54:31.015  6471  6471 E AndroidRuntime: 	at java.lang.ClassLoader.loadClass(ClassLoader.java:578)
10-18 18:54:31.015  6471  6471 E AndroidRuntime: 	at android.app.AppComponentFactory.instantiateActivity(AppComponentFactory.java:97)
10-18 18:54:31.015  6471  6471 E AndroidRuntime: 	at androidx.core.app.CoreComponentFactory.instantiateActivity(CoreComponentFactory.java:44)
10-18 18:54:31.015  6471  6471 E AndroidRuntime: 	at android.app.Instrumentation.newActivity(Instrumentation.java:1458)
10-18 18:54:31.015  6471  6471 E AndroidRuntime: 	at android.app.ActivityThread.performLaunchActivity(ActivityThread.java:4348)
10-18 18:54:31.015  6471  6471 E AndroidRuntime: 	... 14 more
10-18 18:54:31.019   687   785 W ActivityTaskManager:   Force finishing activity com.biohackerjoe.learninghub/.MainActivity
10-18 18:54:31.020   687   785 W TransitionChain: Combining AR.finish-force-crash into #17(CLOSE|R|0x10) from finishTopCrash
10-18 18:54:31.020   687  6492 I DropBoxManagerService: add tag=data_app_crash isTagEnabled=true flags=0x2
10-18 18:54:31.022   687   785 V WindowManager: Defer transition id=17 for TaskFragmentTransaction=android.os.Binder@b1879d0
10-18 18:54:31.023   687   785 V WindowManager: deferTransitionReady deferReadyDepth=1 stack=com.android.server.wm.TransitionController.deferTransitionReady:1052 com.android.server.wm.TaskFragmentOrganizerController$TaskFragmentOrganizerState.dispatchTransaction:536 com.android.server.wm.TaskFragmentOrganizerController.dispatchPendingEvents:1278 com.android.server.wm.TaskFragmentOrganizerController.dispatchPendingEvents:1247 com.android.server.wm.RootWindowContainer.performSurfacePlacement:777 
10-18 18:54:31.026  6471  6471 I Process : Sending signal. PID: 6471 SIG: 9
10-18 18:54:31.027   687  1710 V WindowManager: Continue transition id=17 for TaskFragmentTransaction=android.os.Binder@b1879d0
10-18 18:54:31.027  1093  1093 D VRI[NexusLauncherActivity]: visibilityChanged oldVisibility=false newVisibility=true
10-18 18:54:31.029   687  1710 V WindowManager: continueTransitionReady deferReadyDepth=0 stack=com.android.server.wm.TransitionController.continueTransitionReady:1062 com.android.server.wm.TaskFragmentOrganizerController$TaskFragmentOrganizerState.onTransactionFinished:565 com.android.server.wm.TaskFragmentOrganizerController.onTransactionHandled:759 android.window.ITaskFragmentOrganizerController$Stub.onTransact:225 android.os.Binder.execTransactInternal:1473 
10-18 18:54:31.032  5264  5286 V WindowManagerShell: Transition requested (#17): android.os.BinderProxy@4fda983 TransitionRequestInfo { type = CLOSE, triggerTask = TaskInfo{userId=0 taskId=21 effectiveUid=10216 displayId=0 isRunning=true baseIntent=Intent { act=android.intent.action.MAIN cat=[android.intent.category.LAUNCHER] flg=0x10200000 cmp=com.biohackerjoe.learninghub/.MainActivity } baseActivity=ComponentInfo{com.biohackerjoe.learninghub/com.biohackerjoe.learninghub.MainActivity} topActivity=ComponentInfo{com.biohackerjoe.learninghub/com.biohackerjoe.learninghub.MainActivity} origActivity=null realActivity=ComponentInfo{com.biohackerjoe.learninghub/com.biohackerjoe.learninghub.MainActivity} numActivities=1 lastActiveTime=13473513 supportsMultiWindow=true resizeMode=1 isResizeable=true minWidth=-1 minHeight=-1 defaultMinSize=220 token=WCT{android.os.BinderProxy@881fa21} topActivityType=1 pictureInPictureParams=null shouldDockBigOverlays=false launchIntoPipHostTaskId=-1 lastParentTaskIdBeforePip=-1 displayCutoutSafeInsets=Rect(0, 0 - 0, 0) topActivityInfo=ActivityInfo{7f94700 com.biohackerjoe.learninghub.MainActivity} launchCookies=[android.os.BinderProxy@c858807] positionInParent=Point(0, 0) parentTaskId=-1 isFocused=true isVisible=true isVisibleRequested=true isTopActivityNoDisplay=false isSleeping=false locusId=null displayAreaFeatureId=1 isTopActivityTransparent=false isActivityStackTransparent=false lastNonFullscreenBounds=null capturedLink=null capturedLinkTimestamp=0 requestedVisibleTypes=503 topActivityRequestOpenInBrowserEducationTimestamp=0 appCompatTaskInfo=AppCompatTaskInfo { topActivityInSizeCompat=false isLeafTask= true eligibleForLetterboxEducation= false isLetterboxEducationEnabled= true isLetterboxDoubleTapEnabled= false eligibleForUserAspectRatioButton= false topActivityBoundsLetterboxed= false isFromLetterboxDoubleTap= false topActivityLetterboxVerticalPosition= -1 topActivityLetterboxHorizontalPosition= -1 topActivityLetterboxWidth=-1 topActivityLetterboxHeight=-1 topActivityAppBounds=Rect(0, 0 - 1080, 2337) isUserFullscreenOverrideEnabled=false isSystemFullscreenOverrideEnabled=false hasMinAspectRatioOverride=false topActivityLetterboxBounds=null cameraCompatTaskInfo=CameraCompatTaskInfo { cameraCompatMode=inactiveundefined} topNonResizableActivityAspectRatio=-1.0} topActivityMainWindowFrame=null isAppBubble=false}, pipChange = null, remoteTransition = null, displayChange = null, requestedLocation = null, userChange = null, flags = 16, debugId = 17 }
10-18 18:54:31.048  1093  1093 D NexusLauncherModelDelegate: notifySmartspaceEvent: SmartspaceTargetEvent{mSmartspaceTarget=null, mSmartspaceActionId='null', mEventType=6}
10-18 18:54:31.056   466   466 I Zygote  : Process 6471 exited due to signal 9 (Killed)
10-18 18:54:31.057   687  1044 I ActivityManager: Process com.biohackerjoe.learninghub (pid 6471) has died: fg  TOP 
10-18 18:54:31.057   687   722 I libprocessgroup: Removed cgroup /sys/fs/cgroup/apps/uid_10216/pid_6471
10-18 18:54:31.058   538   538 I adbd    : Remote process closed the socket (on MSG_PEEK)
10-18 18:54:31.085  5264  5318 D WallpaperService: onVisibilityChanged(true): com.android.systemui.wallpapers.ImageWallpaper$CanvasEngine@70c068c
10-18 18:54:31.086   533   602 I libbinder.BpBinder: onLastStrongRef automatically unlinking death recipients for descriptor: '(not cached)'
10-18 18:54:31.086  1093  1093 D b/417220811: invalidateLoadedTasks - previous requestLoadId: -1
10-18 18:54:31.093  1093  1165 E FrameEvents: addRelease: Did not find frame.
10-18 18:54:31.099   687   787 W JobScheduler.JobStatus: Exempted app com.google.android.as considered buggy
10-18 18:54:31.104   687   787 W JobScheduler.JobStatus: Exempted app com.google.android.as considered buggy
10-18 18:54:31.104   687   787 W JobScheduler.JobStatus: Exempted app com.google.android.as considered buggy
10-18 18:54:31.104   687   787 W JobScheduler.JobStatus: Exempted app com.google.android.as considered buggy
10-18 18:54:31.104   687   787 W JobScheduler.JobStatus: Exempted app com.google.android.as considered buggy
10-18 18:54:31.104   687   787 W JobScheduler.JobStatus: Exempted app com.google.android.as considered buggy
10-18 18:54:31.104   687   787 W JobScheduler.JobStatus: Exempted app com.google.android.as considered buggy
10-18 18:54:31.106   687  1044 W TransitionChain: Combining appDied into #17(CLOSE|R|0x10) from finishTopCrash
10-18 18:54:31.108   687   902 D BackgroundInstallControlService: Package event received: 0
10-18 18:54:31.112   687   902 D BackgroundInstallControlService: Package event received: 0
10-18 18:54:31.113   687   902 D BackgroundInstallControlService: Package event received: 0
10-18 18:54:31.117  1093  1093 D BaseActivity: Launcher flags updated: [state_started|state_resumed|state_user_active] +[state_resumed|state_user_active]
10-18 18:54:31.118  1093  1093 D BaseActivity: Launcher flags updated: [state_started|state_resumed|state_deferred_resumed|state_user_active] +[state_deferred_resumed]
10-18 18:54:31.119  1093  1093 D StatsLog: LAUNCHER_ONRESUME
10-18 18:54:31.122  5264  5286 D WindowManagerShell: setLauncherKeepClearAreaHeight: visible=true, height=495
10-18 18:54:31.122  5264  6469 V WindowManagerShell: onTransitionReady(transaction=2950642534148)
10-18 18:54:31.130  5264  5286 V WindowManagerShell: onTransitionReady (#17) android.os.BinderProxy@4fda983: {id=17 t=CLOSE f=0x10 trk=0 r=[0@Point(0, 0)] c=[
10-18 18:54:31.130  5264  5286 V WindowManagerShell:         {m=TO_FRONT f=SHOW_WALLPAPER|MOVE_TO_TOP leash=Surface(name=Task=1#122)/@0x2c56b39 sb=Rect(0, 0 - 1080, 2400) eb=Rect(0, 0 - 1080, 2400) epz=Point(1080, 2400) d=0 taskParent=-1 winMode=1 userId=0},
10-18 18:54:31.130  5264  5286 V WindowManagerShell:         {m=CLOSE f=NONE leash=Surface(name=Task=21#246)/@0xbd0357e sb=Rect(0, 0 - 1080, 2400) eb=Rect(0, 0 - 1080, 2400) epz=Point(1080, 2400) d=0 taskParent=-1 winMode=1 userId=0},
10-18 18:54:31.130  5264  5286 V WindowManagerShell:         {m=TO_FRONT f=IS_WALLPAPER leash=Surface(name=WallpaperWindowToken{e0df7d2}#69)/@0x5675adf sb=Rect(0, 0 - 1080, 2400) eb=Rect(0, 0 - 1080, 2400) epz=Point(1080, 2400) d=0}
10-18 18:54:31.130  5264  5286 V WindowManagerShell:     ]}
10-18 18:54:31.132  5264  5286 V WindowManagerShell: Playing animation for (#17) android.os.BinderProxy@4fda983@0
10-18 18:54:31.134  5264  5286 V ShellRecents: RecentsTransitionHandler.startAnimation: no controller found
10-18 18:54:31.136  5264  5286 V WindowManagerShell: Transition doesn't have explicit remote, search filters for match for {id=17 t=CLOSE f=0x10 trk=0 r=[0@Point(0, 0)] c=[{m=TO_FRONT f=SHOW_WALLPAPER|MOVE_TO_TOP leash=Surface(name=Task=1#122)/@0x2c56b39 sb=Rect(0, 0 - 1080, 2400) eb=Rect(0, 0 - 1080, 2400) epz=Point(1080, 2400) d=0 taskParent=-1 winMode=1 userId=0},{m=CLOSE f=NONE leash=Surface(name=Task=21#246)/@0xbd0357e sb=Rect(0, 0 - 1080, 2400) eb=Rect(0, 0 - 1080, 2400) epz=Point(1080, 2400) d=0 taskParent=-1 winMode=1 userId=0},{m=TO_FRONT f=IS_WALLPAPER leash=Surface(name=WallpaperWindowToken{e0df7d2}#69)/@0x5675adf sb=Rect(0, 0 - 1080, 2400) eb=Rect(0, 0 - 1080, 2400) epz=Point(1080, 2400) d=0}]}
10-18 18:54:31.136  5264  5286 V WindowManagerShell:  Checking filter Pair{{types=[] flags=0x0] notFlags=0x0 checks=[{atype=undefined independent=true modes=[CLOSE,TO_BACK] flags=IN_TASK_WITH_EMBEDDED_ACTIVITY mustBeTask=false order=ANY topActivity=null launchCookie=null taskFragmentToken=android.os.BinderProxy@792842c windowingMode=undefined}]} RemoteTransition { remoteTransition = android.window.IRemoteTransition$Stub$Proxy@3afdef5, appThread = android.app.IApplicationThread$Stub$Proxy@e4ec48a, debugName = overlayBackTransition }}
10-18 18:54:31.136  5264  5286 V WindowManagerShell:  Checking filter Pair{{types=[] flags=0x0] notFlags=0x0 checks=[{atype=dream independent=true modes=[OPEN,TO_FRONT] flags=NONE mustBeTask=false order=ANY topActivity=null launchCookie=null windowingMode=undefined},{atype=home independent=true modes=[CLOSE,TO_BACK] flags=NONE mustBeTask=false order=ANY topActivity=null launchCookie=null windowingMode=undefined}]} RemoteTransition { remoteTransition = android.window.IRemoteTransition$Stub$Proxy@427eafb, appThread = android.app.IApplicationThread$Stub$Proxy@7b9b718, debugName = LauncherToDream }}
10-18 18:54:31.136  5264  5286 V WindowManagerShell:  Checking filter Pair{{types=[] flags=0x0] notFlags=0x100 checks=[{atype=home independent=true modes=[OPEN,TO_FRONT] flags=NONE mustBeTask=false order=TOP topActivity=ComponentInfo{com.google.android.apps.nexuslauncher/com.google.android.apps.nexuslauncher.NexusLauncherActivity} launchCookie=null windowingMode=undefined},{atype=standard independent=true modes=[CLOSE,TO_BACK] flags=NONE mustBeTask=false order=ANY topActivity=null launchCookie=null windowingMode=undefined},{NOT atype=undefined independent=true modes=[] flags=NONE mustBeTask=true order=ANY topActivity=null launchCookie=null customAnim=true windowingMode=undefined}]} RemoteTransition { remoteTransition = android.window.IRemoteTransition$Stub$Proxy@46c7571, appThread = android.app.IApplicationThread$Stub$Proxy@45c9f56, debugName = QuickstepLaunchHome }}
10-18 18:54:31.136  5264  5286 D RemoteTransitionHandler: Found filterPair{{types=[] flags=0x0] notFlags=0x100 checks=[{atype=home independent=true modes=[OPEN,TO_FRONT] flags=NONE mustBeTask=false order=TOP topActivity=ComponentInfo{com.google.android.apps.nexuslauncher/com.google.android.apps.nexuslauncher.NexusLauncherActivity} launchCookie=null windowingMode=undefined},{atype=standard independent=true modes=[CLOSE,TO_BACK] flags=NONE mustBeTask=false order=ANY topActivity=null launchCookie=null windowingMode=undefined},{NOT atype=undefined independent=true modes=[] flags=NONE mustBeTask=true order=ANY topActivity=null launchCookie=null customAnim=true windowingMode=undefined}]} RemoteTransition { remoteTransition = android.window.IRemoteTransition$Stub$Proxy@46c7571, appThread = android.app.IApplicationThread$Stub$Proxy@45c9f56, debugName = QuickstepLaunchHome }}
10-18 18:54:31.136  5264  5286 V WindowManagerShell:  Delegate animation for (#17) to RemoteTransition { remoteTransition = android.window.IRemoteTransition$Stub$Proxy@46c7571, appThread = android.app.IApplicationThread$Stub$Proxy@45c9f56, debugName = QuickstepLaunchHome }
10-18 18:54:31.138  2329  2486 I AiAiEcho: Predicting[0]:  [CONTEXT sampling_count=5 ]
10-18 18:54:31.138  2329  2486 I AiAiEcho: EchoTargets: 
10-18 18:54:31.138  2329  2486 I AiAiEcho: Filtered by AiAi flag check: 
10-18 18:54:31.138  2329  2486 I AiAiEcho: [CONTEXT ratelimit_period="10 SECONDS" ]
10-18 18:54:31.138  2329  2486 I AiAiEcho: #remoteViewsTwiddler: feature disabled.
10-18 18:54:31.139  1093  1129 D QuickstepModelDelegate: notifyAppTargetEvent action=1 launchLocation=workspace/0/[-1,-1]/[1,1]
10-18 18:54:31.151   687   710 V WindowManager: Sent Transition (#17) createdAt=10-18 18:54:31.019 via request=TransitionRequestInfo { type = CLOSE, triggerTask = TaskInfo{userId=0 taskId=21 effectiveUid=10216 displayId=0 isRunning=true baseIntent=Intent { act=android.intent.action.MAIN cat=[android.intent.category.LAUNCHER] flg=0x10200000 cmp=com.biohackerjoe.learninghub/.MainActivity } baseActivity=ComponentInfo{com.biohackerjoe.learninghub/com.biohackerjoe.learninghub.MainActivity} topActivity=ComponentInfo{com.biohackerjoe.learninghub/com.biohackerjoe.learninghub.MainActivity} origActivity=null realActivity=ComponentInfo{com.biohackerjoe.learninghub/com.biohackerjoe.learninghub.MainActivity} numActivities=1 lastActiveTime=13473513 supportsMultiWindow=true resizeMode=1 isResizeable=true minWidth=-1 minHeight=-1 defaultMinSize=220 token=WCT{RemoteToken{e7f7396 Task{d7cb741 #21 type=standard I=com.biohackerjoe.learninghub/.MainActivity}}} topActivityType=1 pictureInPictureParams=null shouldDockBigOverlays=false launchIntoPipHostTaskId=-1 lastParentTaskIdBeforePip=-1 displayCutoutSafeInsets=Rect(0, 0 - 0, 0) topActivityInfo=ActivityInfo{d801b17 com.biohackerjoe.learninghub.MainActivity} launchCookies=[android.os.BinderProxy@296bb04] positionInParent=Point(0, 0) parentTaskId=-1 isFocused=true isVisible=true isVisibleRequested=true isTopActivityNoDisplay=false isSleeping=false locusId=null displayAreaFeatureId=1 isTopActivityTransparent=false isActivityStackTransparent=false lastNonFullscreenBounds=null capturedLink=null capturedLinkTimestamp=0 requestedVisibleTypes=503 topActivityRequestOpenInBrowserEducationTimestamp=0 appCompatTaskInfo=AppCompatTaskInfo { topActivityInSizeCompat=false isLeafTask= true eligibleForLetterboxEducation= false isLetterboxEducationEnabled= true isLetterboxDoubleTapEnabled= false eligibleForUserAspectRatioButton= false topActivityBoundsLetterboxed= false isFromLetterboxDoubleTap= false topActivityLetterboxVerticalPosition= -1 topActivityLetterboxHorizontalPosition= -1 topActivityLetterboxWidth=-1 topActivityLetterboxHeight=-1 topActivityAppBounds=Rect(0, 0 - 1080, 2337) isUserFullscreenOverrideEnabled=false isSystemFullscreenOverrideEnabled=false hasMinAspectRatioOverride=false topActivityLetterboxBounds=null cameraCompatTaskInfo=CameraCompatTaskInfo { cameraCompatMode=inactiveundefined} topNonResizableActivityAspectRatio=-1.0} topActivityMainWindowFrame=null isAppBubble=false}, pipChange = null, remoteTransition = null, displayChange = null, requestedLocation = null, userChange = null, flags = 16, debugId = 17 }
10-18 18:54:31.153   687   710 V WindowManager:     startWCT=WindowContainerTransaction { changes= {} hops= [] errorCallbackToken=null taskFragmentOrganizer=null }
10-18 18:54:31.154   687   710 V WindowManager:     info={id=17 t=CLOSE f=0x10 trk=0 r=[0@Point(0, 0)] c=[
10-18 18:54:31.154   687   710 V WindowManager:         {WCT{RemoteToken{380f8a5 Task{185bbd3 #1 type=home}}} m=TO_FRONT f=SHOW_WALLPAPER|MOVE_TO_TOP leash=Surface(name=Task=1#122)/@0x5b27837 sb=Rect(0, 0 - 1080, 2400) eb=Rect(0, 0 - 1080, 2400) epz=Point(1080, 2400) d=0 taskParent=-1 winMode=1 userId=0},
10-18 18:54:31.154   687   710 V WindowManager:         {WCT{RemoteToken{e7f7396 Task{d7cb741 #21 type=standard I=com.biohackerjoe.learninghub/.MainActivity}}} m=CLOSE f=NONE leash=Surface(name=Task=21#246)/@0x9c0d4ca sb=Rect(0, 0 - 1080, 2400) eb=Rect(0, 0 - 1080, 2400) epz=Point(1080, 2400) d=0 taskParent=-1 winMode=1 userId=0},
10-18 18:54:31.154   687   710 V WindowManager:         {m=TO_FRONT f=IS_WALLPAPER leash=Surface(name=WallpaperWindowToken{e0df7d2}#69)/@0x85eaf6e sb=Rect(0, 0 - 1080, 2400) eb=Rect(0, 0 - 1080, 2400) epz=Point(1080, 2400) d=0}
10-18 18:54:31.154   687   710 V WindowManager:     ]}
10-18 18:54:31.154  5264  5286 V WindowManagerShell:  animated by com.android.wm.shell.transition.RemoteTransitionHandler@6803bd7
10-18 18:54:31.158  2329  2486 I AiAiEcho: #postPredictionTargets: Sending updates to UISurface home with targets# 0 (types=[])
10-18 18:54:31.168  5264  5294 D WindowOnBackDispatcher: setTopOnBackInvokedCallback (unwrapped): null
10-18 18:54:31.168   687  1044 D CoreBackPreview: Window{41c867d u0 Splash Screen com.biohackerjoe.learninghub EXITING}: Setting back callback null
10-18 18:54:31.178  1093  1093 D SsBaseTemplateCard: Passed-in item info is null
10-18 18:54:31.180  1093  1093 D SsBaseTemplateCard: Passed-in item info is null
10-18 18:54:31.180  1093  1093 D SsBaseTemplateCard: Passed-in item info is null
10-18 18:54:31.181  1093  1093 D SsBaseTemplateCard: Passed-in item info is null
10-18 18:54:31.181  1093  1093 I SsBaseTemplateCard: Secondary card pane is null
10-18 18:54:31.187   566   679 W libbinder.IPCThreadState: Sending oneway calls to frozen process.
10-18 18:54:31.188   566   679 W libbinder.IPCThreadState: Sending oneway calls to frozen process.
10-18 18:54:31.205  1093  1093 D BaseActivity: Launcher flags updated: [state_started|state_resumed|state_deferred_resumed|state_window_focused|state_user_active] +[state_window_focused]
10-18 18:54:31.208   687   812 I ImeTracker: com.google.android.apps.nexuslauncher:63580bc4: onRequestHide at ORIGIN_SERVER reason HIDE_SAME_WINDOW_FOCUSED_WITHOUT_EDITOR fromUser false
10-18 18:54:31.218  1326  1326 I GoogleInputMethodService: GoogleInputMethodService.onFinishInput():1984 
10-18 18:54:31.221  1326  1326 I Module  : DeviceLockedStatusModuleProvider$Module.updateDeviceLockedStatus():100 repeatCheckTimes = 0, locked = false
10-18 18:54:31.222  1326  1326 I GoogleInputMethodService: GoogleInputMethodService.onStartInput():1248 onStartInput(EditorInfo{EditorInfo{packageName=com.google.android.apps.nexuslauncher, inputType=0, inputTypeString=NULL, enableLearning=false, autoCorrection=false, autoComplete=false, imeOptions=0, privateImeOptions=null, actionName=UNSPECIFIED, actionLabel=null, initialSelStart=-1, initialSelEnd=-1, initialCapsMode=0, label=null, fieldId=0, fieldName=null, extras=null, hintText=null, hintLocales=[]}}, false)
10-18 18:54:31.229  1093  1093 D StateManager: createAtomicAnimation - fromState: Background, toState: Normal, partial trace:
10-18 18:54:31.229  1093  1093 D StateManager: 	at com.android.quickstep.util.ScalingWorkspaceRevealAnim.<init>(go/retraceme f71359c1d0b85a0dd17763d555661201cd80030d766df1ac8ddda60516fd4cfd:54)
10-18 18:54:31.229  1093  1093 D StateManager: 	at com.android.launcher3.QuickstepTransitionManager.createWallpaperOpenAnimations(go/retraceme f71359c1d0b85a0dd17763d555661201cd80030d766df1ac8ddda60516fd4cfd:83)
10-18 18:54:31.229  1093  1093 D StateManager: 	at com.android.launcher3.QuickstepTransitionManager$WallpaperOpenLauncherAnimationRunner.onAnimationStart(go/retraceme f71359c1d0b85a0dd17763d555661201cd80030d766df1ac8ddda60516fd4cfd:96)
10-18 18:54:31.230  1093  1093 D AllAppsTransitionController: shouldProtectHeader: false skipScrim: true state: Normal stateManager.getState(): Normal
10-18 18:54:31.231  1326  1326 I Module  : DeviceLockedStatusModuleProvider$Module.updateDeviceLockedStatus():100 repeatCheckTimes = 1, locked = false
10-18 18:54:31.232  1093  1093 D KeyboardInsetsHandler: removePendingImeController: pendingImeController=null
10-18 18:54:31.235  1093  1093 V BaseDepthController: Applying blur: 0 to Surface(name=com.google.android.apps.nexuslauncher/com.google.android.apps.nexuslauncher.NexusLauncherActivity#150)/@0x501cc7 applyImmediately: false
10-18 18:54:31.235  1093  1093 D BaseDepthController: shouldBlurWorkspace: false targetState: Normal currentStableState: Normal mCurrentBlur: 0 mLauncher.getDepthBlurTargets(): [com.android.launcher3.Workspace{ec8eec9 V.ED..... ......ID 0,0-1080,2400 #7f0a049a app:id/workspace}, com.android.launcher3.Hotseat{cc519ce V.ED..... .......D 0,1905-1080,2400 #7f0a01ed app:id/hotseat}]
10-18 18:54:31.235  1093  1093 V BaseDepthController: Applying blur: 0 to Surface(name=com.google.android.apps.nexuslauncher/com.google.android.apps.nexuslauncher.NexusLauncherActivity#150)/@0x501cc7 applyImmediately: false
10-18 18:54:31.235  1093  1093 D BaseDepthController: shouldBlurWorkspace: false targetState: Normal currentStableState: Normal mCurrentBlur: 0 mLauncher.getDepthBlurTargets(): [com.android.launcher3.Workspace{ec8eec9 V.ED..... ......ID 0,0-1080,2400 #7f0a049a app:id/workspace}, com.android.launcher3.Hotseat{cc519ce V.ED..... .......D 0,1905-1080,2400 #7f0a01ed app:id/hotseat}]
10-18 18:54:31.235  1093  1093 D b/311077782: LauncherAnimationRunner.setAnimation
10-18 18:54:31.235  1093  1093 V BaseDepthController: Applying blur: 0 to Surface(name=com.google.android.apps.nexuslauncher/com.google.android.apps.nexuslauncher.NexusLauncherActivity#150)/@0x501cc7 applyImmediately: false
10-18 18:54:31.235  1093  1093 D BaseDepthController: shouldBlurWorkspace: false targetState: Normal currentStableState: Normal mCurrentBlur: 0 mLauncher.getDepthBlurTargets(): [com.android.launcher3.Workspace{ec8eec9 V.ED..... ......ID 0,0-1080,2400 #7f0a049a app:id/workspace}, com.android.launcher3.Hotseat{cc519ce V.ED..... ......ID 0,1905-1080,2400 #7f0a01ed app:id/hotseat}]
10-18 18:54:31.235  1093  1093 V BaseDepthController: Applying blur: 0 to Surface(name=com.google.android.apps.nexuslauncher/com.google.android.apps.nexuslauncher.NexusLauncherActivity#150)/@0x501cc7 applyImmediately: false
