10-18 18:52:40.087  1093  1093 D BaseDepthController: shouldBlurWorkspace: false targetState: Normal currentStableState: Normal mCurrentBlur: 0 mLauncher.getDepthBlurTargets(): [com.android.launcher3.Workspace{ec8eec9 V.ED..... ........ 0,0-1080,2400 #7f0a049a app:id/workspace}, com.android.launcher3.Hotseat{cc519ce V.ED..... ........ 0,1905-1080,2400 #7f0a01ed app:id/hotseat}]
10-18 18:52:40.105  1093  1093 V BaseDepthController: Applying blur: 0 to Surface(name=com.google.android.apps.nexuslauncher/com.google.android.apps.nexuslauncher.NexusLauncherActivity#150)/@0x501cc7 applyImmediately: false
10-18 18:52:40.105  1093  1093 D BaseDepthController: shouldBlurWorkspace: false targetState: Normal currentStableState: Normal mCurrentBlur: 0 mLauncher.getDepthBlurTargets(): [com.android.launcher3.Workspace{ec8eec9 V.ED..... ........ 0,0-1080,2400 #7f0a049a app:id/workspace}, com.android.launcher3.Hotseat{cc519ce V.ED..... ........ 0,1905-1080,2400 #7f0a01ed app:id/hotseat}]
10-18 18:52:40.124  1093  1093 V BaseDepthController: Applying blur: 0 to Surface(name=com.google.android.apps.nexuslauncher/com.google.android.apps.nexuslauncher.NexusLauncherActivity#150)/@0x501cc7 applyImmediately: false
10-18 18:52:40.125  1093  1093 D BaseDepthController: shouldBlurWorkspace: false targetState: Normal currentStableState: Normal mCurrentBlur: 0 mLauncher.getDepthBlurTargets(): [com.android.launcher3.Workspace{ec8eec9 V.ED..... ........ 0,0-1080,2400 #7f0a049a app:id/workspace}, com.android.launcher3.Hotseat{cc519ce V.ED..... ........ 0,1905-1080,2400 #7f0a01ed app:id/hotseat}]
10-18 18:52:40.138  1093  1093 V BaseDepthController: Applying blur: 0 to Surface(name=com.google.android.apps.nexuslauncher/com.google.android.apps.nexuslauncher.NexusLauncherActivity#150)/@0x501cc7 applyImmediately: false
10-18 18:52:40.138  1093  1093 D BaseDepthController: shouldBlurWorkspace: false targetState: Normal currentStableState: Normal mCurrentBlur: 0 mLauncher.getDepthBlurTargets(): [com.android.launcher3.Workspace{ec8eec9 V.ED..... ........ 0,0-1080,2400 #7f0a049a app:id/workspace}, com.android.launcher3.Hotseat{cc519ce V.ED..... ........ 0,1905-1080,2400 #7f0a01ed app:id/hotseat}]
10-18 18:52:40.162  1093  1093 V BaseDepthController: Applying blur: 0 to Surface(name=com.google.android.apps.nexuslauncher/com.google.android.apps.nexuslauncher.NexusLauncherActivity#150)/@0x501cc7 applyImmediately: false
10-18 18:52:40.165  1093  1093 D BaseDepthController: setEarlyWakeup: true
10-18 18:52:40.165  1093  1093 D BaseDepthController: shouldBlurWorkspace: false targetState: Normal currentStableState: Normal mCurrentBlur: 0 mLauncher.getDepthBlurTargets(): [com.android.launcher3.Workspace{ec8eec9 V.ED..... ........ 0,0-1080,2400 #7f0a049a app:id/workspace}, com.android.launcher3.Hotseat{cc519ce V.ED..... ........ 0,1905-1080,2400 #7f0a01ed app:id/hotseat}]
10-18 18:52:40.185  1093  1093 V BaseDepthController: Applying blur: 0 to Surface(name=com.google.android.apps.nexuslauncher/com.google.android.apps.nexuslauncher.NexusLauncherActivity#150)/@0x501cc7 applyImmediately: false
10-18 18:52:40.187  1093  1093 D BaseDepthController: shouldBlurWorkspace: false targetState: Normal currentStableState: Normal mCurrentBlur: 0 mLauncher.getDepthBlurTargets(): [com.android.launcher3.Workspace{ec8eec9 V.ED..... ........ 0,0-1080,2400 #7f0a049a app:id/workspace}, com.android.launcher3.Hotseat{cc519ce V.ED..... ........ 0,1905-1080,2400 #7f0a01ed app:id/hotseat}]
10-18 18:52:40.204  1093  1093 V BaseDepthController: Applying blur: 0 to Surface(name=com.google.android.apps.nexuslauncher/com.google.android.apps.nexuslauncher.NexusLauncherActivity#150)/@0x501cc7 applyImmediately: false
10-18 18:52:40.204  1093  1093 D BaseDepthController: shouldBlurWorkspace: false targetState: Normal currentStableState: Normal mCurrentBlur: 0 mLauncher.getDepthBlurTargets(): [com.android.launcher3.Workspace{ec8eec9 V.ED..... ........ 0,0-1080,2400 #7f0a049a app:id/workspace}, com.android.launcher3.Hotseat{cc519ce V.ED..... ........ 0,1905-1080,2400 #7f0a01ed app:id/hotseat}]
10-18 18:52:40.217  1093  1093 V BaseDepthController: Applying blur: 0 to Surface(name=com.google.android.apps.nexuslauncher/com.google.android.apps.nexuslauncher.NexusLauncherActivity#150)/@0x501cc7 applyImmediately: false
10-18 18:52:40.217  1093  1093 D BaseDepthController: shouldBlurWorkspace: false targetState: Normal currentStableState: Normal mCurrentBlur: 0 mLauncher.getDepthBlurTargets(): [com.android.launcher3.Workspace{ec8eec9 V.ED..... ........ 0,0-1080,2400 #7f0a049a app:id/workspace}, com.android.launcher3.Hotseat{cc519ce V.ED..... ........ 0,1905-1080,2400 #7f0a01ed app:id/hotseat}]
10-18 18:52:40.249  1093  1093 V BaseDepthController: Applying blur: 0 to Surface(name=com.google.android.apps.nexuslauncher/com.google.android.apps.nexuslauncher.NexusLauncherActivity#150)/@0x501cc7 applyImmediately: false
10-18 18:52:40.249  1093  1093 D BaseDepthController: shouldBlurWorkspace: false targetState: Normal currentStableState: Normal mCurrentBlur: 0 mLauncher.getDepthBlurTargets(): [com.android.launcher3.Workspace{ec8eec9 V.ED..... ........ 0,0-1080,2400 #7f0a049a app:id/workspace}, com.android.launcher3.Hotseat{cc519ce V.ED..... ........ 0,1905-1080,2400 #7f0a01ed app:id/hotseat}]
10-18 18:52:40.268  1093  1093 V BaseDepthController: Applying blur: 0 to Surface(name=com.google.android.apps.nexuslauncher/com.google.android.apps.nexuslauncher.NexusLauncherActivity#150)/@0x501cc7 applyImmediately: false
10-18 18:52:40.268  1093  1093 D BaseDepthController: shouldBlurWorkspace: false targetState: Normal currentStableState: Normal mCurrentBlur: 0 mLauncher.getDepthBlurTargets(): [com.android.launcher3.Workspace{ec8eec9 V.ED..... ........ 0,0-1080,2400 #7f0a049a app:id/workspace}, com.android.launcher3.Hotseat{cc519ce V.ED..... ........ 0,1905-1080,2400 #7f0a01ed app:id/hotseat}]
10-18 18:52:40.283  1093  1093 V BaseDepthController: Applying blur: 0 to Surface(name=com.google.android.apps.nexuslauncher/com.google.android.apps.nexuslauncher.NexusLauncherActivity#150)/@0x501cc7 applyImmediately: false
10-18 18:52:40.283  1093  1093 D BaseDepthController: shouldBlurWorkspace: false targetState: Normal currentStableState: Normal mCurrentBlur: 0 mLauncher.getDepthBlurTargets(): [com.android.launcher3.Workspace{ec8eec9 V.ED..... ........ 0,0-1080,2400 #7f0a049a app:id/workspace}, com.android.launcher3.Hotseat{cc519ce V.ED..... ........ 0,1905-1080,2400 #7f0a01ed app:id/hotseat}]
10-18 18:52:40.298  1093  1093 V BaseDepthController: Applying blur: 0 to Surface(name=com.google.android.apps.nexuslauncher/com.google.android.apps.nexuslauncher.NexusLauncherActivity#150)/@0x501cc7 applyImmediately: false
10-18 18:52:40.299  1093  1093 D BaseDepthController: shouldBlurWorkspace: false targetState: Normal currentStableState: Normal mCurrentBlur: 0 mLauncher.getDepthBlurTargets(): [com.android.launcher3.Workspace{ec8eec9 V.ED..... ........ 0,0-1080,2400 #7f0a049a app:id/workspace}, com.android.launcher3.Hotseat{cc519ce V.ED..... ........ 0,1905-1080,2400 #7f0a01ed app:id/hotseat}]
10-18 18:52:40.319  1093  1093 V BaseDepthController: Applying blur: 0 to Surface(name=com.google.android.apps.nexuslauncher/com.google.android.apps.nexuslauncher.NexusLauncherActivity#150)/@0x501cc7 applyImmediately: false
10-18 18:52:40.319  1093  1093 D BaseDepthController: shouldBlurWorkspace: false targetState: Normal currentStableState: Normal mCurrentBlur: 0 mLauncher.getDepthBlurTargets(): [com.android.launcher3.Workspace{ec8eec9 V.ED..... ........ 0,0-1080,2400 #7f0a049a app:id/workspace}, com.android.launcher3.Hotseat{cc519ce V.ED..... ........ 0,1905-1080,2400 #7f0a01ed app:id/hotseat}]
10-18 18:52:40.333  1093  1093 V BaseDepthController: Applying blur: 0 to Surface(name=com.google.android.apps.nexuslauncher/com.google.android.apps.nexuslauncher.NexusLauncherActivity#150)/@0x501cc7 applyImmediately: false
10-18 18:52:40.333  1093  1093 D BaseDepthController: shouldBlurWorkspace: false targetState: Normal currentStableState: Normal mCurrentBlur: 0 mLauncher.getDepthBlurTargets(): [com.android.launcher3.Workspace{ec8eec9 V.ED..... ........ 0,0-1080,2400 #7f0a049a app:id/workspace}, com.android.launcher3.Hotseat{cc519ce V.ED..... ........ 0,1905-1080,2400 #7f0a01ed app:id/hotseat}]
10-18 18:52:40.349  1093  1093 V BaseDepthController: Applying blur: 0 to Surface(name=com.google.android.apps.nexuslauncher/com.google.android.apps.nexuslauncher.NexusLauncherActivity#150)/@0x501cc7 applyImmediately: false
10-18 18:52:40.349  1093  1093 D BaseDepthController: shouldBlurWorkspace: false targetState: Normal currentStableState: Normal mCurrentBlur: 0 mLauncher.getDepthBlurTargets(): [com.android.launcher3.Workspace{ec8eec9 V.ED..... ........ 0,0-1080,2400 #7f0a049a app:id/workspace}, com.android.launcher3.Hotseat{cc519ce V.ED..... ........ 0,1905-1080,2400 #7f0a01ed app:id/hotseat}]
10-18 18:52:40.350  6364  6394 E ashmem  : Pinning is deprecated since Android Q. Please use trim or other methods.
10-18 18:52:40.366  1093  1093 V BaseDepthController: Applying blur: 0 to Surface(name=com.google.android.apps.nexuslauncher/com.google.android.apps.nexuslauncher.NexusLauncherActivity#150)/@0x501cc7 applyImmediately: false
10-18 18:52:40.367  1093  1093 D BaseDepthController: shouldBlurWorkspace: false targetState: Normal currentStableState: Normal mCurrentBlur: 0 mLauncher.getDepthBlurTargets(): [com.android.launcher3.Workspace{ec8eec9 V.ED..... ........ 0,0-1080,2400 #7f0a049a app:id/workspace}, com.android.launcher3.Hotseat{cc519ce V.ED..... ........ 0,1905-1080,2400 #7f0a01ed app:id/hotseat}]
10-18 18:52:40.382  1093  1093 V BaseDepthController: Applying blur: 0 to Surface(name=com.google.android.apps.nexuslauncher/com.google.android.apps.nexuslauncher.NexusLauncherActivity#150)/@0x501cc7 applyImmediately: false
10-18 18:52:40.382  1093  1093 D BaseDepthController: shouldBlurWorkspace: false targetState: Normal currentStableState: Normal mCurrentBlur: 0 mLauncher.getDepthBlurTargets(): [com.android.launcher3.Workspace{ec8eec9 V.ED..... ........ 0,0-1080,2400 #7f0a049a app:id/workspace}, com.android.launcher3.Hotseat{cc519ce V.ED..... ........ 0,1905-1080,2400 #7f0a01ed app:id/hotseat}]
10-18 18:52:40.399  1093  1093 V BaseDepthController: Applying blur: 0 to Surface(name=com.google.android.apps.nexuslauncher/com.google.android.apps.nexuslauncher.NexusLauncherActivity#150)/@0x501cc7 applyImmediately: false
10-18 18:52:40.399  1093  1093 D BaseDepthController: shouldBlurWorkspace: false targetState: Normal currentStableState: Normal mCurrentBlur: 0 mLauncher.getDepthBlurTargets(): [com.android.launcher3.Workspace{ec8eec9 V.ED..... ........ 0,0-1080,2400 #7f0a049a app:id/workspace}, com.android.launcher3.Hotseat{cc519ce V.ED..... ........ 0,1905-1080,2400 #7f0a01ed app:id/hotseat}]
10-18 18:52:40.413  1093  1093 V BaseDepthController: Applying blur: 0 to Surface(name=com.google.android.apps.nexuslauncher/com.google.android.apps.nexuslauncher.NexusLauncherActivity#150)/@0x501cc7 applyImmediately: false
10-18 18:52:40.413  1093  1093 D BaseDepthController: shouldBlurWorkspace: false targetState: Normal currentStableState: Normal mCurrentBlur: 0 mLauncher.getDepthBlurTargets(): [com.android.launcher3.Workspace{ec8eec9 V.ED..... ........ 0,0-1080,2400 #7f0a049a app:id/workspace}, com.android.launcher3.Hotseat{cc519ce V.ED..... ........ 0,1905-1080,2400 #7f0a01ed app:id/hotseat}]
10-18 18:52:40.430  1093  1093 V BaseDepthController: Applying blur: 0 to Surface(name=com.google.android.apps.nexuslauncher/com.google.android.apps.nexuslauncher.NexusLauncherActivity#150)/@0x501cc7 applyImmediately: false
10-18 18:52:40.430  1093  1093 D BaseDepthController: shouldBlurWorkspace: false targetState: Normal currentStableState: Normal mCurrentBlur: 0 mLauncher.getDepthBlurTargets(): [com.android.launcher3.Workspace{ec8eec9 V.ED..... ........ 0,0-1080,2400 #7f0a049a app:id/workspace}, com.android.launcher3.Hotseat{cc519ce V.ED..... ........ 0,1905-1080,2400 #7f0a01ed app:id/hotseat}]
10-18 18:52:40.445  1093  1093 V BaseDepthController: Applying blur: 0 to Surface(name=com.google.android.apps.nexuslauncher/com.google.android.apps.nexuslauncher.NexusLauncherActivity#150)/@0x501cc7 applyImmediately: false
10-18 18:52:40.445  1093  1093 D BaseDepthController: shouldBlurWorkspace: false targetState: Normal currentStableState: Normal mCurrentBlur: 0 mLauncher.getDepthBlurTargets(): [com.android.launcher3.Workspace{ec8eec9 V.ED..... ........ 0,0-1080,2400 #7f0a049a app:id/workspace}, com.android.launcher3.Hotseat{cc519ce V.ED..... ........ 0,1905-1080,2400 #7f0a01ed app:id/hotseat}]
10-18 18:52:40.463  1093  1093 V BaseDepthController: Applying blur: 0 to Surface(name=com.google.android.apps.nexuslauncher/com.google.android.apps.nexuslauncher.NexusLauncherActivity#150)/@0x501cc7 applyImmediately: false
10-18 18:52:40.464  1093  1093 D BaseDepthController: shouldBlurWorkspace: false targetState: Normal currentStableState: Normal mCurrentBlur: 0 mLauncher.getDepthBlurTargets(): [com.android.launcher3.Workspace{ec8eec9 V.ED..... ........ 0,0-1080,2400 #7f0a049a app:id/workspace}, com.android.launcher3.Hotseat{cc519ce V.ED..... ........ 0,1905-1080,2400 #7f0a01ed app:id/hotseat}]
10-18 18:52:40.483  1093  1093 V BaseDepthController: Applying blur: 0 to Surface(name=com.google.android.apps.nexuslauncher/com.google.android.apps.nexuslauncher.NexusLauncherActivity#150)/@0x501cc7 applyImmediately: false
10-18 18:52:40.484  1093  1093 D BaseDepthController: shouldBlurWorkspace: false targetState: Normal currentStableState: Normal mCurrentBlur: 0 mLauncher.getDepthBlurTargets(): [com.android.launcher3.Workspace{ec8eec9 V.ED..... ........ 0,0-1080,2400 #7f0a049a app:id/workspace}, com.android.launcher3.Hotseat{cc519ce V.ED..... ........ 0,1905-1080,2400 #7f0a01ed app:id/hotseat}]
10-18 18:52:40.497  1093  1093 V BaseDepthController: Applying blur: 0 to Surface(name=com.google.android.apps.nexuslauncher/com.google.android.apps.nexuslauncher.NexusLauncherActivity#150)/@0x501cc7 applyImmediately: false
10-18 18:52:40.497  1093  1093 D BaseDepthController: shouldBlurWorkspace: false targetState: Normal currentStableState: Normal mCurrentBlur: 0 mLauncher.getDepthBlurTargets(): [com.android.launcher3.Workspace{ec8eec9 V.ED..... ........ 0,0-1080,2400 #7f0a049a app:id/workspace}, com.android.launcher3.Hotseat{cc519ce V.ED..... ........ 0,1905-1080,2400 #7f0a01ed app:id/hotseat}]
10-18 18:52:40.515  1093  1093 V BaseDepthController: Applying blur: 0 to Surface(name=com.google.android.apps.nexuslauncher/com.google.android.apps.nexuslauncher.NexusLauncherActivity#150)/@0x501cc7 applyImmediately: false
10-18 18:52:40.515  1093  1093 D BaseDepthController: shouldBlurWorkspace: false targetState: Normal currentStableState: Normal mCurrentBlur: 0 mLauncher.getDepthBlurTargets(): [com.android.launcher3.Workspace{ec8eec9 V.ED..... ........ 0,0-1080,2400 #7f0a049a app:id/workspace}, com.android.launcher3.Hotseat{cc519ce V.ED..... ........ 0,1905-1080,2400 #7f0a01ed app:id/hotseat}]
10-18 18:52:40.529  1093  1093 V BaseDepthController: Applying blur: 0 to Surface(name=com.google.android.apps.nexuslauncher/com.google.android.apps.nexuslauncher.NexusLauncherActivity#150)/@0x501cc7 applyImmediately: false
10-18 18:52:40.529  1093  1093 D BaseDepthController: shouldBlurWorkspace: false targetState: Normal currentStableState: Normal mCurrentBlur: 0 mLauncher.getDepthBlurTargets(): [com.android.launcher3.Workspace{ec8eec9 V.ED..... ........ 0,0-1080,2400 #7f0a049a app:id/workspace}, com.android.launcher3.Hotseat{cc519ce V.ED..... ........ 0,1905-1080,2400 #7f0a01ed app:id/hotseat}]
10-18 18:52:40.546  1093  1093 V BaseDepthController: Applying blur: 0 to Surface(name=com.google.android.apps.nexuslauncher/com.google.android.apps.nexuslauncher.NexusLauncherActivity#150)/@0x501cc7 applyImmediately: false
10-18 18:52:40.547  1093  1093 D BaseDepthController: shouldBlurWorkspace: false targetState: Normal currentStableState: Normal mCurrentBlur: 0 mLauncher.getDepthBlurTargets(): [com.android.launcher3.Workspace{ec8eec9 V.ED..... ........ 0,0-1080,2400 #7f0a049a app:id/workspace}, com.android.launcher3.Hotseat{cc519ce V.ED..... ........ 0,1905-1080,2400 #7f0a01ed app:id/hotseat}]
10-18 18:52:40.574   687   902 D BackgroundInstallControlService: Package event received: 0
10-18 18:52:40.585  1093  1093 V BaseDepthController: Applying blur: 0 to Surface(name=com.google.android.apps.nexuslauncher/com.google.android.apps.nexuslauncher.NexusLauncherActivity#150)/@0x501cc7 applyImmediately: false
10-18 18:52:40.585  1093  1093 D BaseDepthController: shouldBlurWorkspace: false targetState: Normal currentStableState: Normal mCurrentBlur: 0 mLauncher.getDepthBlurTargets(): [com.android.launcher3.Workspace{ec8eec9 V.ED..... ........ 0,0-1080,2400 #7f0a049a app:id/workspace}, com.android.launcher3.Hotseat{cc519ce V.ED..... ........ 0,1905-1080,2400 #7f0a01ed app:id/hotseat}]
10-18 18:52:40.597  1093  1093 V BaseDepthController: Applying blur: 0 to Surface(name=com.google.android.apps.nexuslauncher/com.google.android.apps.nexuslauncher.NexusLauncherActivity#150)/@0x501cc7 applyImmediately: false
10-18 18:52:40.597  1093  1093 D BaseDepthController: shouldBlurWorkspace: false targetState: Normal currentStableState: Normal mCurrentBlur: 0 mLauncher.getDepthBlurTargets(): [com.android.launcher3.Workspace{ec8eec9 V.ED..... ........ 0,0-1080,2400 #7f0a049a app:id/workspace}, com.android.launcher3.Hotseat{cc519ce V.ED..... ........ 0,1905-1080,2400 #7f0a01ed app:id/hotseat}]
10-18 18:52:40.602   687  1044 D CompatChangeReporter: Compat change id reported: 261072174; UID 10216; state: ENABLED
10-18 18:52:40.604  1665  1665 D BoundBrokerSvc: onBind: Intent { act=com.google.android.gms.measurement.START xflg=0x4 pkg=com.google.android.gms }
10-18 18:52:40.604  1665  1665 D BoundBrokerSvc: Loading bound service for intent: Intent { act=com.google.android.gms.measurement.START xflg=0x4 pkg=com.google.android.gms }
10-18 18:52:40.622   687  1745 E SurfaceSyncGroup: Failed to receive transaction ready in 1000ms. Marking SurfaceSyncGroup(wmsSync-VRI[learninghub]#2) as ready
10-18 18:52:40.622   687  1745 E SurfaceSyncGroup: Failed to receive transaction ready in 1000ms. Marking SurfaceSyncGroup(VRI[learninghub]#3) as ready
10-18 18:52:40.632  1093  1093 V BaseDepthController: Applying blur: 0 to Surface(name=com.google.android.apps.nexuslauncher/com.google.android.apps.nexuslauncher.NexusLauncherActivity#150)/@0x501cc7 applyImmediately: false
10-18 18:52:40.632  1093  1093 D BaseDepthController: shouldBlurWorkspace: false targetState: Normal currentStableState: Normal mCurrentBlur: 0 mLauncher.getDepthBlurTargets(): [com.android.launcher3.Workspace{ec8eec9 V.ED..... ........ 0,0-1080,2400 #7f0a049a app:id/workspace}, com.android.launcher3.Hotseat{cc519ce V.ED..... ........ 0,1905-1080,2400 #7f0a01ed app:id/hotseat}]
10-18 18:52:40.658   687   793 D ActivityManager: freezing 4521 com.google.android.googlequicksearchbox:googleapp
10-18 18:52:40.663   687   793 D ActivityManager: freezing 4649 com.google.android.googlequicksearchbox:search
10-18 18:52:40.664  1093  1093 V BaseDepthController: Applying blur: 0 to Surface(name=com.google.android.apps.nexuslauncher/com.google.android.apps.nexuslauncher.NexusLauncherActivity#150)/@0x501cc7 applyImmediately: false
10-18 18:52:40.664  1093  1093 D BaseDepthController: shouldBlurWorkspace: false targetState: Normal currentStableState: Normal mCurrentBlur: 0 mLauncher.getDepthBlurTargets(): [com.android.launcher3.Workspace{ec8eec9 V.ED..... ........ 0,0-1080,2400 #7f0a049a app:id/workspace}, com.android.launcher3.Hotseat{cc519ce V.ED..... ........ 0,1905-1080,2400 #7f0a01ed app:id/hotseat}]
10-18 18:52:40.671   687   793 D ActivityManager: freezing 2811 com.google.android.adservices.api
10-18 18:52:40.674   687   793 D ActivityManager: freezing 4767 com.google.android.webview:sandboxed_process0:org.chromium.content.app.SandboxedProcessService0:0
10-18 18:52:40.717  1093  1093 V BaseDepthController: Applying blur: 0 to Surface(name=com.google.android.apps.nexuslauncher/com.google.android.apps.nexuslauncher.NexusLauncherActivity#150)/@0x501cc7 applyImmediately: false
10-18 18:52:40.717  1093  1093 D BaseDepthController: shouldBlurWorkspace: false targetState: Normal currentStableState: Normal mCurrentBlur: 0 mLauncher.getDepthBlurTargets(): [com.android.launcher3.Workspace{ec8eec9 V.ED..... ........ 0,0-1080,2400 #7f0a049a app:id/workspace}, com.android.launcher3.Hotseat{cc519ce V.ED..... ........ 0,1905-1080,2400 #7f0a01ed app:id/hotseat}]
10-18 18:52:40.758  1768  2214 E PlayCommon: [68] Failed to connect to server for log upload.
10-18 18:52:40.782  1093  1093 V BaseDepthController: Applying blur: 0 to Surface(name=com.google.android.apps.nexuslauncher/com.google.android.apps.nexuslauncher.NexusLauncherActivity#150)/@0x501cc7 applyImmediately: false
10-18 18:52:40.782  1093  1093 D BaseDepthController: setEarlyWakeup: false
10-18 18:52:40.782  1093  1093 D BaseDepthController: shouldBlurWorkspace: false targetState: Normal currentStableState: Normal mCurrentBlur: 0 mLauncher.getDepthBlurTargets(): [com.android.launcher3.Workspace{ec8eec9 V.ED..... ........ 0,0-1080,2400 #7f0a049a app:id/workspace}, com.android.launcher3.Hotseat{cc519ce V.ED..... ........ 0,1905-1080,2400 #7f0a01ed app:id/hotseat}]
10-18 18:52:40.808  5264  5269 I ndroid.systemui: CollectorTransition concurrent mark compact GC freed 9449KB AllocSpace bytes, 0(0B) LOS objects, 49% free, 23MB/47MB, paused 213us,34.711ms total 4.037s
10-18 18:52:40.812  1768  2183 I Finsky  : [56] SCH: Scheduling phonesky job Id: 12-1, CT: 1760809950674, Constraints: [{ L: 15000, D: 86400000, C: CHARGING_NONE, I: IDLE_NONE, N: NET_ANY, B: BATTERY_ANY }]
10-18 18:52:40.824  1768  2200 I Finsky  : [66] SCH: Scheduling 0 system job(s)
10-18 18:52:40.827  1768  2200 I Finsky  : [66] [ContentSync] finished, scheduled=true
10-18 18:52:40.891  5264  5271 W System  : A resource failed to call release. 
10-18 18:52:40.907  5264  5271 W System  : A resource failed to call release. 
10-18 18:52:40.908  5264  5271 W System  : A resource failed to call release. 
10-18 18:52:40.908  5264  5271 W System  : A resource failed to call release. 
10-18 18:52:40.908  5264  5271 W System  : A resource failed to call release. 
10-18 18:52:40.908  5264  5271 W System  : A resource failed to call release. 
10-18 18:52:40.908  5264  5271 W System  : A resource failed to call release. 
10-18 18:52:40.908  5264  5271 W System  : A resource failed to call release. 
10-18 18:52:40.908  5264  5271 W System  : A resource failed to call release. 
10-18 18:52:40.908  5264  5271 W System  : A resource failed to call release. 
10-18 18:52:40.948  1093  1093 D ScalingWorkspaceRevealAnim: onAnimationEnd, workspace and hotseat are visible
10-18 18:52:40.953  1093  1093 V BaseDepthController: Applying blur: 0 to Surface(name=com.google.android.apps.nexuslauncher/com.google.android.apps.nexuslauncher.NexusLauncherActivity#150)/@0x501cc7 applyImmediately: false
10-18 18:52:40.953  1093  1093 D BaseDepthController: shouldBlurWorkspace: false targetState: Normal currentStableState: Normal mCurrentBlur: 0 mLauncher.getDepthBlurTargets(): [com.android.launcher3.Workspace{ec8eec9 V.ED..... ......ID 0,0-1080,2400 #7f0a049a app:id/workspace}, com.android.launcher3.Hotseat{cc519ce V.ED..... ......ID 0,1905-1080,2400 #7f0a01ed app:id/hotseat}]
10-18 18:52:40.958  5264  5286 V WindowManagerShell: Transition animation finished (aborted=false), notifying core (#13) android.os.BinderProxy@4dc28ec@0
10-18 18:52:40.982   687   710 V WindowManager: Finish Transition (#13): created at 10-18 18:52:39.337 collect-started=0.026ms request-sent=0.133ms started=16.962ms ready=505.331ms sent=520.527ms commit=85.819ms finished=1642.975ms
10-18 18:52:40.990  5264  5286 V WindowManagerShell: Track 0 became idle
10-18 18:52:40.990  5264  5286 V WindowManagerShell: All active transition animations finished
10-18 18:52:41.021   687   923 W ImageReader_JNI: Unable to acquire a buffer item, very likely client tried to acquire more than maxImages buffers
10-18 18:52:41.071   687   711 W Looper  : Slow dispatch took 1510ms android.ui app=system_server main=false group=TOP_APP h=android.view.Choreographer$FrameHandler c=android.view.Choreographer$FrameDisplayEventReceiver@d5a0fa9 m=0
10-18 18:52:41.072   687   711 W Looper  : Slow delivery took 1522ms android.ui app=system_server main=false group=TOP_APP h=com.android.server.wm.DisplayPolicy$PolicyHandler c=com.android.server.wm.DisplayPolicy$$ExternalSyntheticLambda14@ffdd6e7 m=0
10-18 18:52:41.072   687   711 I Choreographer: Skipped 89 frames!  The application may be doing too much work on its main thread.
10-18 18:52:41.074   687  1044 I HWUI    : Davey! duration=1511ms; Flags=1, FrameTimelineVsyncId=39803, IntendedVsync=13362093793581, Vsync=13362093793581, InputEventId=0, HandleInputStart=13362096081535, AnimationStart=13362096081785, PerformTraversalsStart=13362096081993, DrawStart=13362324413035, FrameDeadline=13362110460247, FrameStartTime=13362096080243, FrameInterval=16666666, WorkloadTarget=16666666, SyncQueued=13362325109368, SyncStart=13362325970618, IssueDrawCommandsStart=13362326023493, SwapBuffers=13363576659327, FrameCompleted=13363606028536, DequeueBufferDuration=6709, QueueBufferDuration=13576500, GpuCompleted=13363593892494, SwapBuffersCompleted=13363606028536, DisplayPresentTime=30064771173, CommandSubmissionCompleted=13363576659327, 
10-18 18:52:41.136   687   787 W JobScheduler.JobStatus: Exempted app com.google.android.as considered buggy
10-18 18:52:41.144   687   787 W JobScheduler.JobStatus: Exempted app com.google.android.as considered buggy
10-18 18:52:41.144   687   787 W JobScheduler.JobStatus: Exempted app com.google.android.as considered buggy
10-18 18:52:41.144   687   787 W JobScheduler.JobStatus: Exempted app com.google.android.as considered buggy
10-18 18:52:41.144   687   787 W JobScheduler.JobStatus: Exempted app com.google.android.as considered buggy
10-18 18:52:41.144   687   787 W JobScheduler.JobStatus: Exempted app com.google.android.as considered buggy
10-18 18:52:41.144   687   787 W JobScheduler.JobStatus: Exempted app com.google.android.as considered buggy
10-18 18:52:41.322   687   711 W Looper  : Slow dispatch took 169ms android.ui app=system_server main=false group=TOP_APP h=android.view.Choreographer$FrameHandler c=android.view.Choreographer$FrameDisplayEventReceiver@d5a0fa9 m=0
10-18 18:52:41.334   687  1044 I HWUI    : Davey! duration=1747ms; Flags=0, FrameTimelineVsyncId=39818, IntendedVsync=13362110460247, Vsync=13363593793521, InputEventId=0, HandleInputStart=13363608773952, AnimationStart=13363608774327, PerformTraversalsStart=13363608863411, DrawStart=13363643562952, FrameDeadline=13363627126853, FrameStartTime=13363607111619, FrameInterval=16666666, WorkloadTarget=16666666, SyncQueued=13363643702994, SyncStart=13363643720702, IssueDrawCommandsStart=13363676461786, SwapBuffers=13363676904244, FrameCompleted=13363857812869, DequeueBufferDuration=1958, QueueBufferDuration=164257417, GpuCompleted=13363857777619, SwapBuffersCompleted=13363857812869, DisplayPresentTime=-1, CommandSubmissionCompleted=13363676904244, 
10-18 18:52:41.349   687   851 D InetDiagMessage: Destroyed 0 sockets, proto=IPPROTO_TCP, family=AF_INET, states=14
10-18 18:52:41.350   687   851 D InetDiagMessage: Destroyed 0 sockets, proto=IPPROTO_TCP, family=AF_INET6, states=14
10-18 18:52:41.350   687   851 D InetDiagMessage: Destroyed live tcp sockets for uids={10211} in 1ms
10-18 18:52:41.350   687   851 D InetDiagMessage: Destroyed 0 sockets, proto=IPPROTO_TCP, family=AF_INET, states=14
10-18 18:52:41.350   687   851 D InetDiagMessage: Destroyed 0 sockets, proto=IPPROTO_TCP, family=AF_INET6, states=14
10-18 18:52:41.350   687   851 D InetDiagMessage: Destroyed live tcp sockets for uids={99001} in 0ms
10-18 18:52:41.355   687   711 W Looper  : Drained
10-18 18:52:41.389   687   793 D ActivityManager: freezing 2293 com.android.vending:background
10-18 18:52:41.390   687   793 D ActivityManager: freezing 1768 com.android.vending
10-18 18:52:41.486   687   851 D InetDiagMessage: Destroyed 0 sockets, proto=IPPROTO_TCP, family=AF_INET, states=14
10-18 18:52:41.486   687   851 D InetDiagMessage: Destroyed 0 sockets, proto=IPPROTO_TCP, family=AF_INET6, states=14
10-18 18:52:41.486   687   851 D InetDiagMessage: Destroyed live tcp sockets for uids={10144} in 1ms
10-18 18:52:43.822   687   711 D WindowOnBackDispatcher: setTopOnBackInvokedCallback (unwrapped): null
10-18 18:52:43.823   687   711 D CoreBackPreview: Window{f092c17 u0 Application Error: com.biohackerjoe.learninghub}: Setting back callback null
10-18 18:52:43.825   687  2506 I ActivityManager: Killing 6364:com.biohackerjoe.learninghub/u0a216 (adj 900): crash
10-18 18:52:43.835   687  1725 D HWUI    : endAllActiveAnimators on 0xb4000076b30293d0 (RippleDrawable) with handle 0xb4000076c313f6f0
10-18 18:52:43.841  1665  1665 D BoundBrokerSvc: onUnbind: Intent { act=com.google.android.gms.measurement.START xflg=0x4 pkg=com.google.android.gms }
10-18 18:52:43.853   687  2506 E TransitionChain: Can't collect into a chain with no transition
10-18 18:52:43.853   687  2506 E TransitionChain: Can't collect into a chain with no transition
10-18 18:52:43.856   687   785 W AS.PlaybackActivityMon: No piid assigned for invalid/internal port id 15
10-18 18:52:43.887   538   538 I adbd    : Remote process closed the socket (on MSG_PEEK)
10-18 18:52:43.887   466   466 I Zygote  : Process 6364 exited due to signal 9 (Killed)
10-18 18:52:43.896  5264  5286 V ShellTaskOrganizer: Task vanished taskId=19
10-18 18:52:43.897  5264  5286 V ShellTaskOrganizer: Fullscreen Task Vanished: #19
10-18 18:52:43.898  1093  1093 D b/417220811: invalidateLoadedTasks - previous requestLoadId: -1
10-18 18:52:43.901   687  1721 W WindowManager: Failed looking up window session=Session{3189893 5264:u0a10185} callers=com.android.server.wm.WindowManagerService.windowForClient:6686 com.android.server.wm.WindowManagerService.relayoutWindow:2463 com.android.server.wm.Session.relayout:296 
10-18 18:52:43.902  5264  5294 D WindowOnBackDispatcher: setTopOnBackInvokedCallback (unwrapped): null
10-18 18:52:43.904   687  1044 W WindowManager: Failed looking up window session=Session{3189893 5264:u0a10185} callers=com.android.server.wm.WindowManagerService.windowForClient:6686 com.android.server.wm.Session.setOnBackInvokedCallbackInfo:989 android.view.IWindowSession$Stub.onTransact:1084 
10-18 18:52:43.908   566   679 W libbinder.IPCThreadState: Sending oneway calls to frozen process.
10-18 18:52:43.915  1093  1093 D BaseActivity: Launcher flags updated: [state_started|state_resumed|state_deferred_resumed|state_window_focused|state_user_active] +[state_window_focused]
10-18 18:52:43.919   687  1044 I WindowManager: setOnBackInvokedCallback(): No window state for package:com.android.systemui
10-18 18:52:43.920   687  1988 V ActivityManager: Got obituary of 6364:com.biohackerjoe.learninghub
10-18 18:52:43.922   687  2289 W WindowManager: Failed looking up window session=Session{3189893 5264:u0a10185} callers=com.android.server.wm.WindowManagerService.removeClientToken:2216 com.android.server.wm.Session.remove:283 android.view.IWindowSession$Stub.onTransact:639 
10-18 18:52:43.923   687  2506 W libbinder.Binder: Binder transaction to android.app.IActivityManager code 16 took 4590ms. Data bytes: 6008 Reply bytes: 4 Flags: 18
10-18 18:52:43.932   687   713 V WindowManager: Unknown focus tokens, dropping reportFocusChanged
10-18 18:52:43.934   687   812 I ImeTracker: com.google.android.apps.nexuslauncher:31001b5c: onRequestHide at ORIGIN_SERVER reason HIDE_SAME_WINDOW_FOCUSED_WITHOUT_EDITOR fromUser false
10-18 18:52:43.937  1093  1093 D RecentsView: onTaskRemoved: 19, not handling task stack changes
10-18 18:52:43.937  1093  1093 D RecentsView: onTaskRemoved: 19, not handling task stack changes
10-18 18:52:43.937  1093  1093 D InsetsController: hide(ime())
10-18 18:52:43.937  1093  1093 I ImeTracker: com.google.android.apps.nexuslauncher:31001b5c: onCancelled at PHASE_CLIENT_ALREADY_HIDDEN
10-18 18:52:43.946   687   902 D BackgroundInstallControlService: Package event received: 0
10-18 18:52:43.948   687   851 D InetDiagMessage: Destroyed 0 sockets, proto=IPPROTO_TCP, family=AF_INET, states=14
10-18 18:52:43.950   687   851 D InetDiagMessage: Destroyed 0 sockets, proto=IPPROTO_TCP, family=AF_INET6, states=14
10-18 18:52:43.950   687   851 D InetDiagMessage: Destroyed live tcp sockets for uids={10216} in 2ms
10-18 18:52:43.950   687   851 D InetDiagMessage: Destroyed 0 sockets, proto=IPPROTO_TCP, family=AF_INET, states=14
10-18 18:52:43.950   687   851 D InetDiagMessage: Destroyed 0 sockets, proto=IPPROTO_TCP, family=AF_INET6, states=14
10-18 18:52:43.950   687   851 D InetDiagMessage: Destroyed live tcp sockets for uids={20216} in 0ms
10-18 18:52:43.952  1326  1326 I GoogleInputMethodService: GoogleInputMethodService.onFinishInput():1984 
10-18 18:52:43.956  1326  1326 I Module  : DeviceLockedStatusModuleProvider$Module.updateDeviceLockedStatus():100 repeatCheckTimes = 0, locked = false
10-18 18:52:43.960   687   722 I libprocessgroup: Removed cgroup /sys/fs/cgroup/apps/uid_10216/pid_6364
10-18 18:52:43.960  1326  1326 I GoogleInputMethodService: GoogleInputMethodService.onStartInput():1248 onStartInput(EditorInfo{EditorInfo{packageName=com.google.android.apps.nexuslauncher, inputType=0, inputTypeString=NULL, enableLearning=false, autoCorrection=false, autoComplete=false, imeOptions=0, privateImeOptions=null, actionName=UNSPECIFIED, actionLabel=null, initialSelStart=-1, initialSelEnd=-1, initialCapsMode=0, label=null, fieldId=0, fieldName=null, extras=null, hintText=null, hintLocales=[]}}, false)
10-18 18:52:43.971  1326  1326 I Module  : DeviceLockedStatusModuleProvider$Module.updateDeviceLockedStatus():100 repeatCheckTimes = 1, locked = false
10-18 18:52:43.972   687  2290 W PackageConfigPersister: App-specific configuration not found for packageName: com.google.android.apps.nexuslauncher and userId: 0
10-18 18:52:44.000   528   646 D AudioFlinger: mixer(0xb400007ec16657d0) throttle end: throttle time(31)
10-18 18:52:44.073   687   851 D InetDiagMessage: Destroyed 0 sockets, proto=IPPROTO_TCP, family=AF_INET, states=14
10-18 18:52:44.073   687   851 D InetDiagMessage: Destroyed 0 sockets, proto=IPPROTO_TCP, family=AF_INET6, states=14
10-18 18:52:44.073   687   851 D InetDiagMessage: Destroyed live tcp sockets for uids={10150} in 0ms
10-18 18:52:44.075   687   851 D InetDiagMessage: Destroyed 0 sockets, proto=IPPROTO_TCP, family=AF_INET, states=14
10-18 18:52:44.075   687   851 D InetDiagMessage: Destroyed 0 sockets, proto=IPPROTO_TCP, family=AF_INET6, states=14
10-18 18:52:44.075   687   851 D InetDiagMessage: Destroyed live tcp sockets for uids={20150} in 0ms
10-18 18:52:44.134  1092  1199 D SatelliteController: iisInCarrierRoamingNbIotNtn: satellite is disabled
10-18 18:52:44.140  1092  1199 D SatelliteController: getCarrierRoamingNtnConnectType: Falling back to global carrier config connect type: 0
10-18 18:52:45.076  1326  1869 I PhenotypeProcessReaper: Memory state is: 200
10-18 18:52:45.606   464  6406 W SocketClient: write error (Broken pipe)
10-18 18:52:45.611   464  6406 W resolv  : GetAddrInfoHandler::run: Error writing DNS result to client uid 10216 pid 6364: Broken pipe
10-18 18:52:46.907   687  1486 E TaskPersister: File error accessing recents directory (directory doesn't exist?).
10-18 18:52:46.993   474  5259 D android.hardware.audio@7.1-impl.ranchu: threadLoop: entering standby, frames: 586432
10-18 18:52:46.993   474  5259 D android.hardware.audio@7.1-impl.ranchu: ~TinyalsaSink: joining consumeThread
10-18 18:52:46.997   474  6413 D android.hardware.audio@7.1-impl.ranchu: consumeThread: exiting
10-18 18:52:46.998   474  5259 D android.hardware.audio@7.1-impl.ranchu: ~TinyalsaSink: stopping PCM stream
10-18 18:52:47.081  1665  1665 D BoundBrokerSvc: onUnbind: Intent { act=com.google.android.gms.feedback.internal.IFeedbackService dat=chimera-action:/... xflg=0x4 cmp=com.google.android.gms/.chimera.GmsBoundBrokerService }
10-18 18:52:48.710  2074  2074 D BoundBrokerSvc: onUnbind: Intent { act=com.google.android.gms.libs.gmscorelogger.service.START dat=chimera-action:/... xflg=0x4 cmp=com.google.android.gms/.chimera.PersistentDirectBootAwareApiService }
10-18 18:52:48.752  6244  6250 W ndroid.keychain: userfaultfd: MOVE ioctl seems unsupported: Connection timed out
10-18 18:52:49.092   687   793 D ActivityManager: freezing 2525 com.google.android.permissioncontroller
10-18 18:52:49.097   687   851 D InetDiagMessage: Destroyed 0 sockets, proto=IPPROTO_TCP, family=AF_INET, states=14
10-18 18:52:49.097   687   851 D InetDiagMessage: Destroyed 0 sockets, proto=IPPROTO_TCP, family=AF_INET6, states=14
10-18 18:52:49.097   687   851 D InetDiagMessage: Destroyed live tcp sockets for uids={10199} in 1ms
10-18 18:52:52.630  1665  3178 I cn_CronetUrlRequestContext: destroyNativeStreamLocked org.chromium.net.impl.CronetBidirectionalStream@2fef674
10-18 18:52:52.946  1665  1673 W gle.android.gms: Reducing the number of considered missed Gc histogram windows from 582 to 100
10-18 18:52:53.914  2074  2074 D BoundBrokerSvc: onRebind: Intent { act=com.google.android.gms.libs.gmscorelogger.service.START dat=chimera-action:/... xflg=0x4 cmp=com.google.android.gms/.chimera.PersistentDirectBootAwareApiService }
10-18 18:52:54.147  1092  1199 D SatelliteController: iisInCarrierRoamingNbIotNtn: satellite is disabled
10-18 18:52:54.150  1092  1199 D SatelliteController: getCarrierRoamingNtnConnectType: Falling back to global carrier config connect type: 0
10-18 18:52:57.825   687   793 D ActivityManager: freezing 1665 com.google.android.gms
10-18 18:53:03.620  6216  6216 I abb     : StartCommandInProcess(73657474696e67730067657400676c6f settings.get.glo [truncated])
10-18 18:53:03.628   687   687 W binder:687_1C: type=1400 audit(0.0:24): avc:  denied  { getopt } for  scontext=u:r:system_server:s0 tcontext=u:r:shell:s0 tclass=unix_stream_socket permissive=0
10-18 18:53:03.632   687   687 W binder:687_1C: type=1400 audit(0.0:25): avc:  denied  { getopt } for  scontext=u:r:system_server:s0 tcontext=u:r:shell:s0 tclass=unix_stream_socket permissive=0
10-18 18:53:03.632   687   687 W binder:687_1C: type=1400 audit(0.0:26): avc:  denied  { getopt } for  scontext=u:r:system_server:s0 tcontext=u:r:shell:s0 tclass=unix_stream_socket permissive=0
10-18 18:53:03.636  6216  6216 I abb     : StartCommandInProcess(7061636b61676500696e7374616c6c00 package.install. [truncated])
10-18 18:53:03.656   687   770 W libbinder.IPCThreadState: Sending oneway calls to frozen process.
10-18 18:53:03.666   687   770 W libbinder.IPCThreadState: Sending oneway calls to frozen process.
10-18 18:53:03.675   687   770 W libbinder.IPCThreadState: Sending oneway calls to frozen process.
10-18 18:53:03.681   687   770 W libbinder.IPCThreadState: Sending oneway calls to frozen process.
10-18 18:53:03.685   687   770 W libbinder.IPCThreadState: Sending oneway calls to frozen process.
10-18 18:53:03.689   687   770 W libbinder.IPCThreadState: Sending oneway calls to frozen process.
10-18 18:53:03.695   687   770 W libbinder.IPCThreadState: Sending oneway calls to frozen process.
10-18 18:53:03.700   687   770 W libbinder.IPCThreadState: Sending oneway calls to frozen process.
10-18 18:53:03.704   687   770 W libbinder.IPCThreadState: Sending oneway calls to frozen process.
10-18 18:53:03.710   687   770 W libbinder.IPCThreadState: Sending oneway calls to frozen process.
10-18 18:53:03.713   687   770 W libbinder.IPCThreadState: Sending oneway calls to frozen process.
10-18 18:53:03.720   687   770 W libbinder.IPCThreadState: Sending oneway calls to frozen process.
10-18 18:53:03.727   687   770 W libbinder.IPCThreadState: Sending oneway calls to frozen process.
10-18 18:53:03.731   687   770 W libbinder.IPCThreadState: Sending oneway calls to frozen process.
10-18 18:53:03.735   687   770 W libbinder.IPCThreadState: Sending oneway calls to frozen process.
10-18 18:53:03.741   687   770 W libbinder.IPCThreadState: Sending oneway calls to frozen process.
10-18 18:53:03.751   687   770 W libbinder.IPCThreadState: Sending oneway calls to frozen process.
10-18 18:53:03.755   687   770 W libbinder.IPCThreadState: Sending oneway calls to frozen process.
10-18 18:53:03.758   687   770 W libbinder.IPCThreadState: Sending oneway calls to frozen process.
10-18 18:53:03.762   687   770 W libbinder.IPCThreadState: Sending oneway calls to frozen process.
10-18 18:53:03.764   687   770 W libbinder.IPCThreadState: Sending oneway calls to frozen process.
10-18 18:53:03.766   687   770 W libbinder.IPCThreadState: Sending oneway calls to frozen process.
10-18 18:53:03.773   687   770 W libbinder.IPCThreadState: Sending oneway calls to frozen process.
10-18 18:53:03.774   687   770 W libbinder.IPCThreadState: Sending oneway calls to frozen process.
10-18 18:53:03.777   687   770 W libbinder.IPCThreadState: Sending oneway calls to frozen process.
10-18 18:53:03.783   687   770 W libbinder.IPCThreadState: Sending oneway calls to frozen process.
10-18 18:53:03.789   687   770 W libbinder.IPCThreadState: Sending oneway calls to frozen process.
10-18 18:53:03.792   687   770 W libbinder.IPCThreadState: Sending oneway calls to frozen process.
10-18 18:53:03.796   687   770 W libbinder.IPCThreadState: Sending oneway calls to frozen process.
10-18 18:53:03.808   687   770 W libbinder.IPCThreadState: Sending oneway calls to frozen process.
10-18 18:53:03.811   687   770 W libbinder.IPCThreadState: Sending oneway calls to frozen process.
10-18 18:53:03.815   687   770 W libbinder.IPCThreadState: Sending oneway calls to frozen process.
10-18 18:53:03.817   687   770 W libbinder.IPCThreadState: Sending oneway calls to frozen process.
10-18 18:53:03.823   687   770 W libbinder.IPCThreadState: Sending oneway calls to frozen process.
10-18 18:53:03.834   687   770 W libbinder.IPCThreadState: Sending oneway calls to frozen process.
10-18 18:53:03.841   687   770 W libbinder.IPCThreadState: Sending oneway calls to frozen process.
10-18 18:53:03.843   687   770 W libbinder.IPCThreadState: Sending oneway calls to frozen process.
10-18 18:53:03.848   687   770 W libbinder.IPCThreadState: Sending oneway calls to frozen process.
10-18 18:53:03.850   687   770 W libbinder.IPCThreadState: Sending oneway calls to frozen process.
10-18 18:53:03.855   687   770 W libbinder.IPCThreadState: Sending oneway calls to frozen process.
10-18 18:53:03.861   687   770 W libbinder.IPCThreadState: Sending oneway calls to frozen process.
10-18 18:53:03.869   687   770 W libbinder.IPCThreadState: Sending oneway calls to frozen process.
10-18 18:53:03.874   687   770 W libbinder.IPCThreadState: Sending oneway calls to frozen process.
10-18 18:53:03.883   687   770 W libbinder.IPCThreadState: Sending oneway calls to frozen process.
10-18 18:53:03.891   687   770 W libbinder.IPCThreadState: Sending oneway calls to frozen process.
10-18 18:53:03.903   687   770 W libbinder.IPCThreadState: Sending oneway calls to frozen process.
10-18 18:53:03.907   687   770 W libbinder.IPCThreadState: Sending oneway calls to frozen process.
10-18 18:53:03.907   687   770 W libbinder.IPCThreadState: Sending oneway calls to frozen process.
10-18 18:53:03.907   687   770 W libbinder.IPCThreadState: Sending oneway calls to frozen process.
10-18 18:53:03.909   687   770 W libbinder.IPCThreadState: Sending oneway calls to frozen process.
10-18 18:53:03.916   687   770 W libbinder.IPCThreadState: Sending oneway calls to frozen process.
10-18 18:53:03.919   687   770 W libbinder.IPCThreadState: Sending oneway calls to frozen process.
10-18 18:53:03.923   687   770 W libbinder.IPCThreadState: Sending oneway calls to frozen process.
10-18 18:53:03.931   687   770 W libbinder.IPCThreadState: Sending oneway calls to frozen process.
10-18 18:53:03.934   687   770 W libbinder.IPCThreadState: Sending oneway calls to frozen process.
10-18 18:53:03.937   687   770 W libbinder.IPCThreadState: Sending oneway calls to frozen process.
10-18 18:53:03.941   687   770 W libbinder.IPCThreadState: Sending oneway calls to frozen process.
10-18 18:53:03.940   687   687 W binder:687_1C: type=1400 audit(0.0:27): avc:  denied  { getopt } for  scontext=u:r:system_server:s0 tcontext=u:r:shell:s0 tclass=unix_stream_socket permissive=0
10-18 18:53:03.944   687   770 W libbinder.IPCThreadState: Sending oneway calls to frozen process.
10-18 18:53:03.944   687   770 W libbinder.IPCThreadState: Sending oneway calls to frozen process.
10-18 18:53:03.954   687  2506 E SystemServiceRegistry: No service published for: persistent_data_block
10-18 18:53:03.954   687  2506 E SystemServiceRegistry: android.os.ServiceManager$ServiceNotFoundException: No service published for: persistent_data_block
10-18 18:53:03.954   687  2506 E SystemServiceRegistry: 	at android.os.ServiceManager.getServiceOrThrow(ServiceManager.java:203)
10-18 18:53:03.954   687  2506 E SystemServiceRegistry: 	at android.app.SystemServiceRegistry$86.createService(SystemServiceRegistry.java:1199)
10-18 18:53:03.954   687  2506 E SystemServiceRegistry: 	at android.app.SystemServiceRegistry$86.createService(SystemServiceRegistry.java:1196)
10-18 18:53:03.954   687  2506 E SystemServiceRegistry: 	at android.app.SystemServiceRegistry$StaticServiceFetcher.getService(SystemServiceRegistry.java:2593)
10-18 18:53:03.954   687  2506 E SystemServiceRegistry: 	at android.app.SystemServiceRegistry.getSystemService(SystemServiceRegistry.java:2046)
10-18 18:53:03.954   687  2506 E SystemServiceRegistry: 	at android.app.ContextImpl.getSystemService(ContextImpl.java:2434)
10-18 18:53:03.954   687  2506 E SystemServiceRegistry: 	at android.content.Context.getSystemService(Context.java:4896)
10-18 18:53:03.954   687  2506 E SystemServiceRegistry: 	at com.android.server.pm.PackageInstallerSession.markAsSealed(PackageInstallerSession.java:2581)
10-18 18:53:03.954   687  2506 E SystemServiceRegistry: 	at com.android.server.pm.PackageInstallerSession.commit(PackageInstallerSession.java:2331)
10-18 18:53:03.954   687  2506 E SystemServiceRegistry: 	at android.content.pm.PackageInstaller$Session.commit(PackageInstaller.java:2343)
10-18 18:53:03.954   687  2506 E SystemServiceRegistry: 	at com.android.server.pm.PackageManagerShellCommand.doCommitSession(PackageManagerShellCommand.java:4327)
10-18 18:53:03.954   687  2506 E SystemServiceRegistry: 	at com.android.server.pm.PackageManagerShellCommand.doRunInstall(PackageManagerShellCommand.java:1647)
10-18 18:53:03.954   687  2506 E SystemServiceRegistry: 	at com.android.server.pm.PackageManagerShellCommand.runInstall(PackageManagerShellCommand.java:1568)
10-18 18:53:03.954   687  2506 E SystemServiceRegistry: 	at com.android.server.pm.PackageManagerShellCommand.onCommand(PackageManagerShellCommand.java:246)
10-18 18:53:03.954   687  2506 E SystemServiceRegistry: 	at com.android.modules.utils.BasicShellCommandHandler.exec(BasicShellCommandHandler.java:97)
10-18 18:53:03.954   687  2506 E SystemServiceRegistry: 	at android.os.ShellCommand.exec(ShellCommand.java:38)
10-18 18:53:03.954   687  2506 E SystemServiceRegistry: 	at com.android.server.pm.PackageManagerService$IPackageManagerImpl.onShellCommand(PackageManagerService.java:6722)
10-18 18:53:03.954   687  2506 E SystemServiceRegistry: 	at android.os.Binder.shellCommand(Binder.java:1183)
10-18 18:53:03.954   687  2506 E SystemServiceRegistry: 	at android.os.Binder.onTransact(Binder.java:961)
10-18 18:53:03.954   687  2506 E SystemServiceRegistry: 	at android.content.pm.IPackageManager$Stub.onTransact(IPackageManager.java:4666)
10-18 18:53:03.954   687  2506 E SystemServiceRegistry: 	at com.android.server.pm.PackageManagerService$IPackageManagerImpl.onTransact(PackageManagerService.java:6706)
10-18 18:53:03.954   687  2506 E SystemServiceRegistry: 	at android.os.Binder.execTransactInternal(Binder.java:1478)
10-18 18:53:03.954   687  2506 E SystemServiceRegistry: 	at android.os.Binder.execTransact(Binder.java:1418)
10-18 18:53:03.956   687  2506 E SystemServiceRegistry: Manager wrapper not available: persistent_data_block
10-18 18:53:04.013   687   770 W libbinder.IPCThreadState: Sending oneway calls to frozen process.
10-18 18:53:04.016   687  6428 D FileSystemUtils: Total number of LOAD segments 3
10-18 18:53:04.016   687   770 W libbinder.IPCThreadState: Sending oneway calls to frozen process.
10-18 18:53:04.017   687  6428 D FileSystemUtils: Size before punching holes st_blocks: 115608, st_blksize: 4096, st_size: 59185068
10-18 18:53:04.018   687  6428 D FileSystemUtils: Punching holes for length:55502 content which should be zero: 0000000000000000000000000000000000000000000000000000000000000000000000000000000000000000000000000000000000000000000000000000000000000000000000000000000000000000000000000000000000000000000000000000000000000000000000000000000000000000000000000000000000000000000000000000000000000000000000000000000000000000000000000000000000000000000000000000000000000000000000000000000000000000000000000000000000000000000000000000000000000000000000000000000000000000000000000000000000000000000000000000000000000000000000000000000000000000000000000000000000000000000000000000000000000000000000000000000000000000000000000000000000000000000000000000000000000000000000000000000000000000000000000000000000000000000000000000000000000000000000000000000000000000000000000000000000000000000000000000000000000000000000000000000000000000000000000000000000000000000000000000000000000000000000000000000000000000000000000000000000000000000000000000000000000000000000000000000000000000000000000
10-18 18:53:04.019   687  6428 D FileSystemUtils: Punching hole in file - start: 5550080 len:53248
