10-18 18:54:31.235  1093  1093 D BaseDepthController: shouldBlurWorkspace: false targetState: Normal currentStableState: Normal mCurrentBlur: 0 mLauncher.getDepthBlurTargets(): [com.android.launcher3.Workspace{ec8eec9 V.ED..... ......ID 0,0-1080,2400 #7f0a049a app:id/workspace}, com.android.launcher3.Hotseat{cc519ce V.ED..... ......ID 0,1905-1080,2400 #7f0a01ed app:id/hotseat}]
10-18 18:54:31.235  1093  1093 V BaseDepthController: Applying blur: 0 to Surface(name=com.google.android.apps.nexuslauncher/com.google.android.apps.nexuslauncher.NexusLauncherActivity#150)/@0x501cc7 applyImmediately: false
10-18 18:54:31.235  1093  1093 D BaseDepthController: shouldBlurWorkspace: false targetState: Normal currentStableState: Normal mCurrentBlur: 0 mLauncher.getDepthBlurTargets(): [com.android.launcher3.Workspace{ec8eec9 V.ED..... ......ID 0,0-1080,2400 #7f0a049a app:id/workspace}, com.android.launcher3.Hotseat{cc519ce V.ED..... ......ID 0,1905-1080,2400 #7f0a01ed app:id/hotseat}]
10-18 18:54:31.235  1093  1093 V BaseDepthController: Applying blur: 0 to Surface(name=com.google.android.apps.nexuslauncher/com.google.android.apps.nexuslauncher.NexusLauncherActivity#150)/@0x501cc7 applyImmediately: false
10-18 18:54:31.235  1093  1093 D BaseDepthController: shouldBlurWorkspace: false targetState: Normal currentStableState: Normal mCurrentBlur: 0 mLauncher.getDepthBlurTargets(): [com.android.launcher3.Workspace{ec8eec9 V.ED..... ......ID 0,0-1080,2400 #7f0a049a app:id/workspace}, com.android.launcher3.Hotseat{cc519ce V.ED..... ......ID 0,1905-1080,2400 #7f0a01ed app:id/hotseat}]
10-18 18:54:31.235  1093  1093 V BaseDepthController: Applying blur: 0 to Surface(name=com.google.android.apps.nexuslauncher/com.google.android.apps.nexuslauncher.NexusLauncherActivity#150)/@0x501cc7 applyImmediately: false
10-18 18:54:31.235  1093  1093 D BaseDepthController: shouldBlurWorkspace: false targetState: Normal currentStableState: Normal mCurrentBlur: 0 mLauncher.getDepthBlurTargets(): [com.android.launcher3.Workspace{ec8eec9 V.ED..... ......ID 0,0-1080,2400 #7f0a049a app:id/workspace}, com.android.launcher3.Hotseat{cc519ce V.ED..... ......ID 0,1905-1080,2400 #7f0a01ed app:id/hotseat}]
10-18 18:54:31.236   687  1044 W PackageConfigPersister: App-specific configuration not found for packageName: com.google.android.apps.nexuslauncher and userId: 0
10-18 18:54:31.258  1093  1093 D InsetsController: hide(ime())
10-18 18:54:31.264  1093  1093 I ImeTracker: com.google.android.apps.nexuslauncher:63580bc4: onCancelled at PHASE_CLIENT_ALREADY_HIDDEN
10-18 18:54:31.266  1093  1093 V BaseDepthController: Applying blur: 0 to Surface(name=com.google.android.apps.nexuslauncher/com.google.android.apps.nexuslauncher.NexusLauncherActivity#150)/@0x501cc7 applyImmediately: false
10-18 18:54:31.267  1093  1093 D BaseDepthController: shouldBlurWorkspace: false targetState: Normal currentStableState: Normal mCurrentBlur: 0 mLauncher.getDepthBlurTargets(): [com.android.launcher3.Workspace{ec8eec9 V.ED..... ........ 0,0-1080,2400 #7f0a049a app:id/workspace}, com.android.launcher3.Hotseat{cc519ce V.ED..... .......D 0,1905-1080,2400 #7f0a01ed app:id/hotseat}]
10-18 18:54:31.284  1093  1093 V BaseDepthController: Applying blur: 0 to Surface(name=com.google.android.apps.nexuslauncher/com.google.android.apps.nexuslauncher.NexusLauncherActivity#150)/@0x501cc7 applyImmediately: false
10-18 18:54:31.285  1093  1093 D BaseDepthController: shouldBlurWorkspace: false targetState: Normal currentStableState: Normal mCurrentBlur: 0 mLauncher.getDepthBlurTargets(): [com.android.launcher3.Workspace{ec8eec9 V.ED..... ........ 0,0-1080,2400 #7f0a049a app:id/workspace}, com.android.launcher3.Hotseat{cc519ce V.ED..... .......D 0,1905-1080,2400 #7f0a01ed app:id/hotseat}]
10-18 18:54:31.303  1093  1093 V BaseDepthController: Applying blur: 0 to Surface(name=com.google.android.apps.nexuslauncher/com.google.android.apps.nexuslauncher.NexusLauncherActivity#150)/@0x501cc7 applyImmediately: false
10-18 18:54:31.303  1093  1093 D BaseDepthController: shouldBlurWorkspace: false targetState: Normal currentStableState: Normal mCurrentBlur: 0 mLauncher.getDepthBlurTargets(): [com.android.launcher3.Workspace{ec8eec9 V.ED..... ........ 0,0-1080,2400 #7f0a049a app:id/workspace}, com.android.launcher3.Hotseat{cc519ce V.ED..... .......D 0,1905-1080,2400 #7f0a01ed app:id/hotseat}]
10-18 18:54:31.318  1093  1093 V BaseDepthController: Applying blur: 0 to Surface(name=com.google.android.apps.nexuslauncher/com.google.android.apps.nexuslauncher.NexusLauncherActivity#150)/@0x501cc7 applyImmediately: false
10-18 18:54:31.319  1093  1093 D BaseDepthController: shouldBlurWorkspace: false targetState: Normal currentStableState: Normal mCurrentBlur: 0 mLauncher.getDepthBlurTargets(): [com.android.launcher3.Workspace{ec8eec9 V.ED..... ........ 0,0-1080,2400 #7f0a049a app:id/workspace}, com.android.launcher3.Hotseat{cc519ce V.ED..... .......D 0,1905-1080,2400 #7f0a01ed app:id/hotseat}]
10-18 18:54:31.350  1093  1093 V BaseDepthController: Applying blur: 0 to Surface(name=com.google.android.apps.nexuslauncher/com.google.android.apps.nexuslauncher.NexusLauncherActivity#150)/@0x501cc7 applyImmediately: false
10-18 18:54:31.352  1093  1093 D BaseDepthController: shouldBlurWorkspace: false targetState: Normal currentStableState: Normal mCurrentBlur: 0 mLauncher.getDepthBlurTargets(): [com.android.launcher3.Workspace{ec8eec9 V.ED..... ........ 0,0-1080,2400 #7f0a049a app:id/workspace}, com.android.launcher3.Hotseat{cc519ce V.ED..... .......D 0,1905-1080,2400 #7f0a01ed app:id/hotseat}]
10-18 18:54:31.365  1093  1093 V BaseDepthController: Applying blur: 0 to Surface(name=com.google.android.apps.nexuslauncher/com.google.android.apps.nexuslauncher.NexusLauncherActivity#150)/@0x501cc7 applyImmediately: false
10-18 18:54:31.366  1093  1093 D BaseDepthController: shouldBlurWorkspace: false targetState: Normal currentStableState: Normal mCurrentBlur: 0 mLauncher.getDepthBlurTargets(): [com.android.launcher3.Workspace{ec8eec9 V.ED..... ........ 0,0-1080,2400 #7f0a049a app:id/workspace}, com.android.launcher3.Hotseat{cc519ce V.ED..... ........ 0,1905-1080,2400 #7f0a01ed app:id/hotseat}]
10-18 18:54:31.380  1093  1093 V BaseDepthController: Applying blur: 0 to Surface(name=com.google.android.apps.nexuslauncher/com.google.android.apps.nexuslauncher.NexusLauncherActivity#150)/@0x501cc7 applyImmediately: false
10-18 18:54:31.380  1093  1093 D BaseDepthController: shouldBlurWorkspace: false targetState: Normal currentStableState: Normal mCurrentBlur: 0 mLauncher.getDepthBlurTargets(): [com.android.launcher3.Workspace{ec8eec9 V.ED..... ........ 0,0-1080,2400 #7f0a049a app:id/workspace}, com.android.launcher3.Hotseat{cc519ce V.ED..... ........ 0,1905-1080,2400 #7f0a01ed app:id/hotseat}]
10-18 18:54:31.396  1093  1093 V BaseDepthController: Applying blur: 0 to Surface(name=com.google.android.apps.nexuslauncher/com.google.android.apps.nexuslauncher.NexusLauncherActivity#150)/@0x501cc7 applyImmediately: false
10-18 18:54:31.397  1093  1093 D BaseDepthController: shouldBlurWorkspace: false targetState: Normal currentStableState: Normal mCurrentBlur: 0 mLauncher.getDepthBlurTargets(): [com.android.launcher3.Workspace{ec8eec9 V.ED..... ........ 0,0-1080,2400 #7f0a049a app:id/workspace}, com.android.launcher3.Hotseat{cc519ce V.ED..... ........ 0,1905-1080,2400 #7f0a01ed app:id/hotseat}]
10-18 18:54:31.413  1093  1093 V BaseDepthController: Applying blur: 0 to Surface(name=com.google.android.apps.nexuslauncher/com.google.android.apps.nexuslauncher.NexusLauncherActivity#150)/@0x501cc7 applyImmediately: false
10-18 18:54:31.414  1093  1093 D BaseDepthController: shouldBlurWorkspace: false targetState: Normal currentStableState: Normal mCurrentBlur: 0 mLauncher.getDepthBlurTargets(): [com.android.launcher3.Workspace{ec8eec9 V.ED..... ........ 0,0-1080,2400 #7f0a049a app:id/workspace}, com.android.launcher3.Hotseat{cc519ce V.ED..... ........ 0,1905-1080,2400 #7f0a01ed app:id/hotseat}]
10-18 18:54:31.430  1093  1093 V BaseDepthController: Applying blur: 0 to Surface(name=com.google.android.apps.nexuslauncher/com.google.android.apps.nexuslauncher.NexusLauncherActivity#150)/@0x501cc7 applyImmediately: false
10-18 18:54:31.431  1093  1093 D BaseDepthController: setEarlyWakeup: true
10-18 18:54:31.432  1093  1093 D BaseDepthController: shouldBlurWorkspace: false targetState: Normal currentStableState: Normal mCurrentBlur: 0 mLauncher.getDepthBlurTargets(): [com.android.launcher3.Workspace{ec8eec9 V.ED..... ........ 0,0-1080,2400 #7f0a049a app:id/workspace}, com.android.launcher3.Hotseat{cc519ce V.ED..... ........ 0,1905-1080,2400 #7f0a01ed app:id/hotseat}]
10-18 18:54:31.453  1093  1093 V BaseDepthController: Applying blur: 0 to Surface(name=com.google.android.apps.nexuslauncher/com.google.android.apps.nexuslauncher.NexusLauncherActivity#150)/@0x501cc7 applyImmediately: false
10-18 18:54:31.454  1093  1093 D BaseDepthController: shouldBlurWorkspace: false targetState: Normal currentStableState: Normal mCurrentBlur: 0 mLauncher.getDepthBlurTargets(): [com.android.launcher3.Workspace{ec8eec9 V.ED..... ........ 0,0-1080,2400 #7f0a049a app:id/workspace}, com.android.launcher3.Hotseat{cc519ce V.ED..... ........ 0,1905-1080,2400 #7f0a01ed app:id/hotseat}]
10-18 18:54:31.463  1093  1093 V BaseDepthController: Applying blur: 0 to Surface(name=com.google.android.apps.nexuslauncher/com.google.android.apps.nexuslauncher.NexusLauncherActivity#150)/@0x501cc7 applyImmediately: false
10-18 18:54:31.464  1093  1093 D BaseDepthController: shouldBlurWorkspace: false targetState: Normal currentStableState: Normal mCurrentBlur: 0 mLauncher.getDepthBlurTargets(): [com.android.launcher3.Workspace{ec8eec9 V.ED..... ........ 0,0-1080,2400 #7f0a049a app:id/workspace}, com.android.launcher3.Hotseat{cc519ce V.ED..... ........ 0,1905-1080,2400 #7f0a01ed app:id/hotseat}]
10-18 18:54:31.474  1093  1100 I s.nexuslauncher: NativeAlloc concurrent mark compact GC freed 2070KB AllocSpace bytes, 10(520KB) LOS objects, 49% free, 7189KB/14MB, paused 494us,8.564ms total 299.283ms
10-18 18:54:31.480  1093  1093 V BaseDepthController: Applying blur: 0 to Surface(name=com.google.android.apps.nexuslauncher/com.google.android.apps.nexuslauncher.NexusLauncherActivity#150)/@0x501cc7 applyImmediately: false
10-18 18:54:31.481  1093  1093 D BaseDepthController: shouldBlurWorkspace: false targetState: Normal currentStableState: Normal mCurrentBlur: 0 mLauncher.getDepthBlurTargets(): [com.android.launcher3.Workspace{ec8eec9 V.ED..... ........ 0,0-1080,2400 #7f0a049a app:id/workspace}, com.android.launcher3.Hotseat{cc519ce V.ED..... ........ 0,1905-1080,2400 #7f0a01ed app:id/hotseat}]
10-18 18:54:31.497  1093  1093 V BaseDepthController: Applying blur: 0 to Surface(name=com.google.android.apps.nexuslauncher/com.google.android.apps.nexuslauncher.NexusLauncherActivity#150)/@0x501cc7 applyImmediately: false
10-18 18:54:31.498  1093  1093 D BaseDepthController: shouldBlurWorkspace: false targetState: Normal currentStableState: Normal mCurrentBlur: 0 mLauncher.getDepthBlurTargets(): [com.android.launcher3.Workspace{ec8eec9 V.ED..... ........ 0,0-1080,2400 #7f0a049a app:id/workspace}, com.android.launcher3.Hotseat{cc519ce V.ED..... ........ 0,1905-1080,2400 #7f0a01ed app:id/hotseat}]
10-18 18:54:31.502  1093  1102 W System  : A resource failed to call release. 
10-18 18:54:31.503  1093  1102 W System  : A resource failed to call release. 
10-18 18:54:31.505  1093  1102 W System  : A resource failed to call release. 
10-18 18:54:31.506  1093  1102 W System  : A resource failed to call release. 
10-18 18:54:31.506  1093  1102 W System  : A resource failed to call release. 
10-18 18:54:31.506  1093  1102 W System  : A resource failed to call release. 
10-18 18:54:31.513  1093  1093 V BaseDepthController: Applying blur: 0 to Surface(name=com.google.android.apps.nexuslauncher/com.google.android.apps.nexuslauncher.NexusLauncherActivity#150)/@0x501cc7 applyImmediately: false
10-18 18:54:31.513  1093  1093 D BaseDepthController: shouldBlurWorkspace: false targetState: Normal currentStableState: Normal mCurrentBlur: 0 mLauncher.getDepthBlurTargets(): [com.android.launcher3.Workspace{ec8eec9 V.ED..... ........ 0,0-1080,2400 #7f0a049a app:id/workspace}, com.android.launcher3.Hotseat{cc519ce V.ED..... ........ 0,1905-1080,2400 #7f0a01ed app:id/hotseat}]
10-18 18:54:31.521   687   713 W ActivityTaskManager: Activity top resumed state loss timeout for ActivityRecord{115187240 u0 com.biohackerjoe.learninghub/.MainActivity t21 f} isExiting}
10-18 18:54:31.529  1093  1093 V BaseDepthController: Applying blur: 0 to Surface(name=com.google.android.apps.nexuslauncher/com.google.android.apps.nexuslauncher.NexusLauncherActivity#150)/@0x501cc7 applyImmediately: false
10-18 18:54:31.529  1093  1093 D BaseDepthController: shouldBlurWorkspace: false targetState: Normal currentStableState: Normal mCurrentBlur: 0 mLauncher.getDepthBlurTargets(): [com.android.launcher3.Workspace{ec8eec9 V.ED..... ........ 0,0-1080,2400 #7f0a049a app:id/workspace}, com.android.launcher3.Hotseat{cc519ce V.ED..... ........ 0,1905-1080,2400 #7f0a01ed app:id/hotseat}]
10-18 18:54:31.546  1093  1093 V BaseDepthController: Applying blur: 0 to Surface(name=com.google.android.apps.nexuslauncher/com.google.android.apps.nexuslauncher.NexusLauncherActivity#150)/@0x501cc7 applyImmediately: false
10-18 18:54:31.551  1093  1093 D BaseDepthController: shouldBlurWorkspace: false targetState: Normal currentStableState: Normal mCurrentBlur: 0 mLauncher.getDepthBlurTargets(): [com.android.launcher3.Workspace{ec8eec9 V.ED..... ........ 0,0-1080,2400 #7f0a049a app:id/workspace}, com.android.launcher3.Hotseat{cc519ce V.ED..... ........ 0,1905-1080,2400 #7f0a01ed app:id/hotseat}]
10-18 18:54:31.563  1093  1093 V BaseDepthController: Applying blur: 0 to Surface(name=com.google.android.apps.nexuslauncher/com.google.android.apps.nexuslauncher.NexusLauncherActivity#150)/@0x501cc7 applyImmediately: false
10-18 18:54:31.564  1093  1093 D BaseDepthController: shouldBlurWorkspace: false targetState: Normal currentStableState: Normal mCurrentBlur: 0 mLauncher.getDepthBlurTargets(): [com.android.launcher3.Workspace{ec8eec9 V.ED..... ........ 0,0-1080,2400 #7f0a049a app:id/workspace}, com.android.launcher3.Hotseat{cc519ce V.ED..... ........ 0,1905-1080,2400 #7f0a01ed app:id/hotseat}]
10-18 18:54:31.579  1093  1093 V BaseDepthController: Applying blur: 0 to Surface(name=com.google.android.apps.nexuslauncher/com.google.android.apps.nexuslauncher.NexusLauncherActivity#150)/@0x501cc7 applyImmediately: false
10-18 18:54:31.580  1093  1093 D BaseDepthController: shouldBlurWorkspace: false targetState: Normal currentStableState: Normal mCurrentBlur: 0 mLauncher.getDepthBlurTargets(): [com.android.launcher3.Workspace{ec8eec9 V.ED..... ........ 0,0-1080,2400 #7f0a049a app:id/workspace}, com.android.launcher3.Hotseat{cc519ce V.ED..... ........ 0,1905-1080,2400 #7f0a01ed app:id/hotseat}]
10-18 18:54:31.596  1093  1093 V BaseDepthController: Applying blur: 0 to Surface(name=com.google.android.apps.nexuslauncher/com.google.android.apps.nexuslauncher.NexusLauncherActivity#150)/@0x501cc7 applyImmediately: false
10-18 18:54:31.596  1093  1093 D BaseDepthController: shouldBlurWorkspace: false targetState: Normal currentStableState: Normal mCurrentBlur: 0 mLauncher.getDepthBlurTargets(): [com.android.launcher3.Workspace{ec8eec9 V.ED..... ........ 0,0-1080,2400 #7f0a049a app:id/workspace}, com.android.launcher3.Hotseat{cc519ce V.ED..... ........ 0,1905-1080,2400 #7f0a01ed app:id/hotseat}]
10-18 18:54:31.613  1093  1093 V BaseDepthController: Applying blur: 0 to Surface(name=com.google.android.apps.nexuslauncher/com.google.android.apps.nexuslauncher.NexusLauncherActivity#150)/@0x501cc7 applyImmediately: false
10-18 18:54:31.614  1093  1093 D BaseDepthController: shouldBlurWorkspace: false targetState: Normal currentStableState: Normal mCurrentBlur: 0 mLauncher.getDepthBlurTargets(): [com.android.launcher3.Workspace{ec8eec9 V.ED..... ........ 0,0-1080,2400 #7f0a049a app:id/workspace}, com.android.launcher3.Hotseat{cc519ce V.ED..... ........ 0,1905-1080,2400 #7f0a01ed app:id/hotseat}]
10-18 18:54:31.630  1093  1093 V BaseDepthController: Applying blur: 0 to Surface(name=com.google.android.apps.nexuslauncher/com.google.android.apps.nexuslauncher.NexusLauncherActivity#150)/@0x501cc7 applyImmediately: false
10-18 18:54:31.631  1093  1093 D BaseDepthController: shouldBlurWorkspace: false targetState: Normal currentStableState: Normal mCurrentBlur: 0 mLauncher.getDepthBlurTargets(): [com.android.launcher3.Workspace{ec8eec9 V.ED..... ........ 0,0-1080,2400 #7f0a049a app:id/workspace}, com.android.launcher3.Hotseat{cc519ce V.ED..... ........ 0,1905-1080,2400 #7f0a01ed app:id/hotseat}]
10-18 18:54:31.651  1093  1093 V BaseDepthController: Applying blur: 0 to Surface(name=com.google.android.apps.nexuslauncher/com.google.android.apps.nexuslauncher.NexusLauncherActivity#150)/@0x501cc7 applyImmediately: false
10-18 18:54:31.652  1093  1093 D BaseDepthController: shouldBlurWorkspace: false targetState: Normal currentStableState: Normal mCurrentBlur: 0 mLauncher.getDepthBlurTargets(): [com.android.launcher3.Workspace{ec8eec9 V.ED..... ........ 0,0-1080,2400 #7f0a049a app:id/workspace}, com.android.launcher3.Hotseat{cc519ce V.ED..... ........ 0,1905-1080,2400 #7f0a01ed app:id/hotseat}]
10-18 18:54:31.663  1093  1093 V BaseDepthController: Applying blur: 0 to Surface(name=com.google.android.apps.nexuslauncher/com.google.android.apps.nexuslauncher.NexusLauncherActivity#150)/@0x501cc7 applyImmediately: false
10-18 18:54:31.664  1093  1093 D BaseDepthController: shouldBlurWorkspace: false targetState: Normal currentStableState: Normal mCurrentBlur: 0 mLauncher.getDepthBlurTargets(): [com.android.launcher3.Workspace{ec8eec9 V.ED..... ........ 0,0-1080,2400 #7f0a049a app:id/workspace}, com.android.launcher3.Hotseat{cc519ce V.ED..... ........ 0,1905-1080,2400 #7f0a01ed app:id/hotseat}]
10-18 18:54:31.668   687  1486 E TaskPersister: File error accessing recents directory (directory doesn't exist?).
10-18 18:54:31.680  1093  1093 V BaseDepthController: Applying blur: 0 to Surface(name=com.google.android.apps.nexuslauncher/com.google.android.apps.nexuslauncher.NexusLauncherActivity#150)/@0x501cc7 applyImmediately: false
10-18 18:54:31.680  1093  1093 D BaseDepthController: shouldBlurWorkspace: false targetState: Normal currentStableState: Normal mCurrentBlur: 0 mLauncher.getDepthBlurTargets(): [com.android.launcher3.Workspace{ec8eec9 V.ED..... ........ 0,0-1080,2400 #7f0a049a app:id/workspace}, com.android.launcher3.Hotseat{cc519ce V.ED..... ........ 0,1905-1080,2400 #7f0a01ed app:id/hotseat}]
10-18 18:54:31.696  1093  1093 V BaseDepthController: Applying blur: 0 to Surface(name=com.google.android.apps.nexuslauncher/com.google.android.apps.nexuslauncher.NexusLauncherActivity#150)/@0x501cc7 applyImmediately: false
10-18 18:54:31.698  1093  1093 D BaseDepthController: shouldBlurWorkspace: false targetState: Normal currentStableState: Normal mCurrentBlur: 0 mLauncher.getDepthBlurTargets(): [com.android.launcher3.Workspace{ec8eec9 V.ED..... ........ 0,0-1080,2400 #7f0a049a app:id/workspace}, com.android.launcher3.Hotseat{cc519ce V.ED..... ........ 0,1905-1080,2400 #7f0a01ed app:id/hotseat}]
10-18 18:54:31.713  1093  1093 V BaseDepthController: Applying blur: 0 to Surface(name=com.google.android.apps.nexuslauncher/com.google.android.apps.nexuslauncher.NexusLauncherActivity#150)/@0x501cc7 applyImmediately: false
10-18 18:54:31.714  1093  1093 D BaseDepthController: shouldBlurWorkspace: false targetState: Normal currentStableState: Normal mCurrentBlur: 0 mLauncher.getDepthBlurTargets(): [com.android.launcher3.Workspace{ec8eec9 V.ED..... ........ 0,0-1080,2400 #7f0a049a app:id/workspace}, com.android.launcher3.Hotseat{cc519ce V.ED..... ........ 0,1905-1080,2400 #7f0a01ed app:id/hotseat}]
10-18 18:54:31.727  1093  1093 V BaseDepthController: Applying blur: 0 to Surface(name=com.google.android.apps.nexuslauncher/com.google.android.apps.nexuslauncher.NexusLauncherActivity#150)/@0x501cc7 applyImmediately: false
10-18 18:54:31.728  1093  1093 D BaseDepthController: shouldBlurWorkspace: false targetState: Normal currentStableState: Normal mCurrentBlur: 0 mLauncher.getDepthBlurTargets(): [com.android.launcher3.Workspace{ec8eec9 V.ED..... ........ 0,0-1080,2400 #7f0a049a app:id/workspace}, com.android.launcher3.Hotseat{cc519ce V.ED..... ........ 0,1905-1080,2400 #7f0a01ed app:id/hotseat}]
10-18 18:54:31.744  1093  1093 V BaseDepthController: Applying blur: 0 to Surface(name=com.google.android.apps.nexuslauncher/com.google.android.apps.nexuslauncher.NexusLauncherActivity#150)/@0x501cc7 applyImmediately: false
10-18 18:54:31.745  1093  1093 D BaseDepthController: shouldBlurWorkspace: false targetState: Normal currentStableState: Normal mCurrentBlur: 0 mLauncher.getDepthBlurTargets(): [com.android.launcher3.Workspace{ec8eec9 V.ED..... ........ 0,0-1080,2400 #7f0a049a app:id/workspace}, com.android.launcher3.Hotseat{cc519ce V.ED..... ........ 0,1905-1080,2400 #7f0a01ed app:id/hotseat}]
10-18 18:54:31.760  1093  1093 V BaseDepthController: Applying blur: 0 to Surface(name=com.google.android.apps.nexuslauncher/com.google.android.apps.nexuslauncher.NexusLauncherActivity#150)/@0x501cc7 applyImmediately: false
10-18 18:54:31.760  1093  1093 D BaseDepthController: shouldBlurWorkspace: false targetState: Normal currentStableState: Normal mCurrentBlur: 0 mLauncher.getDepthBlurTargets(): [com.android.launcher3.Workspace{ec8eec9 V.ED..... ........ 0,0-1080,2400 #7f0a049a app:id/workspace}, com.android.launcher3.Hotseat{cc519ce V.ED..... ........ 0,1905-1080,2400 #7f0a01ed app:id/hotseat}]
10-18 18:54:31.777  1093  1093 V BaseDepthController: Applying blur: 0 to Surface(name=com.google.android.apps.nexuslauncher/com.google.android.apps.nexuslauncher.NexusLauncherActivity#150)/@0x501cc7 applyImmediately: false
10-18 18:54:31.778  1093  1093 D BaseDepthController: shouldBlurWorkspace: false targetState: Normal currentStableState: Normal mCurrentBlur: 0 mLauncher.getDepthBlurTargets(): [com.android.launcher3.Workspace{ec8eec9 V.ED..... ........ 0,0-1080,2400 #7f0a049a app:id/workspace}, com.android.launcher3.Hotseat{cc519ce V.ED..... ........ 0,1905-1080,2400 #7f0a01ed app:id/hotseat}]
10-18 18:54:31.794  1093  1093 V BaseDepthController: Applying blur: 0 to Surface(name=com.google.android.apps.nexuslauncher/com.google.android.apps.nexuslauncher.NexusLauncherActivity#150)/@0x501cc7 applyImmediately: false
10-18 18:54:31.794  1093  1093 D BaseDepthController: shouldBlurWorkspace: false targetState: Normal currentStableState: Normal mCurrentBlur: 0 mLauncher.getDepthBlurTargets(): [com.android.launcher3.Workspace{ec8eec9 V.ED..... ........ 0,0-1080,2400 #7f0a049a app:id/workspace}, com.android.launcher3.Hotseat{cc519ce V.ED..... ........ 0,1905-1080,2400 #7f0a01ed app:id/hotseat}]
10-18 18:54:31.810  1093  1093 V BaseDepthController: Applying blur: 0 to Surface(name=com.google.android.apps.nexuslauncher/com.google.android.apps.nexuslauncher.NexusLauncherActivity#150)/@0x501cc7 applyImmediately: false
10-18 18:54:31.811  1093  1093 D BaseDepthController: shouldBlurWorkspace: false targetState: Normal currentStableState: Normal mCurrentBlur: 0 mLauncher.getDepthBlurTargets(): [com.android.launcher3.Workspace{ec8eec9 V.ED..... ........ 0,0-1080,2400 #7f0a049a app:id/workspace}, com.android.launcher3.Hotseat{cc519ce V.ED..... ........ 0,1905-1080,2400 #7f0a01ed app:id/hotseat}]
10-18 18:54:31.827  1093  1093 V BaseDepthController: Applying blur: 0 to Surface(name=com.google.android.apps.nexuslauncher/com.google.android.apps.nexuslauncher.NexusLauncherActivity#150)/@0x501cc7 applyImmediately: false
10-18 18:54:31.828  1093  1093 D BaseDepthController: shouldBlurWorkspace: false targetState: Normal currentStableState: Normal mCurrentBlur: 0 mLauncher.getDepthBlurTargets(): [com.android.launcher3.Workspace{ec8eec9 V.ED..... ........ 0,0-1080,2400 #7f0a049a app:id/workspace}, com.android.launcher3.Hotseat{cc519ce V.ED..... ........ 0,1905-1080,2400 #7f0a01ed app:id/hotseat}]
10-18 18:54:31.860  1093  1093 V BaseDepthController: Applying blur: 0 to Surface(name=com.google.android.apps.nexuslauncher/com.google.android.apps.nexuslauncher.NexusLauncherActivity#150)/@0x501cc7 applyImmediately: false
10-18 18:54:31.861  1093  1093 D BaseDepthController: shouldBlurWorkspace: false targetState: Normal currentStableState: Normal mCurrentBlur: 0 mLauncher.getDepthBlurTargets(): [com.android.launcher3.Workspace{ec8eec9 V.ED..... ........ 0,0-1080,2400 #7f0a049a app:id/workspace}, com.android.launcher3.Hotseat{cc519ce V.ED..... ........ 0,1905-1080,2400 #7f0a01ed app:id/hotseat}]
10-18 18:54:31.877  1093  1093 V BaseDepthController: Applying blur: 0 to Surface(name=com.google.android.apps.nexuslauncher/com.google.android.apps.nexuslauncher.NexusLauncherActivity#150)/@0x501cc7 applyImmediately: false
10-18 18:54:31.878  1093  1093 D BaseDepthController: shouldBlurWorkspace: false targetState: Normal currentStableState: Normal mCurrentBlur: 0 mLauncher.getDepthBlurTargets(): [com.android.launcher3.Workspace{ec8eec9 V.ED..... ........ 0,0-1080,2400 #7f0a049a app:id/workspace}, com.android.launcher3.Hotseat{cc519ce V.ED..... ........ 0,1905-1080,2400 #7f0a01ed app:id/hotseat}]
10-18 18:54:31.911  1093  1093 V BaseDepthController: Applying blur: 0 to Surface(name=com.google.android.apps.nexuslauncher/com.google.android.apps.nexuslauncher.NexusLauncherActivity#150)/@0x501cc7 applyImmediately: false
10-18 18:54:31.911  1093  1093 D BaseDepthController: shouldBlurWorkspace: false targetState: Normal currentStableState: Normal mCurrentBlur: 0 mLauncher.getDepthBlurTargets(): [com.android.launcher3.Workspace{ec8eec9 V.ED..... ........ 0,0-1080,2400 #7f0a049a app:id/workspace}, com.android.launcher3.Hotseat{cc519ce V.ED..... ........ 0,1905-1080,2400 #7f0a01ed app:id/hotseat}]
10-18 18:54:31.944  1093  1093 V BaseDepthController: Applying blur: 0 to Surface(name=com.google.android.apps.nexuslauncher/com.google.android.apps.nexuslauncher.NexusLauncherActivity#150)/@0x501cc7 applyImmediately: false
10-18 18:54:31.944  1093  1093 D BaseDepthController: shouldBlurWorkspace: false targetState: Normal currentStableState: Normal mCurrentBlur: 0 mLauncher.getDepthBlurTargets(): [com.android.launcher3.Workspace{ec8eec9 V.ED..... ........ 0,0-1080,2400 #7f0a049a app:id/workspace}, com.android.launcher3.Hotseat{cc519ce V.ED..... ........ 0,1905-1080,2400 #7f0a01ed app:id/hotseat}]
10-18 18:54:31.994  1093  1093 V BaseDepthController: Applying blur: 0 to Surface(name=com.google.android.apps.nexuslauncher/com.google.android.apps.nexuslauncher.NexusLauncherActivity#150)/@0x501cc7 applyImmediately: false
10-18 18:54:31.994  1093  1093 D BaseDepthController: shouldBlurWorkspace: false targetState: Normal currentStableState: Normal mCurrentBlur: 0 mLauncher.getDepthBlurTargets(): [com.android.launcher3.Workspace{ec8eec9 V.ED..... ........ 0,0-1080,2400 #7f0a049a app:id/workspace}, com.android.launcher3.Hotseat{cc519ce V.ED..... ........ 0,1905-1080,2400 #7f0a01ed app:id/hotseat}]
10-18 18:54:32.060  1093  1093 V BaseDepthController: Applying blur: 0 to Surface(name=com.google.android.apps.nexuslauncher/com.google.android.apps.nexuslauncher.NexusLauncherActivity#150)/@0x501cc7 applyImmediately: false
10-18 18:54:32.060  1093  1093 D BaseDepthController: setEarlyWakeup: false
10-18 18:54:32.060  1093  1093 D BaseDepthController: shouldBlurWorkspace: false targetState: Normal currentStableState: Normal mCurrentBlur: 0 mLauncher.getDepthBlurTargets(): [com.android.launcher3.Workspace{ec8eec9 V.ED..... ........ 0,0-1080,2400 #7f0a049a app:id/workspace}, com.android.launcher3.Hotseat{cc519ce V.ED..... ........ 0,1905-1080,2400 #7f0a01ed app:id/hotseat}]
10-18 18:54:32.227  1093  1093 D ScalingWorkspaceRevealAnim: onAnimationEnd, workspace and hotseat are visible
10-18 18:54:32.228  1093  1093 V BaseDepthController: Applying blur: 0 to Surface(name=com.google.android.apps.nexuslauncher/com.google.android.apps.nexuslauncher.NexusLauncherActivity#150)/@0x501cc7 applyImmediately: false
10-18 18:54:32.228  1093  1093 D BaseDepthController: shouldBlurWorkspace: false targetState: Normal currentStableState: Normal mCurrentBlur: 0 mLauncher.getDepthBlurTargets(): [com.android.launcher3.Workspace{ec8eec9 V.ED..... ......ID 0,0-1080,2400 #7f0a049a app:id/workspace}, com.android.launcher3.Hotseat{cc519ce V.ED..... ......ID 0,1905-1080,2400 #7f0a01ed app:id/hotseat}]
10-18 18:54:32.230  5264  5286 V WindowManagerShell: Transition animation finished (aborted=false), notifying core (#17) android.os.BinderProxy@4fda983@0
10-18 18:54:32.236   687   710 V WindowManager: Finish Transition (#17): created at 10-18 18:54:31.019 collect-started=0.033ms request-sent=0.127ms started=15.115ms ready=95.815ms sent=101.687ms commit=56.025ms finished=1216.171ms
10-18 18:54:32.238  5264  5286 V WindowManagerShell: Track 0 became idle
10-18 18:54:32.239  5264  5286 V WindowManagerShell: All active transition animations finished
10-18 18:54:32.241  1093  1093 D RecentsView: onTaskRemoved: 21, not handling task stack changes
10-18 18:54:32.246  5264  5286 V ShellTaskOrganizer: Task vanished taskId=21
10-18 18:54:32.246  5264  5286 V ShellTaskOrganizer: Fullscreen Task Vanished: #21
10-18 18:54:32.249   687   923 W ImageReader_JNI: Unable to acquire a buffer item, very likely client tried to acquire more than maxImages buffers
10-18 18:54:32.274  1093  1093 D b/417220811: invalidateLoadedTasks - previous requestLoadId: -1
10-18 18:54:32.289  1093  1093 D RecentsView: onTaskRemoved: 21, not handling task stack changes
10-18 18:54:34.169  1092  1199 D SatelliteController: iisInCarrierRoamingNbIotNtn: satellite is disabled
10-18 18:54:34.171  1092  1199 D SatelliteController: getCarrierRoamingNtnConnectType: Falling back to global carrier config connect type: 0
10-18 18:54:35.251   687  1486 E TaskPersister: File error accessing recents directory (directory doesn't exist?).
10-18 18:54:44.165  1092  1199 D SatelliteController: iisInCarrierRoamingNbIotNtn: satellite is disabled
10-18 18:54:44.170  1092  1199 D SatelliteController: getCarrierRoamingNtnConnectType: Falling back to global carrier config connect type: 0
10-18 18:54:54.170  1092  1199 D SatelliteController: iisInCarrierRoamingNbIotNtn: satellite is disabled
10-18 18:54:54.173  1092  1199 D SatelliteController: getCarrierRoamingNtnConnectType: Falling back to global carrier config connect type: 0
10-18 18:54:59.280   687   785 V WindowManager: DesktopModeLaunchParamsModifier: phase= 0 task=null activity=null display-from-option=0 display-id=0 task-display-area-windowing-mode=1 suggested-display-area=DefaultTaskDisplayArea@151183217 task null, skipping
10-18 18:54:59.289   687   785 V WindowManager: TaskLaunchParamsModifier:phase=0 task=null activity=null display-from-option=0 display-id=0 task-display-area-windowing-mode=1 suggested-display-area=DefaultTaskDisplayArea@151183217
10-18 18:54:59.294   687  1710 W AS.PlaybackActivityMon: No piid assigned for invalid/internal port id 15
10-18 18:54:59.301   687   785 V GrammaticalInflectionUtils: AttributionSource: android.content.AttributionSource@b0d2983 does not have READ_SYSTEM_GRAMMATICAL_GENDER permission.
10-18 18:54:59.306   687   785 V WindowManager: DesktopModeLaunchParamsModifier: phase= 0 task=null activity=ActivityRecord{20189020 u0 com.biohackerjoe.learninghub/.MainActivity display-from-option=0 display-id=0 task-display-area-windowing-mode=1 suggested-display-area=DefaultTaskDisplayArea@151183217 task null, skipping
10-18 18:54:59.307   687   785 V WindowManager: TaskLaunchParamsModifier:phase=0 task=null activity=ActivityRecord{20189020 u0 com.biohackerjoe.learninghub/.MainActivity t-1} display-from-option=0 display-id=0 task-display-area-windowing-mode=1 suggested-display-area=DefaultTaskDisplayArea@151183217
10-18 18:54:59.308   687   785 V WindowManager: DesktopModeLaunchParamsModifier: phase= 3 task=null activity=ActivityRecord{20189020 u0 com.biohackerjoe.learninghub/.MainActivity t-1} display-from-option=0 display-id=0 task-display-area-windowing-mode=1 suggested-display-area=DefaultTaskDisplayArea@151183217 task null, skipping
10-18 18:54:59.308   687   785 V WindowManager: TaskLaunchParamsModifier:phase=3 task=null activity=ActivityRecord{20189020 u0 com.biohackerjoe.learninghub/.MainActivity t-1} display-from-option=0 display-id=0 task-display-area-windowing-mode=1 suggested-display-area=DefaultTaskDisplayArea@151183217 inherit-from-source=fullscreen non-freeform-task-display-area display-area=DefaultTaskDisplayArea@151183217 skip-bounds-fullscreen
10-18 18:54:59.330   528   646 D AudioFlinger: mixer(0xb400007ec16657d0) throttle end: throttle time(31)
10-18 18:54:59.347   687   785 V WindowManager: DesktopModeLaunchParamsModifier: phase= 3 task=Task{3abbb3a #22 type=standard I=com.biohackerjoe.learninghub/.MainActivity} activity=ActivityRecord{20189020 u0 com.biohackerjoe.learninghub/.MainActivity t-1} display-from-option=0 display-id=0 task-display-area-windowing-mode=1 suggested-display-area=DefaultTaskDisplayArea@151183217 not entering desktop mode, skipping
10-18 18:54:59.350   687   785 V WindowManager: TaskLaunchParamsModifier:phase=3 task=Task{3abbb3a #22 type=standard I=com.biohackerjoe.learninghub/.MainActivity} activity=ActivityRecord{20189020 u0 com.biohackerjoe.learninghub/.MainActivity t-1} display-from-option=0 display-id=0 task-display-area-windowing-mode=1 suggested-display-area=DefaultTaskDisplayArea@151183217 inherit-from-source=fullscreen non-freeform-task-display-area display-area=DefaultTaskDisplayArea@151183217 skip-bounds-fullscreen
10-18 18:54:59.357   687   785 I ActivityTaskManager: START u0 {act=android.intent.action.MAIN cat=[android.intent.category.LAUNCHER] flg=0x10200000 xflg=0x4 cmp=com.biohackerjoe.learninghub/.MainActivity bnds=[836,1905][1009,2100]} with LAUNCH_SINGLE_TOP from uid 10182 (com.google.android.apps.nexuslauncher) (sr=49390894) (BAL_ALLOW_VISIBLE_WINDOW) result code=0
10-18 18:54:59.391  1093  1093 D StatsLog: LAUNCHER_APP_LAUNCH_TAP
10-18 18:54:59.396  1093  1093 D StatsLog: LAUNCHER_HOTSEAT_RANKED
10-18 18:54:59.399  5264  5286 V WindowManagerShell: Transition requested (#18): android.os.BinderProxy@ea8a1e2 TransitionRequestInfo { type = OPEN, triggerTask = TaskInfo{userId=0 taskId=22 effectiveUid=10216 displayId=0 isRunning=true baseIntent=Intent { act=android.intent.action.MAIN cat=[android.intent.category.LAUNCHER] flg=0x10200000 cmp=com.biohackerjoe.learninghub/.MainActivity } baseActivity=ComponentInfo{com.biohackerjoe.learninghub/com.biohackerjoe.learninghub.MainActivity} topActivity=ComponentInfo{com.biohackerjoe.learninghub/com.biohackerjoe.learninghub.MainActivity} origActivity=null realActivity=ComponentInfo{com.biohackerjoe.learninghub/com.biohackerjoe.learninghub.MainActivity} numActivities=1 lastActiveTime=13501891 supportsMultiWindow=true resizeMode=1 isResizeable=true minWidth=-1 minHeight=-1 defaultMinSize=220 token=WCT{android.os.BinderProxy@5ebf973} topActivityType=1 pictureInPictureParams=null shouldDockBigOverlays=false launchIntoPipHostTaskId=-1 lastParentTaskIdBeforePip=-1 displayCutoutSafeInsets=Rect(0, 0 - 0, 0) topActivityInfo=ActivityInfo{d6c7030 com.biohackerjoe.learninghub.MainActivity} launchCookies=[android.os.BinderProxy@67a94a9] positionInParent=Point(0, 0) parentTaskId=-1 isFocused=false isVisible=false isVisibleRequested=false isTopActivityNoDisplay=false isSleeping=false locusId=null displayAreaFeatureId=1 isTopActivityTransparent=false isActivityStackTransparent=false lastNonFullscreenBounds=null capturedLink=null capturedLinkTimestamp=0 requestedVisibleTypes=503 topActivityRequestOpenInBrowserEducationTimestamp=0 appCompatTaskInfo=AppCompatTaskInfo { topActivityInSizeCompat=false isLeafTask= true eligibleForLetterboxEducation= false isLetterboxEducationEnabled= true isLetterboxDoubleTapEnabled= false eligibleForUserAspectRatioButton= false topActivityBoundsLetterboxed= false isFromLetterboxDoubleTap= false topActivityLetterboxVerticalPosition= -1 topActivityLetterboxHorizontalPosition= -1 topActivityLetterboxWidth=-1 topActivityLetterboxHeight=-1 topActivityAppBounds=Rect(0, 0 - 1080, 2337) isUserFullscreenOverrideEnabled=false isSystemFullscreenOverrideEnabled=false hasMinAspectRatioOverride=false topActivityLetterboxBounds=null cameraCompatTaskInfo=CameraCompatTaskInfo { cameraCompatMode=inactiveundefined} topNonResizableActivityAspectRatio=-1.0} topActivityMainWindowFrame=null isAppBubble=false}, pipChange = null, remoteTransition = RemoteTransition { remoteTransition = android.window.IRemoteTransition$Stub$Proxy@f32fa2e, appThread = android.app.IApplicationThread$Stub$Proxy@e82b9cf, debugName = QuickstepLaunch }, displayChange = null, requestedLocation = null, userChange = null, flags = 0, debugId = 18 }
10-18 18:54:59.410  5264  5286 D ShellSplitScreen: logExit: no-op, mLoggerSessionId is null
10-18 18:54:59.414  5264  5286 V WindowManagerShell: RemoteTransition directly requested for (#18) android.os.BinderProxy@ea8a1e2: RemoteTransition { remoteTransition = android.window.IRemoteTransition$Stub$Proxy@f32fa2e, appThread = android.app.IApplicationThread$Stub$Proxy@e82b9cf, debugName = QuickstepLaunch }
10-18 18:54:59.414  5264  5286 V WindowManagerShell: Transition (#18): request handled by DefaultMixedHandler
10-18 18:54:59.417  1093  1093 D BaseActivity: Launcher flags updated: [state_started|state_resumed|state_deferred_resumed|state_window_focused] -[state_user_active]
10-18 18:54:59.422  1093  1093 D BaseActivity: Launcher flags updated: [state_started|state_window_focused] -[state_resumed|state_deferred_resumed]
10-18 18:54:59.425   687   713 V GrammaticalInflectionUtils: AttributionSource: android.content.AttributionSource@b0d2983 does not have READ_SYSTEM_GRAMMATICAL_GENDER permission.
10-18 18:54:59.437  1093  1093 W SplitSelectStateCtor: Missing session instanceIds
10-18 18:54:59.437  1093  1093 D StatsLog: LAUNCHER_SPLIT_SELECTION_EXIT_INTERRUPTED
10-18 18:54:59.447  5264  5286 D WindowManagerShell: setLauncherKeepClearAreaHeight: visible=false, height=495
10-18 18:54:59.450  1093  1129 D QuickstepModelDelegate: notifyAppTargetEvent action=1 launchLocation=folder/hotseat/-1/[-1,0]/[1,1]
10-18 18:54:59.455   687  1236 V WindowManager: Defer transition id=18 for TaskFragmentTransaction=android.os.Binder@60a5106
10-18 18:54:59.456   687  1236 V WindowManager: deferTransitionReady deferReadyDepth=1 stack=com.android.server.wm.TransitionController.deferTransitionReady:1052 com.android.server.wm.TaskFragmentOrganizerController$TaskFragmentOrganizerState.dispatchTransaction:536 com.android.server.wm.TaskFragmentOrganizerController.dispatchPendingEvents:1278 com.android.server.wm.TaskFragmentOrganizerController.dispatchPendingEvents:1247 com.android.server.wm.RootWindowContainer.performSurfacePlacement:777 
10-18 18:54:59.472  1093  1093 D RecentsView: onTaskDisplayChanged: 22, new displayId = 0
10-18 18:54:59.474   533   623 I libbinder.BpBinder: onLastStrongRef automatically unlinking death recipients for descriptor: '(not cached)'
10-18 18:54:59.478  1093  1093 D b/417220811: invalidateLoadedTasks - previous requestLoadId: -1
10-18 18:54:59.480  1093  1093 D b/417220811: invalidateLoadedTasks - previous requestLoadId: -1
10-18 18:54:59.504  5264  5294 D WindowOnBackDispatcher: setTopOnBackInvokedCallback (unwrapped): android.view.ViewRootImpl$$ExternalSyntheticLambda12@2e84ade
10-18 18:54:59.518   687   785 V WindowManager: Continue transition id=18 for TaskFragmentTransaction=android.os.Binder@60a5106
10-18 18:54:59.518   687   785 V WindowManager: continueTransitionReady deferReadyDepth=0 stack=com.android.server.wm.TransitionController.continueTransitionReady:1062 com.android.server.wm.TaskFragmentOrganizerController$TaskFragmentOrganizerState.onTransactionFinished:565 com.android.server.wm.TaskFragmentOrganizerController.onTransactionHandled:759 android.window.ITaskFragmentOrganizerController$Stub.onTransact:225 android.os.Binder.execTransactInternal:1473 
10-18 18:54:59.549   687  2290 W AS.PlaybackActivityMon: No piid assigned for invalid/internal port id 15
10-18 18:54:59.552   687  2289 D CoreBackPreview: Window{4a0edf4 u0 Splash Screen com.biohackerjoe.learninghub}: Setting back callback OnBackInvokedCallbackInfo{mCallback=android.window.IOnBackInvokedCallback$Stub$Proxy@56a7792, mPriority=0, mIsAnimationCallback=false, mOverrideBehavior=0}
10-18 18:54:59.560   687   902 D BackgroundInstallControlService: Package event received: 0
10-18 18:54:59.584   466   466 D Zygote  : Forked child process 6506
10-18 18:54:59.598   687   721 W ActivityManager: Slow operation: 173ms so far, now at startProcess: returned from zygote!
10-18 18:54:59.601   687   721 W ActivityManager: Slow operation: 176ms so far, now at startProcess: done updating battery stats
10-18 18:54:59.602   687   721 W ActivityManager: Slow operation: 176ms so far, now at startProcess: building log message
10-18 18:54:59.602   687   721 I ActivityManager: Start proc 6506:com.biohackerjoe.learninghub/u0a216 for next-top-activity {com.biohackerjoe.learninghub/com.biohackerjoe.learninghub.MainActivity}
10-18 18:54:59.602   687   721 W ActivityManager: Slow operation: 177ms so far, now at startProcess: starting to update pids map
10-18 18:54:59.630   687   721 W ActivityManager: Slow operation: 205ms so far, now at startProcess: done updating pids map
10-18 18:54:59.634  6506  6506 I Zygote  : Process 6506 created for com.biohackerjoe.learninghub
10-18 18:54:59.637  6506  6506 I joe.learninghub: Late-enabling -Xcheck:jni
10-18 18:54:59.645  1093  1093 D b/417220811: invalidateLoadedTasks - previous requestLoadId: -1
10-18 18:54:59.646  1093  1093 D BaseActivity: Launcher flags updated: [state_started] -[state_window_focused]
10-18 18:54:59.716  6506  6506 I joe.learninghub: Using CollectorTypeCMC GC.
10-18 18:54:59.724   538   563 I adbd    : jdwp connection from 6506
10-18 18:54:59.756   687   711 W Looper  : Slow dispatch took 292ms android.ui app=system_server main=false group=TOP_APP h=com.android.server.am.ActivityManagerService$UiHandler c=com.android.server.am.UidObserverController$$ExternalSyntheticLambda0@a9f2f14 m=0
10-18 18:54:59.760   566   679 W libbinder.IPCThreadState: Sending oneway calls to frozen process.
10-18 18:54:59.761   566   679 W libbinder.IPCThreadState: Sending oneway calls to frozen process.
10-18 18:54:59.773  5264  6504 V WindowManagerShell: onTransitionReady(transaction=2950642534269)
10-18 18:54:59.788  6506  6506 D nativeloader: Load libframework-connectivity-tiramisu-jni.so using APEX ns com_android_tethering for caller /apex/com.android.tethering/javalib/framework-connectivity-t.jar: ok
10-18 18:54:59.796   687   710 V WindowManager: Sent Transition (#18) createdAt=10-18 18:54:59.303 via request=TransitionRequestInfo { type = OPEN, triggerTask = TaskInfo{userId=0 taskId=22 effectiveUid=10216 displayId=0 isRunning=true baseIntent=Intent { act=android.intent.action.MAIN cat=[android.intent.category.LAUNCHER] flg=0x10200000 cmp=com.biohackerjoe.learninghub/.MainActivity } baseActivity=ComponentInfo{com.biohackerjoe.learninghub/com.biohackerjoe.learninghub.MainActivity} topActivity=ComponentInfo{com.biohackerjoe.learninghub/com.biohackerjoe.learninghub.MainActivity} origActivity=null realActivity=ComponentInfo{com.biohackerjoe.learninghub/com.biohackerjoe.learninghub.MainActivity} numActivities=1 lastActiveTime=13501891 supportsMultiWindow=true resizeMode=1 isResizeable=true minWidth=-1 minHeight=-1 defaultMinSize=220 token=WCT{RemoteToken{cc8078c Task{3abbb3a #22 type=standard I=com.biohackerjoe.learninghub/.MainActivity}}} topActivityType=1 pictureInPictureParams=null shouldDockBigOverlays=false launchIntoPipHostTaskId=-1 lastParentTaskIdBeforePip=-1 displayCutoutSafeInsets=Rect(0, 0 - 0, 0) topActivityInfo=ActivityInfo{5c00ed5 com.biohackerjoe.learninghub.MainActivity} launchCookies=[android.os.BinderProxy@50966ea] positionInParent=Point(0, 0) parentTaskId=-1 isFocused=false isVisible=false isVisibleRequested=false isTopActivityNoDisplay=false isSleeping=false locusId=null displayAreaFeatureId=1 isTopActivityTransparent=false isActivityStackTransparent=false lastNonFullscreenBounds=null capturedLink=null capturedLinkTimestamp=0 requestedVisibleTypes=503 topActivityRequestOpenInBrowserEducationTimestamp=0 appCompatTaskInfo=AppCompatTaskInfo { topActivityInSizeCompat=false isLeafTask= true eligibleForLetterboxEducation= false isLetterboxEducationEnabled= true isLetterboxDoubleTapEnabled= false eligibleForUserAspectRatioButton= false topActivityBoundsLetterboxed= false isFromLetterboxDoubleTap= false topActivityLetterboxVerticalPosition= -1 topActivityLetterboxHorizontalPosition= -1 topActivityLetterboxWidth=-1 topActivityLetterboxHeight=-1 topActivityAppBounds=Rect(0, 0 - 1080, 2337) isUserFullscreenOverrideEnabled=false isSystemFullscreenOverrideEnabled=false hasMinAspectRatioOverride=false topActivityLetterboxBounds=null cameraCompatTaskInfo=CameraCompatTaskInfo { cameraCompatMode=inactiveundefined} topNonResizableActivityAspectRatio=-1.0} topActivityMainWindowFrame=null isAppBubble=false}, pipChange = null, remoteTransition = RemoteTransition { remoteTransition = android.window.IRemoteTransition$Stub$Proxy@5584ddb, appThread = android.app.IApplicationThread$Stub$Proxy@b41078, debugName = QuickstepLaunch }, displayChange = null, requestedLocation = null, userChange = null, flags = 0, debugId = 18 }
10-18 18:54:59.796   687   710 V WindowManager:     startWCT=WindowContainerTransaction { changes= {} hops= [] errorCallbackToken=null taskFragmentOrganizer=null }
10-18 18:54:59.796   687   710 V WindowManager:     info={id=18 t=OPEN f=0x0 trk=0 r=[0@Point(0, 0)] c=[
10-18 18:54:59.796   687   710 V WindowManager:         {WCT{RemoteToken{cc8078c Task{3abbb3a #22 type=standard I=com.biohackerjoe.learninghub/.MainActivity}}} m=OPEN f=NONE leash=Surface(name=Task=22#269)/@0x6d8f560 sb=Rect(0, 0 - 1080, 2400) eb=Rect(0, 0 - 1080, 2400) epz=Point(1080, 2400) d=0 taskParent=-1 winMode=1 userId=0},
10-18 18:54:59.796   687   710 V WindowManager:         {WCT{RemoteToken{380f8a5 Task{185bbd3 #1 type=home}}} m=TO_BACK f=SHOW_WALLPAPER leash=Surface(name=Task=1#122)/@0x5b27837 sb=Rect(0, 0 - 1080, 2400) eb=Rect(0, 0 - 1080, 2400) epz=Point(1080, 2400) d=0 taskParent=-1 winMode=1 userId=0},
10-18 18:54:59.796   687   710 V WindowManager:         {m=TO_BACK f=IS_WALLPAPER leash=Surface(name=WallpaperWindowToken{e0df7d2}#69)/@0x85eaf6e sb=Rect(0, 0 - 1080, 2400) eb=Rect(0, 0 - 1080, 2400) epz=Point(1080, 2400) d=0}
10-18 18:54:59.796   687   710 V WindowManager:     ]}
10-18 18:54:59.811  5264  5286 V ShellTaskOrganizer: Task appeared taskId=22 listener=FullscreenTaskListener
10-18 18:54:59.812  5264  5286 V ShellTaskOrganizer: Fullscreen Task Appeared: #22
10-18 18:54:59.813  5264  5286 V WindowManagerShell: onTransitionReady (#18) android.os.BinderProxy@ea8a1e2: {id=18 t=OPEN f=0x0 trk=0 r=[0@Point(0, 0)] c=[
10-18 18:54:59.813  5264  5286 V WindowManagerShell:         {m=OPEN f=NONE leash=Surface(name=Task=22#269)/@0x772d351 sb=Rect(0, 0 - 1080, 2400) eb=Rect(0, 0 - 1080, 2400) epz=Point(1080, 2400) d=0 taskParent=-1 winMode=1 userId=0},
10-18 18:54:59.813  5264  5286 V WindowManagerShell:         {m=TO_BACK f=SHOW_WALLPAPER leash=Surface(name=Task=1#122)/@0x9ecd7b6 sb=Rect(0, 0 - 1080, 2400) eb=Rect(0, 0 - 1080, 2400) epz=Point(1080, 2400) d=0 taskParent=-1 winMode=1 userId=0},
10-18 18:54:59.813  5264  5286 V WindowManagerShell:         {m=TO_BACK f=IS_WALLPAPER leash=Surface(name=WallpaperWindowToken{e0df7d2}#69)/@0x557cb7 sb=Rect(0, 0 - 1080, 2400) eb=Rect(0, 0 - 1080, 2400) epz=Point(1080, 2400) d=0}
10-18 18:54:59.813  5264  5286 V WindowManagerShell:     ]}
10-18 18:54:59.814  1093  1093 D b/417220811: invalidateLoadedTasks - previous requestLoadId: -1
10-18 18:54:59.817  5264  5286 V WindowManagerShell: Playing animation for (#18) android.os.BinderProxy@ea8a1e2@0
10-18 18:54:59.819  5264  5286 V WindowManagerShell:  try firstHandler com.android.wm.shell.transition.DefaultMixedHandler@34e0a01
10-18 18:54:59.820  5264  5286 V WindowManagerShell: Mixed transition for opening an intent with a remote transition and PIP or Desktop #18
10-18 18:54:59.820  5264  5286 V WindowManagerShell: tryAnimateOpenIntentWithRemoteAndPipOrDesktop
10-18 18:54:59.820  5264  5286 V WindowManagerShell:  Delegate animation for (#18) to RemoteTransition { remoteTransition = android.window.IRemoteTransition$Stub$Proxy@f32fa2e, appThread = android.app.IApplicationThread$Stub$Proxy@e82b9cf, debugName = QuickstepLaunch }
10-18 18:54:59.824  5264  5286 V WindowManagerShell:  animated by firstHandler
10-18 18:54:59.892   490   526 I RanchuHwc: logCompositionFallbackIfChanged: layer 40 CompositionType fallback from 2 to 1
10-18 18:54:59.892   490   526 I RanchuHwc: logCompositionFallbackIfChanged: layer 41 CompositionType fallback from 2 to 1
10-18 18:54:59.951   687   902 D BackgroundInstallControlService: Package event received: 0
10-18 18:54:59.975   687   787 W JobScheduler.JobStatus: Exempted app com.google.android.as considered buggy
10-18 18:54:59.985   687   787 W JobScheduler.JobStatus: Exempted app com.google.android.as considered buggy
10-18 18:54:59.985   687   787 W JobScheduler.JobStatus: Exempted app com.google.android.as considered buggy
10-18 18:54:59.985   687   787 W JobScheduler.JobStatus: Exempted app com.google.android.as considered buggy
10-18 18:54:59.985   687   787 W JobScheduler.JobStatus: Exempted app com.google.android.as considered buggy
10-18 18:54:59.985   687   787 W JobScheduler.JobStatus: Exempted app com.google.android.as considered buggy
10-18 18:54:59.985   687   787 W JobScheduler.JobStatus: Exempted app com.google.android.as considered buggy
